Archive member included to satisfy reference by file (symbol)

/opt/riscv32-unknown-elf-rv32im/lib/gcc/riscv32-unknown-elf/6.1.0/libgcc.a(_divdi3.o)
                              ./lib/syscalls.o (__divdi3)
/opt/riscv32-unknown-elf-rv32im/lib/gcc/riscv32-unknown-elf/6.1.0/libgcc.a(_moddi3.o)
                              ./lib/syscalls.o (__moddi3)
/opt/riscv32-unknown-elf-rv32im/lib/gcc/riscv32-unknown-elf/6.1.0/libgcc.a(_clz.o)
                              /opt/riscv32-unknown-elf-rv32im/lib/gcc/riscv32-unknown-elf/6.1.0/libgcc.a(_divdi3.o) (__clz_tab)
/opt/riscv32-unknown-elf-rv32im/lib/gcc/riscv32-unknown-elf/6.1.0/../../../../riscv32-unknown-elf/lib/libc.a(lib_a-atexit.o)
                              /opt/riscv32-unknown-elf-rv32im/lib/gcc/riscv32-unknown-elf/6.1.0/../../../../riscv32-unknown-elf/lib/crt0.o (atexit)
/opt/riscv32-unknown-elf-rv32im/lib/gcc/riscv32-unknown-elf/6.1.0/../../../../riscv32-unknown-elf/lib/libc.a(lib_a-exit.o)
                              /opt/riscv32-unknown-elf-rv32im/lib/gcc/riscv32-unknown-elf/6.1.0/../../../../riscv32-unknown-elf/lib/crt0.o (exit)
/opt/riscv32-unknown-elf-rv32im/lib/gcc/riscv32-unknown-elf/6.1.0/../../../../riscv32-unknown-elf/lib/libc.a(lib_a-fini.o)
                              /opt/riscv32-unknown-elf-rv32im/lib/gcc/riscv32-unknown-elf/6.1.0/../../../../riscv32-unknown-elf/lib/crt0.o (__libc_fini_array)
/opt/riscv32-unknown-elf-rv32im/lib/gcc/riscv32-unknown-elf/6.1.0/../../../../riscv32-unknown-elf/lib/libc.a(lib_a-impure.o)
                              /opt/riscv32-unknown-elf-rv32im/lib/gcc/riscv32-unknown-elf/6.1.0/../../../../riscv32-unknown-elf/lib/libc.a(lib_a-exit.o) (_global_impure_ptr)
/opt/riscv32-unknown-elf-rv32im/lib/gcc/riscv32-unknown-elf/6.1.0/../../../../riscv32-unknown-elf/lib/libc.a(lib_a-init.o)
                              /opt/riscv32-unknown-elf-rv32im/lib/gcc/riscv32-unknown-elf/6.1.0/../../../../riscv32-unknown-elf/lib/crt0.o (__libc_init_array)
/opt/riscv32-unknown-elf-rv32im/lib/gcc/riscv32-unknown-elf/6.1.0/../../../../riscv32-unknown-elf/lib/libc.a(lib_a-memset.o)
                              /opt/riscv32-unknown-elf-rv32im/lib/gcc/riscv32-unknown-elf/6.1.0/../../../../riscv32-unknown-elf/lib/crt0.o (memset)
/opt/riscv32-unknown-elf-rv32im/lib/gcc/riscv32-unknown-elf/6.1.0/../../../../riscv32-unknown-elf/lib/libc.a(lib_a-puts.o)
                              /tmp/cc6eR0Ww.o (puts)
/opt/riscv32-unknown-elf-rv32im/lib/gcc/riscv32-unknown-elf/6.1.0/../../../../riscv32-unknown-elf/lib/libc.a(lib_a-strlen.o)
                              /opt/riscv32-unknown-elf-rv32im/lib/gcc/riscv32-unknown-elf/6.1.0/../../../../riscv32-unknown-elf/lib/libc.a(lib_a-puts.o) (strlen)
/opt/riscv32-unknown-elf-rv32im/lib/gcc/riscv32-unknown-elf/6.1.0/../../../../riscv32-unknown-elf/lib/libc.a(lib_a-__atexit.o)
                              /opt/riscv32-unknown-elf-rv32im/lib/gcc/riscv32-unknown-elf/6.1.0/../../../../riscv32-unknown-elf/lib/libc.a(lib_a-atexit.o) (__register_exitproc)
/opt/riscv32-unknown-elf-rv32im/lib/gcc/riscv32-unknown-elf/6.1.0/../../../../riscv32-unknown-elf/lib/libc.a(lib_a-__call_atexit.o)
                              /opt/riscv32-unknown-elf-rv32im/lib/gcc/riscv32-unknown-elf/6.1.0/../../../../riscv32-unknown-elf/lib/libc.a(lib_a-exit.o) (__call_exitprocs)
/opt/riscv32-unknown-elf-rv32im/lib/gcc/riscv32-unknown-elf/6.1.0/../../../../riscv32-unknown-elf/lib/libc.a(lib_a-findfp.o)
                              /opt/riscv32-unknown-elf-rv32im/lib/gcc/riscv32-unknown-elf/6.1.0/../../../../riscv32-unknown-elf/lib/libc.a(lib_a-puts.o) (__sinit)
/opt/riscv32-unknown-elf-rv32im/lib/gcc/riscv32-unknown-elf/6.1.0/../../../../riscv32-unknown-elf/lib/libc.a(lib_a-fvwrite.o)
                              /opt/riscv32-unknown-elf-rv32im/lib/gcc/riscv32-unknown-elf/6.1.0/../../../../riscv32-unknown-elf/lib/libc.a(lib_a-puts.o) (__sfvwrite_r)
/opt/riscv32-unknown-elf-rv32im/lib/gcc/riscv32-unknown-elf/6.1.0/../../../../riscv32-unknown-elf/lib/libc.a(lib_a-fwalk.o)
                              /opt/riscv32-unknown-elf-rv32im/lib/gcc/riscv32-unknown-elf/6.1.0/../../../../riscv32-unknown-elf/lib/libc.a(lib_a-findfp.o) (_fwalk)
/opt/riscv32-unknown-elf-rv32im/lib/gcc/riscv32-unknown-elf/6.1.0/../../../../riscv32-unknown-elf/lib/libc.a(lib_a-mallocr.o)
                              /opt/riscv32-unknown-elf-rv32im/lib/gcc/riscv32-unknown-elf/6.1.0/../../../../riscv32-unknown-elf/lib/libc.a(lib_a-findfp.o) (_malloc_r)
/opt/riscv32-unknown-elf-rv32im/lib/gcc/riscv32-unknown-elf/6.1.0/../../../../riscv32-unknown-elf/lib/libc.a(lib_a-memchr.o)
                              /opt/riscv32-unknown-elf-rv32im/lib/gcc/riscv32-unknown-elf/6.1.0/../../../../riscv32-unknown-elf/lib/libc.a(lib_a-fvwrite.o) (memchr)
/opt/riscv32-unknown-elf-rv32im/lib/gcc/riscv32-unknown-elf/6.1.0/../../../../riscv32-unknown-elf/lib/libc.a(lib_a-memcpy.o)
[...]
Memory Configuration

Name             Origin             Length             Attributes
*default*        0x0000000000000000 0xffffffffffffffff

Linker script and memory map

LOAD ./lib/syscalls.o
LOAD ./lib/riscv_counters.o
LOAD ./lib/ns16550.o
LOAD /tmp/cc6eR0Ww.o
LOAD /opt/riscv32-unknown-elf-rv32im/lib/gcc/riscv32-unknown-elf/6.1.0/../../../../riscv32-unknown-elf/lib/libm.a
LOAD /opt/riscv32-unknown-elf-rv32im/lib/gcc/riscv32-unknown-elf/6.1.0/libgcc.a
LOAD /opt/riscv32-unknown-elf-rv32im/lib/gcc/riscv32-unknown-elf/6.1.0/../../../../riscv32-unknown-elf/lib/libnosys.a
LOAD /opt/riscv32-unknown-elf-rv32im/lib/gcc/riscv32-unknown-elf/6.1.0/libgcc.a
START GROUP
LOAD /opt/riscv32-unknown-elf-rv32im/lib/gcc/riscv32-unknown-elf/6.1.0/libgcc.a
LOAD /opt/riscv32-unknown-elf-rv32im/lib/gcc/riscv32-unknown-elf/6.1.0/../../../../riscv32-unknown-elf/lib/libc.a
LOAD /opt/riscv32-unknown-elf-rv32im/lib/gcc/riscv32-unknown-elf/6.1.0/../../../../riscv32-unknown-elf/lib/libnosys.a
END GROUP
LOAD /opt/riscv32-unknown-elf-rv32im/lib/gcc/riscv32-unknown-elf/6.1.0/crtend.o
                [!provide]                        PROVIDE (__executable_start, SEGMENT_START ("text-segment", 0x10000))
                0x0000000000010094                . = (SEGMENT_START ("text-segment", 0x10000) + SIZEOF_HEADERS)

.interp
 *(.interp)

.note.gnu.build-id
 *(.note.gnu.build-id)

.hash
 *(.hash)

.gnu.hash
 *(.gnu.hash)

.dynsym
 *(.dynsym)

.dynstr
 *(.dynstr)

.gnu.version
 *(.gnu.version)

.gnu.version_d
 *(.gnu.version_d)

.gnu.version_r
 *(.gnu.version_r)

.rela.dyn       0x0000000000010094        0x0
 *(.rela.init)
 *(.rela.text .rela.text.* .rela.gnu.linkonce.t.*)
 .rela.text     0x0000000000010094        0x0 /opt/riscv32-unknown-elf-rv32im/lib/gcc/riscv32-unknown-elf/6.1.0/../../../../riscv32-unknown-elf/lib/crt0.o
 *(.rela.fini)
 *(.rela.rodata .rela.rodata.* .rela.gnu.linkonce.r.*)
 *(.rela.data .rela.data.* .rela.gnu.linkonce.d.*)
 *(.rela.tdata .rela.tdata.* .rela.gnu.linkonce.td.*)
 *(.rela.tbss .rela.tbss.* .rela.gnu.linkonce.tb.*)
 *(.rela.ctors)
 *(.rela.dtors)
 *(.rela.got)
 *(.rela.sdata .rela.sdata.* .rela.gnu.linkonce.s.*)
 *(.rela.sbss .rela.sbss.* .rela.gnu.linkonce.sb.*)
 *(.rela.sdata2 .rela.sdata2.* .rela.gnu.linkonce.s2.*)
 *(.rela.sbss2 .rela.sbss2.* .rela.gnu.linkonce.sb2.*)
 *(.rela.bss .rela.bss.* .rela.gnu.linkonce.b.*)
                [!provide]                        PROVIDE (__rela_iplt_start, .)
 *(.rela.iplt)
                [!provide]                        PROVIDE (__rela_iplt_end, .)

.rela.plt
 *(.rela.plt)

.init
 *(SORT(.init))

.plt
 *(.plt)

.iplt
 *(.iplt)

.text           0x0000000000010094     0x3fa0
 *(.text.unlikely .text.*_unlikely .text.unlikely.*)
 *(.text.exit .text.exit.*)
 *(.text.startup .text.startup.*)
 *(.text.hot .text.hot.*)
 *(.text .stub .text.* .gnu.linkonce.t.*)
 .text          0x0000000000010094       0x4c /opt/riscv32-unknown-elf-rv32im/lib/gcc/riscv32-unknown-elf/6.1.0/../../../../riscv32-unknown-elf/lib/crt0.o
                0x0000000000010094                _start
                0x00000000000100dc                _init
                0x00000000000100dc                _fini
 .text          0x00000000000100e0      0x118 /opt/riscv32-unknown-elf-rv32im/lib/gcc/riscv32-unknown-elf/6.1.0/crtbegin.o
 .text          0x00000000000101f8      0x290 ./lib/syscalls.o
                0x00000000000101f8                read
                0x00000000000102b4                write
                0x0000000000010320                gettimeofday
                0x0000000000010414                sleep
 .text          0x0000000000010488       0x9c ./lib/riscv_counters.o
                0x0000000000010488                read_cycle
                0x00000000000104bc                read_time
                0x00000000000104f0                read_instret
 .text          0x0000000000010524      0x1e4 ./lib/ns16550.o
                0x00000000000105fc                ns16550_rxready
                0x0000000000010634                ns16550_rxchar
                0x000000000001067c                ns16550_txchar
                0x00000000000106d0                ns16550_flush
 .text          0x0000000000010708       0x40 /tmp/cc6eR0Ww.o
                0x0000000000010708                main
 .text          0x0000000000010748      0x4c0 /opt/riscv32-unknown-elf-rv32im/lib/gcc/riscv32-unknown-elf/6.1.0/libgcc.a(_divdi3.o)
                0x0000000000010748                __divdi3
 .text          0x0000000000010c08      0x474 /opt/riscv32-unknown-elf-rv32im/lib/gcc/riscv32-unknown-elf/6.1.0/libgcc.a(_moddi3.o)
                0x0000000000010c08                __moddi3
 .text          0x000000000001107c        0x0 /opt/riscv32-unknown-elf-rv32im/lib/gcc/riscv32-unknown-elf/6.1.0/libgcc.a(_clz.o)
 .text          0x000000000001107c       0x14 /opt/riscv32-unknown-elf-rv32im/lib/gcc/riscv32-unknown-elf/6.1.0/../../../../riscv32-unknown-elf/lib/libc.a(lib_a-atexit.o)
                0x000000000001107c                atexit
 .text          0x0000000000011090       0x34 /opt/riscv32-unknown-elf-rv32im/lib/gcc/riscv32-unknown-elf/6.1.0/../../../../riscv32-unknown-elf/lib/libc.a(lib_a-exit.o)
                0x0000000000011090                exit
 .text          0x00000000000110c4       0x60 /opt/riscv32-unknown-elf-rv32im/lib/gcc/riscv32-unknown-elf/6.1.0/../../../../riscv32-unknown-elf/lib/libc.a(lib_a-fini.o)
                0x00000000000110c4                __libc_fini_array
 .text          0x0000000000011124        0x0 /opt/riscv32-unknown-elf-rv32im/lib/gcc/riscv32-unknown-elf/6.1.0/../../../../riscv32-unknown-elf/lib/libc.a(lib_a-impure.o)
 .text          0x0000000000011124       0xa0 /opt/riscv32-unknown-elf-rv32im/lib/gcc/riscv32-unknown-elf/6.1.0/../../../../riscv32-unknown-elf/lib/libc.a(lib_a-init.o)
                0x0000000000011124                __libc_init_array
 .text          0x00000000000111c4       0xdc /opt/riscv32-unknown-elf-rv32im/lib/gcc/riscv32-unknown-elf/6.1.0/../../../../riscv32-unknown-elf/lib/libc.a(lib_a-memset.o)
                0x00000000000111c4                memset
 .text          0x00000000000112a0       0xd4 /opt/riscv32-unknown-elf-rv32im/lib/gcc/riscv32-unknown-elf/6.1.0/../../../../riscv32-unknown-elf/lib/libc.a(lib_a-puts.o)
                0x00000000000112a0                _puts_r
                0x0000000000011368                puts
 .text          0x0000000000011374       0x98 /opt/riscv32-unknown-elf-rv32im/lib/gcc/riscv32-unknown-elf/6.1.0/../../../../riscv32-unknown-elf/lib/libc.a(lib_a-strlen.o)
                0x0000000000011374                strlen
 .text          0x000000000001140c       0x9c /opt/riscv32-unknown-elf-rv32im/lib/gcc/riscv32-unknown-elf/6.1.0/../../../../riscv32-unknown-elf/lib/libc.a(lib_a-__atexit.o)
                0x000000000001140c                __register_exitproc
 .text          0x00000000000114a8      0x12c /opt/riscv32-unknown-elf-rv32im/lib/gcc/riscv32-unknown-elf/6.1.0/../../../../riscv32-unknown-elf/lib/libc.a(lib_a-__call_atexit.o)
                0x00000000000114a8                __call_exitprocs
 .text          0x00000000000115d4      0x380 /opt/riscv32-unknown-elf-rv32im/lib/gcc/riscv32-unknown-elf/6.1.0/../../../../riscv32-unknown-elf/lib/libc.a(lib_a-findfp.o)
                0x00000000000115dc                _cleanup_r
                0x0000000000011780                __sfmoreglue
                0x00000000000117ec                __sfp
                0x0000000000011900                _cleanup
                0x0000000000011914                __sinit
                0x0000000000011924                __sfp_lock_acquire
                0x0000000000011928                __sfp_lock_release
                0x000000000001192c                __sinit_lock_acquire
                0x0000000000011930                __sinit_lock_release
                0x0000000000011934                __fp_lock_all
                0x0000000000011944                __fp_unlock_all
 .text          0x0000000000011954      0x4a4 /opt/riscv32-unknown-elf-rv32im/lib/gcc/riscv32-unknown-elf/6.1.0/../../../../riscv32-unknown-elf/lib/libc.a(lib_a-fvwrite.o)
                0x0000000000011954                __sfvwrite_r
 .text          0x0000000000011df8      0x170 /opt/riscv32-unknown-elf-rv32im/lib/gcc/riscv32-unknown-elf/6.1.0/../../../../riscv32-unknown-elf/lib/libc.a(lib_a-fwalk.o)
                0x0000000000011df8                _fwalk
                0x0000000000011ea8                _fwalk_reent
 .text          0x0000000000011f68      0x734 /opt/riscv32-unknown-elf-rv32im/lib/gcc/riscv32-unknown-elf/6.1.0/../../../../riscv32-unknown-elf/lib/libc.a(lib_a-mallocr.o)
                0x0000000000011f68                _malloc_r
 .text          0x000000000001269c       0xdc /opt/riscv32-unknown-elf-rv32im/lib/gcc/riscv32-unknown-elf/6.1.0/../../../../riscv32-unknown-elf/lib/libc.a(lib_a-memchr.o)
                0x000000000001269c                memchr
 .text          0x0000000000012778      0x11c /opt/riscv32-unknown-elf-rv32im/lib/gcc/riscv32-unknown-elf/6.1.0/../../../../riscv32-unknown-elf/lib/libc.a(lib_a-memcpy.o)
                0x0000000000012778                memcpy
 .text          0x0000000000012894      0x11c /opt/riscv32-unknown-elf-rv32im/lib/gcc/riscv32-unknown-elf/6.1.0/../../../../riscv32-unknown-elf/lib/libc.a(lib_a-memmove.o)
                0x0000000000012894                memmove
 .text          0x00000000000129b0        0x8 /opt/riscv32-unknown-elf-rv32im/lib/gcc/riscv32-unknown-elf/6.1.0/../../../../riscv32-unknown-elf/lib/libc.a(lib_a-mlock.o)
                0x00000000000129b0                __malloc_lock
                0x00000000000129b4                __malloc_unlock
 .text          0x00000000000129b8      0x540 /opt/riscv32-unknown-elf-rv32im/lib/gcc/riscv32-unknown-elf/6.1.0/../../../../riscv32-unknown-elf/lib/libc.a(lib_a-reallocr.o)
                0x00000000000129b8                _realloc_r
 .text          0x0000000000012ef8       0x5c /opt/riscv32-unknown-elf-rv32im/lib/gcc/riscv32-unknown-elf/6.1.0/../../../../riscv32-unknown-elf/lib/libc.a(lib_a-sbrkr.o)
                0x0000000000012ef8                _sbrk_r
 .text          0x0000000000012f54      0x164 /opt/riscv32-unknown-elf-rv32im/lib/gcc/riscv32-unknown-elf/6.1.0/../../../../riscv32-unknown-elf/lib/libc.a(lib_a-stdio.o)
                0x0000000000012f54                __sread
                0x0000000000012fb0                __seofread
                0x0000000000012fb8                __swrite
                0x000000000001303c                __sseek
                0x00000000000130b0                __sclose
 .text          0x00000000000130b8       0x68 /opt/riscv32-unknown-elf-rv32im/lib/gcc/riscv32-unknown-elf/6.1.0/../../../../riscv32-unknown-elf/lib/libc.a(lib_a-writer.o)
                0x00000000000130b8                _write_r
 .text          0x0000000000013120      0x154 /opt/riscv32-unknown-elf-rv32im/lib/gcc/riscv32-unknown-elf/6.1.0/../../../../riscv32-unknown-elf/lib/libc.a(lib_a-wsetup.o)
                0x0000000000013120                __swsetup_r
 .text          0x0000000000013274       0x5c /opt/riscv32-unknown-elf-rv32im/lib/gcc/riscv32-unknown-elf/6.1.0/../../../../riscv32-unknown-elf/lib/libc.a(lib_a-closer.o)
                0x0000000000013274                _close_r
 .text          0x00000000000132d0      0x10c /opt/riscv32-unknown-elf-rv32im/lib/gcc/riscv32-unknown-elf/6.1.0/../../../../riscv32-unknown-elf/lib/libc.a(lib_a-fclose.o)
                0x00000000000132d0                _fclose_r
                0x00000000000133d0                fclose
 .text          0x00000000000133dc      0x314 /opt/riscv32-unknown-elf-rv32im/lib/gcc/riscv32-unknown-elf/6.1.0/../../../../riscv32-unknown-elf/lib/libc.a(lib_a-fflush.o)
                0x00000000000133dc                __sflush_r
                0x0000000000013670                _fflush_r
                0x00000000000136cc                fflush
 .text          0x00000000000136f0      0x424 /opt/riscv32-unknown-elf-rv32im/lib/gcc/riscv32-unknown-elf/6.1.0/../../../../riscv32-unknown-elf/lib/libc.a(lib_a-freer.o)
                0x00000000000136f0                _malloc_trim_r
                0x0000000000013820                _free_r
 .text          0x0000000000013b14       0x68 /opt/riscv32-unknown-elf-rv32im/lib/gcc/riscv32-unknown-elf/6.1.0/../../../../riscv32-unknown-elf/lib/libc.a(lib_a-lseekr.o)
                0x0000000000013b14                _lseek_r
 .text          0x0000000000013b7c      0x1d8 /opt/riscv32-unknown-elf-rv32im/lib/gcc/riscv32-unknown-elf/6.1.0/../../../../riscv32-unknown-elf/lib/libc.a(lib_a-makebuf.o)
                0x0000000000013b7c                __swhatbuf_r
                0x0000000000013c4c                __smakebuf_r
 .text          0x0000000000013d54       0x68 /opt/riscv32-unknown-elf-rv32im/lib/gcc/riscv32-unknown-elf/6.1.0/../../../../riscv32-unknown-elf/lib/libc.a(lib_a-readr.o)
                0x0000000000013d54                _read_r
 .text          0x0000000000013dbc      0x148 /opt/riscv32-unknown-elf-rv32im/lib/gcc/riscv32-unknown-elf/6.1.0/../../../../riscv32-unknown-elf/lib/libc.a(lib_a-reent.o)
                0x0000000000013dbc                cleanup_glue
                0x0000000000013dfc                _reclaim_reent
 .text          0x0000000000013f04       0x64 /opt/riscv32-unknown-elf-rv32im/lib/gcc/riscv32-unknown-elf/6.1.0/../../../../riscv32-unknown-elf/lib/libc.a(lib_a-fstatr.o)
                0x0000000000013f04                _fstat_r
 .text          0x0000000000013f68       0x5c /opt/riscv32-unknown-elf-rv32im/lib/gcc/riscv32-unknown-elf/6.1.0/../../../../riscv32-unknown-elf/lib/libc.a(lib_a-isattyr.o)
                0x0000000000013f68                _isatty_r
 .text          0x0000000000013fc4       0x10 /opt/riscv32-unknown-elf-rv32im/lib/gcc/riscv32-unknown-elf/6.1.0/../../../../riscv32-unknown-elf/lib/libnosys.a(close.o)
                0x0000000000013fc4                close
 .text          0x0000000000013fd4       0x10 /opt/riscv32-unknown-elf-rv32im/lib/gcc/riscv32-unknown-elf/6.1.0/../../../../riscv32-unknown-elf/lib/libnosys.a(fstat.o)
                0x0000000000013fd4                fstat
 .text          0x0000000000013fe4       0x10 /opt/riscv32-unknown-elf-rv32im/lib/gcc/riscv32-unknown-elf/6.1.0/../../../../riscv32-unknown-elf/lib/libnosys.a(isatty.o)
                0x0000000000013fe4                isatty
 .text          0x0000000000013ff4       0x10 /opt/riscv32-unknown-elf-rv32im/lib/gcc/riscv32-unknown-elf/6.1.0/../../../../riscv32-unknown-elf/lib/libnosys.a(lseek.o)
                0x0000000000013ff4                lseek
 .text          0x0000000000014004       0x2c /opt/riscv32-unknown-elf-rv32im/lib/gcc/riscv32-unknown-elf/6.1.0/../../../../riscv32-unknown-elf/lib/libnosys.a(sbrk.o)
                0x0000000000014004                sbrk
 .text          0x0000000000014030        0x4 /opt/riscv32-unknown-elf-rv32im/lib/gcc/riscv32-unknown-elf/6.1.0/../../../../riscv32-unknown-elf/lib/libnosys.a(_exit.o)
                0x0000000000014030                _exit
 .text          0x0000000000014034        0x0 /opt/riscv32-unknown-elf-rv32im/lib/gcc/riscv32-unknown-elf/6.1.0/crtend.o
 *(.gnu.warning)

.fini
 *(SORT(.fini))
                [!provide]                        PROVIDE (__etext, .)
                [!provide]                        PROVIDE (_etext, .)
                [!provide]                        PROVIDE (etext, .)

.rodata         0x0000000000014034      0x118
 *(.rodata .rodata.* .gnu.linkonce.r.*)
 .rodata        0x0000000000014034        0xd /tmp/cc6eR0Ww.o
 *fill*         0x0000000000014041        0x3 
 .rodata        0x0000000000014044      0x100 /opt/riscv32-unknown-elf-rv32im/lib/gcc/riscv32-unknown-elf/6.1.0/libgcc.a(_clz.o)
                0x0000000000014044                __clz_tab
 .rodata.str1.4
                0x0000000000014144        0x2 /opt/riscv32-unknown-elf-rv32im/lib/gcc/riscv32-unknown-elf/6.1.0/../../../../riscv32-unknown-elf/lib/libc.a(lib_a-impure.o)
 *fill*         0x0000000000014146        0x2 
 .rodata.str1.4
                0x0000000000014148        0x4 /opt/riscv32-unknown-elf-rv32im/lib/gcc/riscv32-unknown-elf/6.1.0/../../../../riscv32-unknown-elf/lib/libc.a(lib_a-puts.o)
                                          0x2 (size before relaxing)

.rodata1
 *(.rodata1)

.sdata2
 *(.sdata2 .sdata2.* .gnu.linkonce.s2.*)

.sbss2
 *(.sbss2 .sbss2.* .gnu.linkonce.sb2.*)

.eh_frame_hdr
 *(.eh_frame_hdr)
 *(.eh_frame_entry .eh_frame_entry.*)

.eh_frame       0x000000000001414c       0x40
 *(.eh_frame)
 .eh_frame      0x000000000001414c        0x0 /opt/riscv32-unknown-elf-rv32im/lib/gcc/riscv32-unknown-elf/6.1.0/crtbegin.o
 .eh_frame      0x000000000001414c       0x28 /opt/riscv32-unknown-elf-rv32im/lib/gcc/riscv32-unknown-elf/6.1.0/libgcc.a(_divdi3.o)
 .eh_frame      0x0000000000014174       0x14 /opt/riscv32-unknown-elf-rv32im/lib/gcc/riscv32-unknown-elf/6.1.0/libgcc.a(_moddi3.o)
                                         0x28 (size before relaxing)
 .eh_frame      0x0000000000014188        0x4 /opt/riscv32-unknown-elf-rv32im/lib/gcc/riscv32-unknown-elf/6.1.0/crtend.o
 *(.eh_frame.*)

.gcc_except_table
 *(.gcc_except_table .gcc_except_table.*)

.gnu_extab
 *(.gnu_extab*)

.exception_ranges
 *(.exception_ranges .exception_ranges*)
                0x000000000001518c                . = DATA_SEGMENT_ALIGN (CONSTANT (MAXPAGESIZE), CONSTANT (COMMONPAGESIZE))

.eh_frame
 *(.eh_frame)
 *(.eh_frame.*)

.gnu_extab
 *(.gnu_extab)

.gcc_except_table
 *(.gcc_except_table .gcc_except_table.*)

.exception_ranges
 *(.exception_ranges .exception_ranges*)

.tdata
 *(.tdata .tdata.* .gnu.linkonce.td.*)

.tbss
 *(.tbss .tbss.* .gnu.linkonce.tb.*)
 *(.tcommon)

.preinit_array  0x000000000001518c        0x0
                0x000000000001518c                PROVIDE (__preinit_array_start, .)
 *(.preinit_array)
                0x000000000001518c                PROVIDE (__preinit_array_end, .)

.init_array     0x000000000001518c        0x8
                0x000000000001518c                PROVIDE (__init_array_start, .)
 *(SORT(.init_array.*) SORT(.ctors.*))
 *(.init_array EXCLUDE_FILE(*crtend?.o *crtend.o *crtbegin?.o *crtbegin.o) .ctors)
 .init_array    0x000000000001518c        0x4 /opt/riscv32-unknown-elf-rv32im/lib/gcc/riscv32-unknown-elf/6.1.0/crtbegin.o
 .init_array    0x0000000000015190        0x4 ./lib/ns16550.o
                0x0000000000015194                PROVIDE (__init_array_end, .)

.fini_array     0x0000000000015194        0x4
                0x0000000000015194                PROVIDE (__fini_array_start, .)
 *(SORT(.fini_array.*) SORT(.dtors.*))
 *(.fini_array EXCLUDE_FILE(*crtend?.o *crtend.o *crtbegin?.o *crtbegin.o) .dtors)
 .fini_array    0x0000000000015194        0x4 /opt/riscv32-unknown-elf-rv32im/lib/gcc/riscv32-unknown-elf/6.1.0/crtbegin.o
                0x0000000000015198                PROVIDE (__fini_array_end, .)

.ctors
 *crtbegin.o(.ctors)
 *crtbegin?.o(.ctors)
 *(EXCLUDE_FILE(*crtend?.o *crtend.o) .ctors)
 *(SORT(.ctors.*))
 *(.ctors)

.dtors
 *crtbegin.o(.dtors)
 *crtbegin?.o(.dtors)
 *(EXCLUDE_FILE(*crtend?.o *crtend.o) .dtors)
 *(SORT(.dtors.*))
 *(.dtors)

.jcr            0x0000000000015198        0x4
 *(.jcr)
 .jcr           0x0000000000015198        0x0 /opt/riscv32-unknown-elf-rv32im/lib/gcc/riscv32-unknown-elf/6.1.0/crtbegin.o
 .jcr           0x0000000000015198        0x4 /opt/riscv32-unknown-elf-rv32im/lib/gcc/riscv32-unknown-elf/6.1.0/crtend.o

.data.rel.ro
 *(.data.rel.ro.local* .gnu.linkonce.d.rel.ro.local.*)
 *(.data.rel.ro .data.rel.ro.* .gnu.linkonce.d.rel.ro.*)

.dynamic
 *(.dynamic)
                0x000000000001519c                . = DATA_SEGMENT_RELRO_END (., 0x0)

.data           0x00000000000151a0      0x830
 *(.data .data.* .gnu.linkonce.d.*)
 .data          0x00000000000151a0        0x0 /opt/riscv32-unknown-elf-rv32im/lib/gcc/riscv32-unknown-elf/6.1.0/../../../../riscv32-unknown-elf/lib/crt0.o
 .data          0x00000000000151a0        0x0 /opt/riscv32-unknown-elf-rv32im/lib/gcc/riscv32-unknown-elf/6.1.0/crtbegin.o
 .data          0x00000000000151a0        0x0 ./lib/startup.o
 .data          0x00000000000151a0        0x0 ./lib/syscalls.o
 .data          0x00000000000151a0        0x0 ./lib/riscv_counters.o
 .data          0x00000000000151a0        0x0 ./lib/ns16550.o
 .data          0x00000000000151a0        0x0 /tmp/cc6eR0Ww.o
 .data          0x00000000000151a0        0x0 /opt/riscv32-unknown-elf-rv32im/lib/gcc/riscv32-unknown-elf/6.1.0/libgcc.a(_divdi3.o)
 .data          0x00000000000151a0        0x0 /opt/riscv32-unknown-elf-rv32im/lib/gcc/riscv32-unknown-elf/6.1.0/libgcc.a(_moddi3.o)
 .data          0x00000000000151a0        0x0 /opt/riscv32-unknown-elf-rv32im/lib/gcc/riscv32-unknown-elf/6.1.0/libgcc.a(_clz.o)
 .data          0x00000000000151a0        0x0 /opt/riscv32-unknown-elf-rv32im/lib/gcc/riscv32-unknown-elf/6.1.0/../../../../riscv32-unknown-elf/lib/libc.a(lib_a-atexit.o)
 .data          0x00000000000151a0        0x0 /opt/riscv32-unknown-elf-rv32im/lib/gcc/riscv32-unknown-elf/6.1.0/../../../../riscv32-unknown-elf/lib/libc.a(lib_a-exit.o)
 .data          0x00000000000151a0        0x0 /opt/riscv32-unknown-elf-rv32im/lib/gcc/riscv32-unknown-elf/6.1.0/../../../../riscv32-unknown-elf/lib/libc.a(lib_a-fini.o)
 .data          0x00000000000151a0      0x428 /opt/riscv32-unknown-elf-rv32im/lib/gcc/riscv32-unknown-elf/6.1.0/../../../../riscv32-unknown-elf/lib/libc.a(lib_a-impure.o)
 .data          0x00000000000155c8        0x0 /opt/riscv32-unknown-elf-rv32im/lib/gcc/riscv32-unknown-elf/6.1.0/../../../../riscv32-unknown-elf/lib/libc.a(lib_a-init.o)
 .data          0x00000000000155c8        0x0 /opt/riscv32-unknown-elf-rv32im/lib/gcc/riscv32-unknown-elf/6.1.0/../../../../riscv32-unknown-elf/lib/libc.a(lib_a-memset.o)
 .data          0x00000000000155c8        0x0 /opt/riscv32-unknown-elf-rv32im/lib/gcc/riscv32-unknown-elf/6.1.0/../../../../riscv32-unknown-elf/lib/libc.a(lib_a-puts.o)
 .data          0x00000000000155c8        0x0 /opt/riscv32-unknown-elf-rv32im/lib/gcc/riscv32-unknown-elf/6.1.0/../../../../riscv32-unknown-elf/lib/libc.a(lib_a-strlen.o)
 .data          0x00000000000155c8        0x0 /opt/riscv32-unknown-elf-rv32im/lib/gcc/riscv32-unknown-elf/6.1.0/../../../../riscv32-unknown-elf/lib/libc.a(lib_a-__atexit.o)
 .data          0x00000000000155c8        0x0 /opt/riscv32-unknown-elf-rv32im/lib/gcc/riscv32-unknown-elf/6.1.0/../../../../riscv32-unknown-elf/lib/libc.a(lib_a-__call_atexit.o)
 .data          0x00000000000155c8        0x0 /opt/riscv32-unknown-elf-rv32im/lib/gcc/riscv32-unknown-elf/6.1.0/../../../../riscv32-unknown-elf/lib/libc.a(lib_a-findfp.o)
 .data          0x00000000000155c8        0x0 /opt/riscv32-unknown-elf-rv32im/lib/gcc/riscv32-unknown-elf/6.1.0/../../../../riscv32-unknown-elf/lib/libc.a(lib_a-fvwrite.o)
 .data          0x00000000000155c8        0x0 /opt/riscv32-unknown-elf-rv32im/lib/gcc/riscv32-unknown-elf/6.1.0/../../../../riscv32-unknown-elf/lib/libc.a(lib_a-fwalk.o)
 .data          0x00000000000155c8      0x408 /opt/riscv32-unknown-elf-rv32im/lib/gcc/riscv32-unknown-elf/6.1.0/../../../../riscv32-unknown-elf/lib/libc.a(lib_a-mallocr.o)
                0x00000000000155c8                __malloc_av_
 .data          0x00000000000159d0        0x0 /opt/riscv32-unknown-elf-rv32im/lib/gcc/riscv32-unknown-elf/6.1.0/../../../../riscv32-unknown-elf/lib/libc.a(lib_a-memchr.o)
 .data          0x00000000000159d0        0x0 /opt/riscv32-unknown-elf-rv32im/lib/gcc/riscv32-unknown-elf/6.1.0/../../../../riscv32-unknown-elf/lib/libc.a(lib_a-memcpy.o)
 .data          0x00000000000159d0        0x0 /opt/riscv32-unknown-elf-rv32im/lib/gcc/riscv32-unknown-elf/6.1.0/../../../../riscv32-unknown-elf/lib/libc.a(lib_a-memmove.o)
 .data          0x00000000000159d0        0x0 /opt/riscv32-unknown-elf-rv32im/lib/gcc/riscv32-unknown-elf/6.1.0/../../../../riscv32-unknown-elf/lib/libc.a(lib_a-mlock.o)
 .data          0x00000000000159d0        0x0 /opt/riscv32-unknown-elf-rv32im/lib/gcc/riscv32-unknown-elf/6.1.0/../../../../riscv32-unknown-elf/lib/libc.a(lib_a-reallocr.o)
 .data          0x00000000000159d0        0x0 /opt/riscv32-unknown-elf-rv32im/lib/gcc/riscv32-unknown-elf/6.1.0/../../../../riscv32-unknown-elf/lib/libc.a(lib_a-sbrkr.o)
 .data          0x00000000000159d0        0x0 /opt/riscv32-unknown-elf-rv32im/lib/gcc/riscv32-unknown-elf/6.1.0/../../../../riscv32-unknown-elf/lib/libc.a(lib_a-stdio.o)
 .data          0x00000000000159d0        0x0 /opt/riscv32-unknown-elf-rv32im/lib/gcc/riscv32-unknown-elf/6.1.0/../../../../riscv32-unknown-elf/lib/libc.a(lib_a-writer.o)
 .data          0x00000000000159d0        0x0 /opt/riscv32-unknown-elf-rv32im/lib/gcc/riscv32-unknown-elf/6.1.0/../../../../riscv32-unknown-elf/lib/libc.a(lib_a-wsetup.o)
 .data          0x00000000000159d0        0x0 /opt/riscv32-unknown-elf-rv32im/lib/gcc/riscv32-unknown-elf/6.1.0/../../../../riscv32-unknown-elf/lib/libc.a(lib_a-closer.o)
 .data          0x00000000000159d0        0x0 /opt/riscv32-unknown-elf-rv32im/lib/gcc/riscv32-unknown-elf/6.1.0/../../../../riscv32-unknown-elf/lib/libc.a(lib_a-fclose.o)
 .data          0x00000000000159d0        0x0 /opt/riscv32-unknown-elf-rv32im/lib/gcc/riscv32-unknown-elf/6.1.0/../../../../riscv32-unknown-elf/lib/libc.a(lib_a-fflush.o)
 .data          0x00000000000159d0        0x0 /opt/riscv32-unknown-elf-rv32im/lib/gcc/riscv32-unknown-elf/6.1.0/../../../../riscv32-unknown-elf/lib/libc.a(lib_a-freer.o)
 .data          0x00000000000159d0        0x0 /opt/riscv32-unknown-elf-rv32im/lib/gcc/riscv32-unknown-elf/6.1.0/../../../../riscv32-unknown-elf/lib/libc.a(lib_a-lseekr.o)
 .data          0x00000000000159d0        0x0 /opt/riscv32-unknown-elf-rv32im/lib/gcc/riscv32-unknown-elf/6.1.0/../../../../riscv32-unknown-elf/lib/libc.a(lib_a-makebuf.o)
 .data          0x00000000000159d0        0x0 /opt/riscv32-unknown-elf-rv32im/lib/gcc/riscv32-unknown-elf/6.1.0/../../../../riscv32-unknown-elf/lib/libc.a(lib_a-readr.o)
 .data          0x00000000000159d0        0x0 /opt/riscv32-unknown-elf-rv32im/lib/gcc/riscv32-unknown-elf/6.1.0/../../../../riscv32-unknown-elf/lib/libc.a(lib_a-reent.o)
 .data          0x00000000000159d0        0x0 /opt/riscv32-unknown-elf-rv32im/lib/gcc/riscv32-unknown-elf/6.1.0/../../../../riscv32-unknown-elf/lib/libc.a(lib_a-fstatr.o)
 .data          0x00000000000159d0        0x0 /opt/riscv32-unknown-elf-rv32im/lib/gcc/riscv32-unknown-elf/6.1.0/../../../../riscv32-unknown-elf/lib/libc.a(lib_a-isattyr.o)
 .data          0x00000000000159d0        0x0 /opt/riscv32-unknown-elf-rv32im/lib/gcc/riscv32-unknown-elf/6.1.0/../../../../riscv32-unknown-elf/lib/libnosys.a(close.o)
 .data          0x00000000000159d0        0x0 /opt/riscv32-unknown-elf-rv32im/lib/gcc/riscv32-unknown-elf/6.1.0/../../../../riscv32-unknown-elf/lib/libnosys.a(fstat.o)
 .data          0x00000000000159d0        0x0 /opt/riscv32-unknown-elf-rv32im/lib/gcc/riscv32-unknown-elf/6.1.0/../../../../riscv32-unknown-elf/lib/libnosys.a(isatty.o)
 .data          0x00000000000159d0        0x0 /opt/riscv32-unknown-elf-rv32im/lib/gcc/riscv32-unknown-elf/6.1.0/../../../../riscv32-unknown-elf/lib/libnosys.a(lseek.o)
 .data          0x00000000000159d0        0x0 /opt/riscv32-unknown-elf-rv32im/lib/gcc/riscv32-unknown-elf/6.1.0/../../../../riscv32-unknown-elf/lib/libnosys.a(sbrk.o)
 .data          0x00000000000159d0        0x0 /opt/riscv32-unknown-elf-rv32im/lib/gcc/riscv32-unknown-elf/6.1.0/../../../../riscv32-unknown-elf/lib/libnosys.a(_exit.o)
 .data          0x00000000000159d0        0x0 /opt/riscv32-unknown-elf-rv32im/lib/gcc/riscv32-unknown-elf/6.1.0/crtend.o

.tm_clone_table
                0x00000000000159d0        0x0
 .tm_clone_table
                0x00000000000159d0        0x0 /opt/riscv32-unknown-elf-rv32im/lib/gcc/riscv32-unknown-elf/6.1.0/crtbegin.o
 .tm_clone_table
                0x00000000000159d0        0x0 /opt/riscv32-unknown-elf-rv32im/lib/gcc/riscv32-unknown-elf/6.1.0/crtend.o

.data1
 *(.data1)

.got
 *(.got.plt)
 *(.igot.plt)
 *(.got)
 *(.igot)

.sdata          0x00000000000159d0       0x18
                0x00000000000161d0                _gp = (. + 0x800)
 *(.srodata.cst16)
 *(.srodata.cst8)
 *(.srodata.cst4)
 *(.srodata.cst2)
 *(.srodata .srodata.*)
 *(.sdata .sdata.* .gnu.linkonce.s.*)
 .sdata         0x00000000000159d0        0x4 /opt/riscv32-unknown-elf-rv32im/lib/gcc/riscv32-unknown-elf/6.1.0/crtbegin.o
                0x00000000000159d0                __dso_handle
 .sdata         0x00000000000159d4        0x4 ./lib/ns16550.o
 .sdata         0x00000000000159d8        0x8 /opt/riscv32-unknown-elf-rv32im/lib/gcc/riscv32-unknown-elf/6.1.0/../../../../riscv32-unknown-elf/lib/libc.a(lib_a-impure.o)
                0x00000000000159d8                _global_impure_ptr
                0x00000000000159dc                _impure_ptr
 .sdata         0x00000000000159e0        0x8 /opt/riscv32-unknown-elf-rv32im/lib/gcc/riscv32-unknown-elf/6.1.0/../../../../riscv32-unknown-elf/lib/libc.a(lib_a-mallocr.o)
                0x00000000000159e0                __malloc_sbrk_base
                0x00000000000159e4                __malloc_trim_threshold
                0x00000000000159e8                _edata = .
                [!provide]                        PROVIDE (edata, .)
                0x00000000000159e8                . = .
                0x00000000000159e8                __bss_start = .

.sbss           0x00000000000159e8       0x10
 *(.dynsbss)
 *(.sbss .sbss.* .gnu.linkonce.sb.*)
 .sbss          0x00000000000159e8        0xc /opt/riscv32-unknown-elf-rv32im/lib/gcc/riscv32-unknown-elf/6.1.0/../../../../riscv32-unknown-elf/lib/libc.a(lib_a-mallocr.o)
                0x00000000000159e8                __malloc_max_total_mem
                0x00000000000159ec                __malloc_max_sbrked_mem
                0x00000000000159f0                __malloc_top_pad
 .sbss          0x00000000000159f4        0x4 /opt/riscv32-unknown-elf-rv32im/lib/gcc/riscv32-unknown-elf/6.1.0/../../../../riscv32-unknown-elf/lib/libnosys.a(sbrk.o)
 *(.scommon)

.bss            0x00000000000159f8       0x48
 *(.dynbss)
 *(.bss .bss.* .gnu.linkonce.b.*)
 .bss           0x00000000000159f8        0x0 /opt/riscv32-unknown-elf-rv32im/lib/gcc/riscv32-unknown-elf/6.1.0/../../../../riscv32-unknown-elf/lib/crt0.o
 .bss           0x00000000000159f8       0x1c /opt/riscv32-unknown-elf-rv32im/lib/gcc/riscv32-unknown-elf/6.1.0/crtbegin.o
 .bss           0x0000000000015a14        0x0 ./lib/startup.o
 .bss           0x0000000000015a14        0x0 ./lib/syscalls.o
 .bss           0x0000000000015a14        0x0 ./lib/riscv_counters.o
 .bss           0x0000000000015a14        0x0 ./lib/ns16550.o
 .bss           0x0000000000015a14        0x0 /tmp/cc6eR0Ww.o
 .bss           0x0000000000015a14        0x0 /opt/riscv32-unknown-elf-rv32im/lib/gcc/riscv32-unknown-elf/6.1.0/libgcc.a(_divdi3.o)
 .bss           0x0000000000015a14        0x0 /opt/riscv32-unknown-elf-rv32im/lib/gcc/riscv32-unknown-elf/6.1.0/libgcc.a(_moddi3.o)
 .bss           0x0000000000015a14        0x0 /opt/riscv32-unknown-elf-rv32im/lib/gcc/riscv32-unknown-elf/6.1.0/libgcc.a(_clz.o)
 .bss           0x0000000000015a14        0x0 /opt/riscv32-unknown-elf-rv32im/lib/gcc/riscv32-unknown-elf/6.1.0/../../../../riscv32-unknown-elf/lib/libc.a(lib_a-atexit.o)
 .bss           0x0000000000015a14        0x0 /opt/riscv32-unknown-elf-rv32im/lib/gcc/riscv32-unknown-elf/6.1.0/../../../../riscv32-unknown-elf/lib/libc.a(lib_a-exit.o)
 .bss           0x0000000000015a14        0x0 /opt/riscv32-unknown-elf-rv32im/lib/gcc/riscv32-unknown-elf/6.1.0/../../../../riscv32-unknown-elf/lib/libc.a(lib_a-fini.o)
 .bss           0x0000000000015a14        0x0 /opt/riscv32-unknown-elf-rv32im/lib/gcc/riscv32-unknown-elf/6.1.0/../../../../riscv32-unknown-elf/lib/libc.a(lib_a-impure.o)
 .bss           0x0000000000015a14        0x0 /opt/riscv32-unknown-elf-rv32im/lib/gcc/riscv32-unknown-elf/6.1.0/../../../../riscv32-unknown-elf/lib/libc.a(lib_a-init.o)
 .bss           0x0000000000015a14        0x0 /opt/riscv32-unknown-elf-rv32im/lib/gcc/riscv32-unknown-elf/6.1.0/../../../../riscv32-unknown-elf/lib/libc.a(lib_a-memset.o)
 .bss           0x0000000000015a14        0x0 /opt/riscv32-unknown-elf-rv32im/lib/gcc/riscv32-unknown-elf/6.1.0/../../../../riscv32-unknown-elf/lib/libc.a(lib_a-puts.o)
 .bss           0x0000000000015a14        0x0 /opt/riscv32-unknown-elf-rv32im/lib/gcc/riscv32-unknown-elf/6.1.0/../../../../riscv32-unknown-elf/lib/libc.a(lib_a-strlen.o)
 .bss           0x0000000000015a14        0x0 /opt/riscv32-unknown-elf-rv32im/lib/gcc/riscv32-unknown-elf/6.1.0/../../../../riscv32-unknown-elf/lib/libc.a(lib_a-__atexit.o)
 .bss           0x0000000000015a14        0x0 /opt/riscv32-unknown-elf-rv32im/lib/gcc/riscv32-unknown-elf/6.1.0/../../../../riscv32-unknown-elf/lib/libc.a(lib_a-__call_atexit.o)
 .bss           0x0000000000015a14        0x0 /opt/riscv32-unknown-elf-rv32im/lib/gcc/riscv32-unknown-elf/6.1.0/../../../../riscv32-unknown-elf/lib/libc.a(lib_a-findfp.o)
 .bss           0x0000000000015a14        0x0 /opt/riscv32-unknown-elf-rv32im/lib/gcc/riscv32-unknown-elf/6.1.0/../../../../riscv32-unknown-elf/lib/libc.a(lib_a-fvwrite.o)
 .bss           0x0000000000015a14        0x0 /opt/riscv32-unknown-elf-rv32im/lib/gcc/riscv32-unknown-elf/6.1.0/../../../../riscv32-unknown-elf/lib/libc.a(lib_a-fwalk.o)
 .bss           0x0000000000015a14       0x28 /opt/riscv32-unknown-elf-rv32im/lib/gcc/riscv32-unknown-elf/6.1.0/../../../../riscv32-unknown-elf/lib/libc.a(lib_a-mallocr.o)
                0x0000000000015a14                __malloc_current_mallinfo
 .bss           0x0000000000015a3c        0x0 /opt/riscv32-unknown-elf-rv32im/lib/gcc/riscv32-unknown-elf/6.1.0/../../../../riscv32-unknown-elf/lib/libc.a(lib_a-memchr.o)
 .bss           0x0000000000015a3c        0x0 /opt/riscv32-unknown-elf-rv32im/lib/gcc/riscv32-unknown-elf/6.1.0/../../../../riscv32-unknown-elf/lib/libc.a(lib_a-memcpy.o)
 .bss           0x0000000000015a3c        0x0 /opt/riscv32-unknown-elf-rv32im/lib/gcc/riscv32-unknown-elf/6.1.0/../../../../riscv32-unknown-elf/lib/libc.a(lib_a-memmove.o)
 .bss           0x0000000000015a3c        0x0 /opt/riscv32-unknown-elf-rv32im/lib/gcc/riscv32-unknown-elf/6.1.0/../../../../riscv32-unknown-elf/lib/libc.a(lib_a-mlock.o)
 .bss           0x0000000000015a3c        0x0 /opt/riscv32-unknown-elf-rv32im/lib/gcc/riscv32-unknown-elf/6.1.0/../../../../riscv32-unknown-elf/lib/libc.a(lib_a-reallocr.o)
 .bss           0x0000000000015a3c        0x0 /opt/riscv32-unknown-elf-rv32im/lib/gcc/riscv32-unknown-elf/6.1.0/../../../../riscv32-unknown-elf/lib/libc.a(lib_a-sbrkr.o)
 .bss           0x0000000000015a3c        0x0 /opt/riscv32-unknown-elf-rv32im/lib/gcc/riscv32-unknown-elf/6.1.0/../../../../riscv32-unknown-elf/lib/libc.a(lib_a-stdio.o)
 .bss           0x0000000000015a3c        0x0 /opt/riscv32-unknown-elf-rv32im/lib/gcc/riscv32-unknown-elf/6.1.0/../../../../riscv32-unknown-elf/lib/libc.a(lib_a-writer.o)
 .bss           0x0000000000015a3c        0x0 /opt/riscv32-unknown-elf-rv32im/lib/gcc/riscv32-unknown-elf/6.1.0/../../../../riscv32-unknown-elf/lib/libc.a(lib_a-wsetup.o)
 .bss           0x0000000000015a3c        0x0 /opt/riscv32-unknown-elf-rv32im/lib/gcc/riscv32-unknown-elf/6.1.0/../../../../riscv32-unknown-elf/lib/libc.a(lib_a-closer.o)
 .bss           0x0000000000015a3c        0x0 /opt/riscv32-unknown-elf-rv32im/lib/gcc/riscv32-unknown-elf/6.1.0/../../../../riscv32-unknown-elf/lib/libc.a(lib_a-fclose.o)
 .bss           0x0000000000015a3c        0x0 /opt/riscv32-unknown-elf-rv32im/lib/gcc/riscv32-unknown-elf/6.1.0/../../../../riscv32-unknown-elf/lib/libc.a(lib_a-fflush.o)
 .bss           0x0000000000015a3c        0x0 /opt/riscv32-unknown-elf-rv32im/lib/gcc/riscv32-unknown-elf/6.1.0/../../../../riscv32-unknown-elf/lib/libc.a(lib_a-freer.o)
 .bss           0x0000000000015a3c        0x0 /opt/riscv32-unknown-elf-rv32im/lib/gcc/riscv32-unknown-elf/6.1.0/../../../../riscv32-unknown-elf/lib/libc.a(lib_a-lseekr.o)
 .bss           0x0000000000015a3c        0x0 /opt/riscv32-unknown-elf-rv32im/lib/gcc/riscv32-unknown-elf/6.1.0/../../../../riscv32-unknown-elf/lib/libc.a(lib_a-makebuf.o)
 .bss           0x0000000000015a3c        0x0 /opt/riscv32-unknown-elf-rv32im/lib/gcc/riscv32-unknown-elf/6.1.0/../../../../riscv32-unknown-elf/lib/libc.a(lib_a-readr.o)
 .bss           0x0000000000015a3c        0x0 /opt/riscv32-unknown-elf-rv32im/lib/gcc/riscv32-unknown-elf/6.1.0/../../../../riscv32-unknown-elf/lib/libc.a(lib_a-reent.o)
 .bss           0x0000000000015a3c        0x0 /opt/riscv32-unknown-elf-rv32im/lib/gcc/riscv32-unknown-elf/6.1.0/../../../../riscv32-unknown-elf/lib/libc.a(lib_a-fstatr.o)
 .bss           0x0000000000015a3c        0x0 /opt/riscv32-unknown-elf-rv32im/lib/gcc/riscv32-unknown-elf/6.1.0/../../../../riscv32-unknown-elf/lib/libc.a(lib_a-isattyr.o)
 .bss           0x0000000000015a3c        0x0 /opt/riscv32-unknown-elf-rv32im/lib/gcc/riscv32-unknown-elf/6.1.0/../../../../riscv32-unknown-elf/lib/libnosys.a(close.o)
 .bss           0x0000000000015a3c        0x0 /opt/riscv32-unknown-elf-rv32im/lib/gcc/riscv32-unknown-elf/6.1.0/../../../../riscv32-unknown-elf/lib/libnosys.a(fstat.o)
 .bss           0x0000000000015a3c        0x0 /opt/riscv32-unknown-elf-rv32im/lib/gcc/riscv32-unknown-elf/6.1.0/../../../../riscv32-unknown-elf/lib/libnosys.a(isatty.o)
 .bss           0x0000000000015a3c        0x0 /opt/riscv32-unknown-elf-rv32im/lib/gcc/riscv32-unknown-elf/6.1.0/../../../../riscv32-unknown-elf/lib/libnosys.a(lseek.o)
 .bss           0x0000000000015a3c        0x0 /opt/riscv32-unknown-elf-rv32im/lib/gcc/riscv32-unknown-elf/6.1.0/../../../../riscv32-unknown-elf/lib/libnosys.a(sbrk.o)
 .bss           0x0000000000015a3c        0x0 /opt/riscv32-unknown-elf-rv32im/lib/gcc/riscv32-unknown-elf/6.1.0/../../../../riscv32-unknown-elf/lib/libnosys.a(_exit.o)
 .bss           0x0000000000015a3c        0x0 /opt/riscv32-unknown-elf-rv32im/lib/gcc/riscv32-unknown-elf/6.1.0/crtend.o
 *(COMMON)
 COMMON         0x0000000000015a3c        0x4 /opt/riscv32-unknown-elf-rv32im/lib/gcc/riscv32-unknown-elf/6.1.0/../../../../riscv32-unknown-elf/lib/libc.a(lib_a-reent.o)
                0x0000000000015a3c                errno
                0x0000000000015a40                . = ALIGN ((. != 0x0)?0x4:0x1)
LOAD /opt/riscv32-unknown-elf-rv32im/lib/gcc/riscv32-unknown-elf/6.1.0/../../../../riscv32-unknown-elf/lib/crt0.o
LOAD /opt/riscv32-unknown-elf-rv32im/lib/gcc/riscv32-unknown-elf/6.1.0/crtbegin.o

.startup        0x0000000000000000      0x22c
 startup.o(.text)
 .text          0x0000000000000000      0x22c ./lib/startup.o
                0x0000000000000200                _reset
                0x000000000000022c                . = ALIGN (0x4)
                0x000000000000022c                . = SEGMENT_START ("ldata-segment", .)
                0x000000000000022c                . = ALIGN (0x4)
                0x000000000000022c                _end = .
                0x000000000000022c                PROVIDE (end, .)
                0x000000000000022c                . = DATA_SEGMENT_END (.)

.stab
 *(.stab)

.stabstr
 *(.stabstr)

.stab.excl
 *(.stab.excl)

.stab.exclstr
 *(.stab.exclstr)

.stab.index
 *(.stab.index)

.stab.indexstr
 *(.stab.indexstr)

.comment        0x0000000000000000       0x11
 *(.comment)
 .comment       0x0000000000000000       0x11 /opt/riscv32-unknown-elf-rv32im/lib/gcc/riscv32-unknown-elf/6.1.0/crtbegin.o
                                         0x12 (size before relaxing)
 .comment       0x0000000000000011       0x12 ./lib/syscalls.o
 .comment       0x0000000000000011       0x12 ./lib/riscv_counters.o
 .comment       0x0000000000000011       0x12 ./lib/ns16550.o
 .comment       0x0000000000000011       0x12 /tmp/cc6eR0Ww.o
 .comment       0x0000000000000011       0x12 /opt/riscv32-unknown-elf-rv32im/lib/gcc/riscv32-unknown-elf/6.1.0/libgcc.a(_divdi3.o)
 .comment       0x0000000000000011       0x12 /opt/riscv32-unknown-elf-rv32im/lib/gcc/riscv32-unknown-elf/6.1.0/libgcc.a(_moddi3.o)
 .comment       0x0000000000000011       0x12 /opt/riscv32-unknown-elf-rv32im/lib/gcc/riscv32-unknown-elf/6.1.0/libgcc.a(_clz.o)
 .comment       0x0000000000000011       0x12 /opt/riscv32-unknown-elf-rv32im/lib/gcc/riscv32-unknown-elf/6.1.0/../../../../riscv32-unknown-elf/lib/libc.a(lib_a-atexit.o)
 .comment       0x0000000000000011       0x12 /opt/riscv32-unknown-elf-rv32im/lib/gcc/riscv32-unknown-elf/6.1.0/../../../../riscv32-unknown-elf/lib/libc.a(lib_a-exit.o)
 .comment       0x0000000000000011       0x12 /opt/riscv32-unknown-elf-rv32im/lib/gcc/riscv32-unknown-elf/6.1.0/../../../../riscv32-unknown-elf/lib/libc.a(lib_a-fini.o)
 .comment       0x0000000000000011       0x12 /opt/riscv32-unknown-elf-rv32im/lib/gcc/riscv32-unknown-elf/6.1.0/../../../../riscv32-unknown-elf/lib/libc.a(lib_a-impure.o)
 .comment       0x0000000000000011       0x12 /opt/riscv32-unknown-elf-rv32im/lib/gcc/riscv32-unknown-elf/6.1.0/../../../../riscv32-unknown-elf/lib/libc.a(lib_a-init.o)
 .comment       0x0000000000000011       0x12 /opt/riscv32-unknown-elf-rv32im/lib/gcc/riscv32-unknown-elf/6.1.0/../../../../riscv32-unknown-elf/lib/libc.a(lib_a-puts.o)
 .comment       0x0000000000000011       0x12 /opt/riscv32-unknown-elf-rv32im/lib/gcc/riscv32-unknown-elf/6.1.0/../../../../riscv32-unknown-elf/lib/libc.a(lib_a-strlen.o)
 .comment       0x0000000000000011       0x12 /opt/riscv32-unknown-elf-rv32im/lib/gcc/riscv32-unknown-elf/6.1.0/../../../../riscv32-unknown-elf/lib/libc.a(lib_a-__atexit.o)
 .comment       0x0000000000000011       0x12 /opt/riscv32-unknown-elf-rv32im/lib/gcc/riscv32-unknown-elf/6.1.0/../../../../riscv32-unknown-elf/lib/libc.a(lib_a-__call_atexit.o)
 .comment       0x0000000000000011       0x12 /opt/riscv32-unknown-elf-rv32im/lib/gcc/riscv32-unknown-elf/6.1.0/../../../../riscv32-unknown-elf/lib/libc.a(lib_a-findfp.o)
 .comment       0x0000000000000011       0x12 /opt/riscv32-unknown-elf-rv32im/lib/gcc/riscv32-unknown-elf/6.1.0/../../../../riscv32-unknown-elf/lib/libc.a(lib_a-fvwrite.o)
 .comment       0x0000000000000011       0x12 /opt/riscv32-unknown-elf-rv32im/lib/gcc/riscv32-unknown-elf/6.1.0/../../../../riscv32-unknown-elf/lib/libc.a(lib_a-fwalk.o)
 .comment       0x0000000000000011       0x12 /opt/riscv32-unknown-elf-rv32im/lib/gcc/riscv32-unknown-elf/6.1.0/../../../../riscv32-unknown-elf/lib/libc.a(lib_a-mallocr.o)
 .comment       0x0000000000000011       0x12 /opt/riscv32-unknown-elf-rv32im/lib/gcc/riscv32-unknown-elf/6.1.0/../../../../riscv32-unknown-elf/lib/libc.a(lib_a-memchr.o)
 .comment       0x0000000000000011       0x12 /opt/riscv32-unknown-elf-rv32im/lib/gcc/riscv32-unknown-elf/6.1.0/../../../../riscv32-unknown-elf/lib/libc.a(lib_a-memcpy.o)
 .comment       0x0000000000000011       0x12 /opt/riscv32-unknown-elf-rv32im/lib/gcc/riscv32-unknown-elf/6.1.0/../../../../riscv32-unknown-elf/lib/libc.a(lib_a-memmove.o)
 .comment       0x0000000000000011       0x12 /opt/riscv32-unknown-elf-rv32im/lib/gcc/riscv32-unknown-elf/6.1.0/../../../../riscv32-unknown-elf/lib/libc.a(lib_a-mlock.o)
 .comment       0x0000000000000011       0x12 /opt/riscv32-unknown-elf-rv32im/lib/gcc/riscv32-unknown-elf/6.1.0/../../../../riscv32-unknown-elf/lib/libc.a(lib_a-reallocr.o)
 .comment       0x0000000000000011       0x12 /opt/riscv32-unknown-elf-rv32im/lib/gcc/riscv32-unknown-elf/6.1.0/../../../../riscv32-unknown-elf/lib/libc.a(lib_a-sbrkr.o)
 .comment       0x0000000000000011       0x12 /opt/riscv32-unknown-elf-rv32im/lib/gcc/riscv32-unknown-elf/6.1.0/../../../../riscv32-unknown-elf/lib/libc.a(lib_a-stdio.o)
 .comment       0x0000000000000011       0x12 /opt/riscv32-unknown-elf-rv32im/lib/gcc/riscv32-unknown-elf/6.1.0/../../../../riscv32-unknown-elf/lib/libc.a(lib_a-writer.o)
 .comment       0x0000000000000011       0x12 /opt/riscv32-unknown-elf-rv32im/lib/gcc/riscv32-unknown-elf/6.1.0/../../../../riscv32-unknown-elf/lib/libc.a(lib_a-wsetup.o)
 .comment       0x0000000000000011       0x12 /opt/riscv32-unknown-elf-rv32im/lib/gcc/riscv32-unknown-elf/6.1.0/../../../../riscv32-unknown-elf/lib/libc.a(lib_a-closer.o)
 .comment       0x0000000000000011       0x12 /opt/riscv32-unknown-elf-rv32im/lib/gcc/riscv32-unknown-elf/6.1.0/../../../../riscv32-unknown-elf/lib/libc.a(lib_a-fclose.o)
 .comment       0x0000000000000011       0x12 /opt/riscv32-unknown-elf-rv32im/lib/gcc/riscv32-unknown-elf/6.1.0/../../../../riscv32-unknown-elf/lib/libc.a(lib_a-fflush.o)
 .comment       0x0000000000000011       0x12 /opt/riscv32-unknown-elf-rv32im/lib/gcc/riscv32-unknown-elf/6.1.0/../../../../riscv32-unknown-elf/lib/libc.a(lib_a-freer.o)
 .comment       0x0000000000000011       0x12 /opt/riscv32-unknown-elf-rv32im/lib/gcc/riscv32-unknown-elf/6.1.0/../../../../riscv32-unknown-elf/lib/libc.a(lib_a-lseekr.o)
 .comment       0x0000000000000011       0x12 /opt/riscv32-unknown-elf-rv32im/lib/gcc/riscv32-unknown-elf/6.1.0/../../../../riscv32-unknown-elf/lib/libc.a(lib_a-makebuf.o)
 .comment       0x0000000000000011       0x12 /opt/riscv32-unknown-elf-rv32im/lib/gcc/riscv32-unknown-elf/6.1.0/../../../../riscv32-unknown-elf/lib/libc.a(lib_a-readr.o)
 .comment       0x0000000000000011       0x12 /opt/riscv32-unknown-elf-rv32im/lib/gcc/riscv32-unknown-elf/6.1.0/../../../../riscv32-unknown-elf/lib/libc.a(lib_a-reent.o)
 .comment       0x0000000000000011       0x12 /opt/riscv32-unknown-elf-rv32im/lib/gcc/riscv32-unknown-elf/6.1.0/../../../../riscv32-unknown-elf/lib/libc.a(lib_a-fstatr.o)
 .comment       0x0000000000000011       0x12 /opt/riscv32-unknown-elf-rv32im/lib/gcc/riscv32-unknown-elf/6.1.0/../../../../riscv32-unknown-elf/lib/libc.a(lib_a-isattyr.o)
 .comment       0x0000000000000011       0x12 /opt/riscv32-unknown-elf-rv32im/lib/gcc/riscv32-unknown-elf/6.1.0/../../../../riscv32-unknown-elf/lib/libnosys.a(close.o)
 .comment       0x0000000000000011       0x12 /opt/riscv32-unknown-elf-rv32im/lib/gcc/riscv32-unknown-elf/6.1.0/../../../../riscv32-unknown-elf/lib/libnosys.a(fstat.o)
 .comment       0x0000000000000011       0x12 /opt/riscv32-unknown-elf-rv32im/lib/gcc/riscv32-unknown-elf/6.1.0/../../../../riscv32-unknown-elf/lib/libnosys.a(isatty.o)
 .comment       0x0000000000000011       0x12 /opt/riscv32-unknown-elf-rv32im/lib/gcc/riscv32-unknown-elf/6.1.0/../../../../riscv32-unknown-elf/lib/libnosys.a(lseek.o)
 .comment       0x0000000000000011       0x12 /opt/riscv32-unknown-elf-rv32im/lib/gcc/riscv32-unknown-elf/6.1.0/../../../../riscv32-unknown-elf/lib/libnosys.a(sbrk.o)
 .comment       0x0000000000000011       0x12 /opt/riscv32-unknown-elf-rv32im/lib/gcc/riscv32-unknown-elf/6.1.0/../../../../riscv32-unknown-elf/lib/libnosys.a(_exit.o)
 .comment       0x0000000000000011       0x12 /opt/riscv32-unknown-elf-rv32im/lib/gcc/riscv32-unknown-elf/6.1.0/crtend.o

.debug
 *(.debug)

.line
 *(.line)

.debug_srcinfo
 *(.debug_srcinfo)

.debug_sfnames
 *(.debug_sfnames)

.debug_aranges  0x0000000000000000      0x5f0
 *(.debug_aranges)
 .debug_aranges
                0x0000000000000000       0x20 /opt/riscv32-unknown-elf-rv32im/lib/gcc/riscv32-unknown-elf/6.1.0/../../../../riscv32-unknown-elf/lib/crt0.o
 .debug_aranges
                0x0000000000000020       0x20 ./lib/startup.o
 .debug_aranges
                0x0000000000000040       0x20 ./lib/syscalls.o
 .debug_aranges
                0x0000000000000060       0x20 ./lib/riscv_counters.o
 .debug_aranges
                0x0000000000000080       0x20 ./lib/ns16550.o
 .debug_aranges
                0x00000000000000a0       0x20 /tmp/cc6eR0Ww.o
 .debug_aranges
                0x00000000000000c0       0x20 /opt/riscv32-unknown-elf-rv32im/lib/gcc/riscv32-unknown-elf/6.1.0/libgcc.a(_divdi3.o)
 .debug_aranges
                0x00000000000000e0       0x20 /opt/riscv32-unknown-elf-rv32im/lib/gcc/riscv32-unknown-elf/6.1.0/libgcc.a(_moddi3.o)
 .debug_aranges
                0x0000000000000100       0x18 /opt/riscv32-unknown-elf-rv32im/lib/gcc/riscv32-unknown-elf/6.1.0/libgcc.a(_clz.o)
 .debug_aranges
                0x0000000000000118       0x20 /opt/riscv32-unknown-elf-rv32im/lib/gcc/riscv32-unknown-elf/6.1.0/../../../../riscv32-unknown-elf/lib/libc.a(lib_a-atexit.o)
 .debug_aranges
                0x0000000000000138       0x20 /opt/riscv32-unknown-elf-rv32im/lib/gcc/riscv32-unknown-elf/6.1.0/../../../../riscv32-unknown-elf/lib/libc.a(lib_a-exit.o)
 .debug_aranges
                0x0000000000000158       0x20 /opt/riscv32-unknown-elf-rv32im/lib/gcc/riscv32-unknown-elf/6.1.0/../../../../riscv32-unknown-elf/lib/libc.a(lib_a-fini.o)
 .debug_aranges
                0x0000000000000178       0x18 /opt/riscv32-unknown-elf-rv32im/lib/gcc/riscv32-unknown-elf/6.1.0/../../../../riscv32-unknown-elf/lib/libc.a(lib_a-impure.o)
 .debug_aranges
                0x0000000000000190       0x20 /opt/riscv32-unknown-elf-rv32im/lib/gcc/riscv32-unknown-elf/6.1.0/../../../../riscv32-unknown-elf/lib/libc.a(lib_a-init.o)
 .debug_aranges
                0x00000000000001b0       0x20 /opt/riscv32-unknown-elf-rv32im/lib/gcc/riscv32-unknown-elf/6.1.0/../../../../riscv32-unknown-elf/lib/libc.a(lib_a-memset.o)
 .debug_aranges
                0x00000000000001d0       0x20 /opt/riscv32-unknown-elf-rv32im/lib/gcc/riscv32-unknown-elf/6.1.0/../../../../riscv32-unknown-elf/lib/libc.a(lib_a-puts.o)
 .debug_aranges
                0x00000000000001f0       0x20 /opt/riscv32-unknown-elf-rv32im/lib/gcc/riscv32-unknown-elf/6.1.0/../../../../riscv32-unknown-elf/lib/libc.a(lib_a-strlen.o)
 .debug_aranges
                0x0000000000000210       0x20 /opt/riscv32-unknown-elf-rv32im/lib/gcc/riscv32-unknown-elf/6.1.0/../../../../riscv32-unknown-elf/lib/libc.a(lib_a-__atexit.o)
 .debug_aranges
                0x0000000000000230       0x20 /opt/riscv32-unknown-elf-rv32im/lib/gcc/riscv32-unknown-elf/6.1.0/../../../../riscv32-unknown-elf/lib/libc.a(lib_a-__call_atexit.o)
 .debug_aranges
                0x0000000000000250       0x20 /opt/riscv32-unknown-elf-rv32im/lib/gcc/riscv32-unknown-elf/6.1.0/../../../../riscv32-unknown-elf/lib/libc.a(lib_a-findfp.o)
 .debug_aranges
                0x0000000000000270       0x20 /opt/riscv32-unknown-elf-rv32im/lib/gcc/riscv32-unknown-elf/6.1.0/../../../../riscv32-unknown-elf/lib/libc.a(lib_a-fvwrite.o)
 .debug_aranges
                0x0000000000000290       0x20 /opt/riscv32-unknown-elf-rv32im/lib/gcc/riscv32-unknown-elf/6.1.0/../../../../riscv32-unknown-elf/lib/libc.a(lib_a-fwalk.o)
 .debug_aranges
                0x00000000000002b0       0x20 /opt/riscv32-unknown-elf-rv32im/lib/gcc/riscv32-unknown-elf/6.1.0/../../../../riscv32-unknown-elf/lib/libc.a(lib_a-mallocr.o)
 .debug_aranges
                0x00000000000002d0       0x20 /opt/riscv32-unknown-elf-rv32im/lib/gcc/riscv32-unknown-elf/6.1.0/../../../../riscv32-unknown-elf/lib/libc.a(lib_a-memchr.o)
 .debug_aranges
                0x00000000000002f0       0x20 /opt/riscv32-unknown-elf-rv32im/lib/gcc/riscv32-unknown-elf/6.1.0/../../../../riscv32-unknown-elf/lib/libc.a(lib_a-memcpy.o)
 .debug_aranges
                0x0000000000000310       0x20 /opt/riscv32-unknown-elf-rv32im/lib/gcc/riscv32-unknown-elf/6.1.0/../../../../riscv32-unknown-elf/lib/libc.a(lib_a-memmove.o)
 .debug_aranges
                0x0000000000000330       0x20 /opt/riscv32-unknown-elf-rv32im/lib/gcc/riscv32-unknown-elf/6.1.0/../../../../riscv32-unknown-elf/lib/libc.a(lib_a-mlock.o)
 .debug_aranges
                0x0000000000000350       0x20 /opt/riscv32-unknown-elf-rv32im/lib/gcc/riscv32-unknown-elf/6.1.0/../../../../riscv32-unknown-elf/lib/libc.a(lib_a-reallocr.o)
 .debug_aranges
                0x0000000000000370       0x20 /opt/riscv32-unknown-elf-rv32im/lib/gcc/riscv32-unknown-elf/6.1.0/../../../../riscv32-unknown-elf/lib/libc.a(lib_a-sbrkr.o)
 .debug_aranges
                0x0000000000000390       0x20 /opt/riscv32-unknown-elf-rv32im/lib/gcc/riscv32-unknown-elf/6.1.0/../../../../riscv32-unknown-elf/lib/libc.a(lib_a-stdio.o)
 .debug_aranges
                0x00000000000003b0       0x20 /opt/riscv32-unknown-elf-rv32im/lib/gcc/riscv32-unknown-elf/6.1.0/../../../../riscv32-unknown-elf/lib/libc.a(lib_a-writer.o)
 .debug_aranges
                0x00000000000003d0       0x20 /opt/riscv32-unknown-elf-rv32im/lib/gcc/riscv32-unknown-elf/6.1.0/../../../../riscv32-unknown-elf/lib/libc.a(lib_a-wsetup.o)
 .debug_aranges
                0x00000000000003f0       0x20 /opt/riscv32-unknown-elf-rv32im/lib/gcc/riscv32-unknown-elf/6.1.0/../../../../riscv32-unknown-elf/lib/libc.a(lib_a-closer.o)
 .debug_aranges
                0x0000000000000410       0x20 /opt/riscv32-unknown-elf-rv32im/lib/gcc/riscv32-unknown-elf/6.1.0/../../../../riscv32-unknown-elf/lib/libc.a(lib_a-fclose.o)
 .debug_aranges
                0x0000000000000430       0x20 /opt/riscv32-unknown-elf-rv32im/lib/gcc/riscv32-unknown-elf/6.1.0/../../../../riscv32-unknown-elf/lib/libc.a(lib_a-fflush.o)
 .debug_aranges
                0x0000000000000450       0x20 /opt/riscv32-unknown-elf-rv32im/lib/gcc/riscv32-unknown-elf/6.1.0/../../../../riscv32-unknown-elf/lib/libc.a(lib_a-freer.o)
 .debug_aranges
                0x0000000000000470       0x20 /opt/riscv32-unknown-elf-rv32im/lib/gcc/riscv32-unknown-elf/6.1.0/../../../../riscv32-unknown-elf/lib/libc.a(lib_a-lseekr.o)
 .debug_aranges
                0x0000000000000490       0x20 /opt/riscv32-unknown-elf-rv32im/lib/gcc/riscv32-unknown-elf/6.1.0/../../../../riscv32-unknown-elf/lib/libc.a(lib_a-makebuf.o)
 .debug_aranges
                0x00000000000004b0       0x20 /opt/riscv32-unknown-elf-rv32im/lib/gcc/riscv32-unknown-elf/6.1.0/../../../../riscv32-unknown-elf/lib/libc.a(lib_a-readr.o)
 .debug_aranges
                0x00000000000004d0       0x20 /opt/riscv32-unknown-elf-rv32im/lib/gcc/riscv32-unknown-elf/6.1.0/../../../../riscv32-unknown-elf/lib/libc.a(lib_a-reent.o)
 .debug_aranges
                0x00000000000004f0       0x20 /opt/riscv32-unknown-elf-rv32im/lib/gcc/riscv32-unknown-elf/6.1.0/../../../../riscv32-unknown-elf/lib/libc.a(lib_a-fstatr.o)
 .debug_aranges
                0x0000000000000510       0x20 /opt/riscv32-unknown-elf-rv32im/lib/gcc/riscv32-unknown-elf/6.1.0/../../../../riscv32-unknown-elf/lib/libc.a(lib_a-isattyr.o)
 .debug_aranges
                0x0000000000000530       0x20 /opt/riscv32-unknown-elf-rv32im/lib/gcc/riscv32-unknown-elf/6.1.0/../../../../riscv32-unknown-elf/lib/libnosys.a(close.o)
 .debug_aranges
                0x0000000000000550       0x20 /opt/riscv32-unknown-elf-rv32im/lib/gcc/riscv32-unknown-elf/6.1.0/../../../../riscv32-unknown-elf/lib/libnosys.a(fstat.o)
 .debug_aranges
                0x0000000000000570       0x20 /opt/riscv32-unknown-elf-rv32im/lib/gcc/riscv32-unknown-elf/6.1.0/../../../../riscv32-unknown-elf/lib/libnosys.a(isatty.o)
 .debug_aranges
                0x0000000000000590       0x20 /opt/riscv32-unknown-elf-rv32im/lib/gcc/riscv32-unknown-elf/6.1.0/../../../../riscv32-unknown-elf/lib/libnosys.a(lseek.o)
 .debug_aranges
                0x00000000000005b0       0x20 /opt/riscv32-unknown-elf-rv32im/lib/gcc/riscv32-unknown-elf/6.1.0/../../../../riscv32-unknown-elf/lib/libnosys.a(sbrk.o)
 .debug_aranges
                0x00000000000005d0       0x20 /opt/riscv32-unknown-elf-rv32im/lib/gcc/riscv32-unknown-elf/6.1.0/../../../../riscv32-unknown-elf/lib/libnosys.a(_exit.o)

.debug_pubnames
 *(.debug_pubnames)

.debug_info     0x0000000000000000    0x1a656
 *(.debug_info .gnu.linkonce.wi.*)
 .debug_info    0x0000000000000000       0xd8 /opt/riscv32-unknown-elf-rv32im/lib/gcc/riscv32-unknown-elf/6.1.0/../../../../riscv32-unknown-elf/lib/crt0.o
 .debug_info    0x00000000000000d8       0x85 ./lib/startup.o
 .debug_info    0x000000000000015d      0xa78 ./lib/syscalls.o
 .debug_info    0x0000000000000bd5      0x91b ./lib/riscv_counters.o
 .debug_info    0x00000000000014f0      0x3b6 ./lib/ns16550.o
 .debug_info    0x00000000000018a6      0x8cd /tmp/cc6eR0Ww.o
 .debug_info    0x0000000000002173      0x86a /opt/riscv32-unknown-elf-rv32im/lib/gcc/riscv32-unknown-elf/6.1.0/libgcc.a(_divdi3.o)
 .debug_info    0x00000000000029dd      0x899 /opt/riscv32-unknown-elf-rv32im/lib/gcc/riscv32-unknown-elf/6.1.0/libgcc.a(_moddi3.o)
 .debug_info    0x0000000000003276      0x1df /opt/riscv32-unknown-elf-rv32im/lib/gcc/riscv32-unknown-elf/6.1.0/libgcc.a(_clz.o)
 .debug_info    0x0000000000003455      0x90e /opt/riscv32-unknown-elf-rv32im/lib/gcc/riscv32-unknown-elf/6.1.0/../../../../riscv32-unknown-elf/lib/libc.a(lib_a-atexit.o)
 .debug_info    0x0000000000003d63      0x944 /opt/riscv32-unknown-elf-rv32im/lib/gcc/riscv32-unknown-elf/6.1.0/../../../../riscv32-unknown-elf/lib/libc.a(lib_a-exit.o)
 .debug_info    0x00000000000046a7       0xf6 /opt/riscv32-unknown-elf-rv32im/lib/gcc/riscv32-unknown-elf/6.1.0/../../../../riscv32-unknown-elf/lib/libc.a(lib_a-fini.o)
 .debug_info    0x000000000000479d      0x8ac /opt/riscv32-unknown-elf-rv32im/lib/gcc/riscv32-unknown-elf/6.1.0/../../../../riscv32-unknown-elf/lib/libc.a(lib_a-impure.o)
 .debug_info    0x0000000000005049      0x10c /opt/riscv32-unknown-elf-rv32im/lib/gcc/riscv32-unknown-elf/6.1.0/../../../../riscv32-unknown-elf/lib/libc.a(lib_a-init.o)
 .debug_info    0x0000000000005155       0xf0 /opt/riscv32-unknown-elf-rv32im/lib/gcc/riscv32-unknown-elf/6.1.0/../../../../riscv32-unknown-elf/lib/libc.a(lib_a-memset.o)
 .debug_info    0x0000000000005245      0xc26 /opt/riscv32-unknown-elf-rv32im/lib/gcc/riscv32-unknown-elf/6.1.0/../../../../riscv32-unknown-elf/lib/libc.a(lib_a-puts.o)
 .debug_info    0x0000000000005e6b      0x9a8 /opt/riscv32-unknown-elf-rv32im/lib/gcc/riscv32-unknown-elf/6.1.0/../../../../riscv32-unknown-elf/lib/libc.a(lib_a-strlen.o)
 .debug_info    0x0000000000006813      0x939 /opt/riscv32-unknown-elf-rv32im/lib/gcc/riscv32-unknown-elf/6.1.0/../../../../riscv32-unknown-elf/lib/libc.a(lib_a-__atexit.o)
 .debug_info    0x000000000000714c      0x951 /opt/riscv32-unknown-elf-rv32im/lib/gcc/riscv32-unknown-elf/6.1.0/../../../../riscv32-unknown-elf/lib/libc.a(lib_a-__call_atexit.o)
 .debug_info    0x0000000000007a9d      0xf99 /opt/riscv32-unknown-elf-rv32im/lib/gcc/riscv32-unknown-elf/6.1.0/../../../../riscv32-unknown-elf/lib/libc.a(lib_a-findfp.o)
 .debug_info    0x0000000000008a36      0xde2 /opt/riscv32-unknown-elf-rv32im/lib/gcc/riscv32-unknown-elf/6.1.0/../../../../riscv32-unknown-elf/lib/libc.a(lib_a-fvwrite.o)
 .debug_info    0x0000000000009818      0xbd3 /opt/riscv32-unknown-elf-rv32im/lib/gcc/riscv32-unknown-elf/6.1.0/../../../../riscv32-unknown-elf/lib/libc.a(lib_a-fwalk.o)
 .debug_info    0x000000000000a3eb      0xdcf /opt/riscv32-unknown-elf-rv32im/lib/gcc/riscv32-unknown-elf/6.1.0/../../../../riscv32-unknown-elf/lib/libc.a(lib_a-mallocr.o)
 .debug_info    0x000000000000b1ba      0x93a /opt/riscv32-unknown-elf-rv32im/lib/gcc/riscv32-unknown-elf/6.1.0/../../../../riscv32-unknown-elf/lib/libc.a(lib_a-memchr.o)
 .debug_info    0x000000000000baf4      0xa46 /opt/riscv32-unknown-elf-rv32im/lib/gcc/riscv32-unknown-elf/6.1.0/../../../../riscv32-unknown-elf/lib/libc.a(lib_a-memcpy.o)
 .debug_info    0x000000000000c53a      0x931 /opt/riscv32-unknown-elf-rv32im/lib/gcc/riscv32-unknown-elf/6.1.0/../../../../riscv32-unknown-elf/lib/libc.a(lib_a-memmove.o)
 .debug_info    0x000000000000ce6b      0x8df /opt/riscv32-unknown-elf-rv32im/lib/gcc/riscv32-unknown-elf/6.1.0/../../../../riscv32-unknown-elf/lib/libc.a(lib_a-mlock.o)
 .debug_info    0x000000000000d74a      0xdcb /opt/riscv32-unknown-elf-rv32im/lib/gcc/riscv32-unknown-elf/6.1.0/../../../../riscv32-unknown-elf/lib/libc.a(lib_a-reallocr.o)
 .debug_info    0x000000000000e515      0x961 /opt/riscv32-unknown-elf-rv32im/lib/gcc/riscv32-unknown-elf/6.1.0/../../../../riscv32-unknown-elf/lib/libc.a(lib_a-sbrkr.o)
 .debug_info    0x000000000000ee76      0xd4b /opt/riscv32-unknown-elf-rv32im/lib/gcc/riscv32-unknown-elf/6.1.0/../../../../riscv32-unknown-elf/lib/libc.a(lib_a-stdio.o)
 .debug_info    0x000000000000fbc1      0x97e /opt/riscv32-unknown-elf-rv32im/lib/gcc/riscv32-unknown-elf/6.1.0/../../../../riscv32-unknown-elf/lib/libc.a(lib_a-writer.o)
 .debug_info    0x000000000001053f      0xb4d /opt/riscv32-unknown-elf-rv32im/lib/gcc/riscv32-unknown-elf/6.1.0/../../../../riscv32-unknown-elf/lib/libc.a(lib_a-wsetup.o)
 .debug_info    0x000000000001108c      0x940 /opt/riscv32-unknown-elf-rv32im/lib/gcc/riscv32-unknown-elf/6.1.0/../../../../riscv32-unknown-elf/lib/libc.a(lib_a-closer.o)
 .debug_info    0x00000000000119cc      0xc0f /opt/riscv32-unknown-elf-rv32im/lib/gcc/riscv32-unknown-elf/6.1.0/../../../../riscv32-unknown-elf/lib/libc.a(lib_a-fclose.o)
 .debug_info    0x00000000000125db      0xc97 /opt/riscv32-unknown-elf-rv32im/lib/gcc/riscv32-unknown-elf/6.1.0/../../../../riscv32-unknown-elf/lib/libc.a(lib_a-fflush.o)
 .debug_info    0x0000000000013272      0xcb0 /opt/riscv32-unknown-elf-rv32im/lib/gcc/riscv32-unknown-elf/6.1.0/../../../../riscv32-unknown-elf/lib/libc.a(lib_a-freer.o)
 .debug_info    0x0000000000013f22      0x96c /opt/riscv32-unknown-elf-rv32im/lib/gcc/riscv32-unknown-elf/6.1.0/../../../../riscv32-unknown-elf/lib/libc.a(lib_a-lseekr.o)
 .debug_info    0x000000000001488e      0xe56 /opt/riscv32-unknown-elf-rv32im/lib/gcc/riscv32-unknown-elf/6.1.0/../../../../riscv32-unknown-elf/lib/libc.a(lib_a-makebuf.o)
 .debug_info    0x00000000000156e4      0x977 /opt/riscv32-unknown-elf-rv32im/lib/gcc/riscv32-unknown-elf/6.1.0/../../../../riscv32-unknown-elf/lib/libc.a(lib_a-readr.o)
 .debug_info    0x000000000001605b      0xa1f /opt/riscv32-unknown-elf-rv32im/lib/gcc/riscv32-unknown-elf/6.1.0/../../../../riscv32-unknown-elf/lib/libc.a(lib_a-reent.o)
 .debug_info    0x0000000000016a7a      0xb58 /opt/riscv32-unknown-elf-rv32im/lib/gcc/riscv32-unknown-elf/6.1.0/../../../../riscv32-unknown-elf/lib/libc.a(lib_a-fstatr.o)
 .debug_info    0x00000000000175d2      0x940 /opt/riscv32-unknown-elf-rv32im/lib/gcc/riscv32-unknown-elf/6.1.0/../../../../riscv32-unknown-elf/lib/libc.a(lib_a-isattyr.o)
 .debug_info    0x0000000000017f12      0x90e /opt/riscv32-unknown-elf-rv32im/lib/gcc/riscv32-unknown-elf/6.1.0/../../../../riscv32-unknown-elf/lib/libnosys.a(close.o)
 .debug_info    0x0000000000018820      0xb20 /opt/riscv32-unknown-elf-rv32im/lib/gcc/riscv32-unknown-elf/6.1.0/../../../../riscv32-unknown-elf/lib/libnosys.a(fstat.o)
 .debug_info    0x0000000000019340      0x90e /opt/riscv32-unknown-elf-rv32im/lib/gcc/riscv32-unknown-elf/6.1.0/../../../../riscv32-unknown-elf/lib/libnosys.a(isatty.o)
 .debug_info    0x0000000000019c4e      0x928 /opt/riscv32-unknown-elf-rv32im/lib/gcc/riscv32-unknown-elf/6.1.0/../../../../riscv32-unknown-elf/lib/libnosys.a(lseek.o)
 .debug_info    0x000000000001a576       0x8c /opt/riscv32-unknown-elf-rv32im/lib/gcc/riscv32-unknown-elf/6.1.0/../../../../riscv32-unknown-elf/lib/libnosys.a(sbrk.o)
 .debug_info    0x000000000001a602       0x54 /opt/riscv32-unknown-elf-rv32im/lib/gcc/riscv32-unknown-elf/6.1.0/../../../../riscv32-unknown-elf/lib/libnosys.a(_exit.o)

.debug_abbrev   0x0000000000000000     0x56f6
 *(.debug_abbrev)
 .debug_abbrev  0x0000000000000000       0x14 /opt/riscv32-unknown-elf-rv32im/lib/gcc/riscv32-unknown-elf/6.1.0/../../../../riscv32-unknown-elf/lib/crt0.o
 .debug_abbrev  0x0000000000000014       0x14 ./lib/startup.o
 .debug_abbrev  0x0000000000000028      0x222 ./lib/syscalls.o
 .debug_abbrev  0x000000000000024a      0x1ba ./lib/riscv_counters.o
 .debug_abbrev  0x0000000000000404      0x13c ./lib/ns16550.o
 .debug_abbrev  0x0000000000000540      0x1a0 /tmp/cc6eR0Ww.o
 .debug_abbrev  0x00000000000006e0      0x1c4 /opt/riscv32-unknown-elf-rv32im/lib/gcc/riscv32-unknown-elf/6.1.0/libgcc.a(_divdi3.o)
 .debug_abbrev  0x00000000000008a4      0x1e1 /opt/riscv32-unknown-elf-rv32im/lib/gcc/riscv32-unknown-elf/6.1.0/libgcc.a(_moddi3.o)
 .debug_abbrev  0x0000000000000a85       0xba /opt/riscv32-unknown-elf-rv32im/lib/gcc/riscv32-unknown-elf/6.1.0/libgcc.a(_clz.o)
 .debug_abbrev  0x0000000000000b3f      0x1f4 /opt/riscv32-unknown-elf-rv32im/lib/gcc/riscv32-unknown-elf/6.1.0/../../../../riscv32-unknown-elf/lib/libc.a(lib_a-atexit.o)
 .debug_abbrev  0x0000000000000d33      0x1e5 /opt/riscv32-unknown-elf-rv32im/lib/gcc/riscv32-unknown-elf/6.1.0/../../../../riscv32-unknown-elf/lib/libc.a(lib_a-exit.o)
 .debug_abbrev  0x0000000000000f18       0xbb /opt/riscv32-unknown-elf-rv32im/lib/gcc/riscv32-unknown-elf/6.1.0/../../../../riscv32-unknown-elf/lib/libc.a(lib_a-fini.o)
 .debug_abbrev  0x0000000000000fd3      0x187 /opt/riscv32-unknown-elf-rv32im/lib/gcc/riscv32-unknown-elf/6.1.0/../../../../riscv32-unknown-elf/lib/libc.a(lib_a-impure.o)
 .debug_abbrev  0x000000000000115a       0xb8 /opt/riscv32-unknown-elf-rv32im/lib/gcc/riscv32-unknown-elf/6.1.0/../../../../riscv32-unknown-elf/lib/libc.a(lib_a-init.o)
 .debug_abbrev  0x0000000000001212       0x14 /opt/riscv32-unknown-elf-rv32im/lib/gcc/riscv32-unknown-elf/6.1.0/../../../../riscv32-unknown-elf/lib/libc.a(lib_a-memset.o)
 .debug_abbrev  0x0000000000001226      0x277 /opt/riscv32-unknown-elf-rv32im/lib/gcc/riscv32-unknown-elf/6.1.0/../../../../riscv32-unknown-elf/lib/libc.a(lib_a-puts.o)
 .debug_abbrev  0x000000000000149d      0x207 /opt/riscv32-unknown-elf-rv32im/lib/gcc/riscv32-unknown-elf/6.1.0/../../../../riscv32-unknown-elf/lib/libc.a(lib_a-strlen.o)
 .debug_abbrev  0x00000000000016a4      0x205 /opt/riscv32-unknown-elf-rv32im/lib/gcc/riscv32-unknown-elf/6.1.0/../../../../riscv32-unknown-elf/lib/libc.a(lib_a-__atexit.o)
 .debug_abbrev  0x00000000000018a9      0x21b /opt/riscv32-unknown-elf-rv32im/lib/gcc/riscv32-unknown-elf/6.1.0/../../../../riscv32-unknown-elf/lib/libc.a(lib_a-__call_atexit.o)
 .debug_abbrev  0x0000000000001ac4      0x3a5 /opt/riscv32-unknown-elf-rv32im/lib/gcc/riscv32-unknown-elf/6.1.0/../../../../riscv32-unknown-elf/lib/libc.a(lib_a-findfp.o)
 .debug_abbrev  0x0000000000001e69      0x25f /opt/riscv32-unknown-elf-rv32im/lib/gcc/riscv32-unknown-elf/6.1.0/../../../../riscv32-unknown-elf/lib/libc.a(lib_a-fvwrite.o)
 .debug_abbrev  0x00000000000020c8      0x208 /opt/riscv32-unknown-elf-rv32im/lib/gcc/riscv32-unknown-elf/6.1.0/../../../../riscv32-unknown-elf/lib/libc.a(lib_a-fwalk.o)
 .debug_abbrev  0x00000000000022d0      0x2c2 /opt/riscv32-unknown-elf-rv32im/lib/gcc/riscv32-unknown-elf/6.1.0/../../../../riscv32-unknown-elf/lib/libc.a(lib_a-mallocr.o)
 .debug_abbrev  0x0000000000002592      0x1df /opt/riscv32-unknown-elf-rv32im/lib/gcc/riscv32-unknown-elf/6.1.0/../../../../riscv32-unknown-elf/lib/libc.a(lib_a-memchr.o)
 .debug_abbrev  0x0000000000002771      0x218 /opt/riscv32-unknown-elf-rv32im/lib/gcc/riscv32-unknown-elf/6.1.0/../../../../riscv32-unknown-elf/lib/libc.a(lib_a-memcpy.o)
 .debug_abbrev  0x0000000000002989      0x1d0 /opt/riscv32-unknown-elf-rv32im/lib/gcc/riscv32-unknown-elf/6.1.0/../../../../riscv32-unknown-elf/lib/libc.a(lib_a-memmove.o)
 .debug_abbrev  0x0000000000002b59      0x1c8 /opt/riscv32-unknown-elf-rv32im/lib/gcc/riscv32-unknown-elf/6.1.0/../../../../riscv32-unknown-elf/lib/libc.a(lib_a-mlock.o)
 .debug_abbrev  0x0000000000002d21      0x24e /opt/riscv32-unknown-elf-rv32im/lib/gcc/riscv32-unknown-elf/6.1.0/../../../../riscv32-unknown-elf/lib/libc.a(lib_a-reallocr.o)
 .debug_abbrev  0x0000000000002f6f      0x20a /opt/riscv32-unknown-elf-rv32im/lib/gcc/riscv32-unknown-elf/6.1.0/../../../../riscv32-unknown-elf/lib/libc.a(lib_a-sbrkr.o)
 .debug_abbrev  0x0000000000003179      0x26b /opt/riscv32-unknown-elf-rv32im/lib/gcc/riscv32-unknown-elf/6.1.0/../../../../riscv32-unknown-elf/lib/libc.a(lib_a-stdio.o)
 .debug_abbrev  0x00000000000033e4      0x1eb /opt/riscv32-unknown-elf-rv32im/lib/gcc/riscv32-unknown-elf/6.1.0/../../../../riscv32-unknown-elf/lib/libc.a(lib_a-writer.o)
 .debug_abbrev  0x00000000000035cf      0x23e /opt/riscv32-unknown-elf-rv32im/lib/gcc/riscv32-unknown-elf/6.1.0/../../../../riscv32-unknown-elf/lib/libc.a(lib_a-wsetup.o)
 .debug_abbrev  0x000000000000380d      0x1e6 /opt/riscv32-unknown-elf-rv32im/lib/gcc/riscv32-unknown-elf/6.1.0/../../../../riscv32-unknown-elf/lib/libc.a(lib_a-closer.o)
 .debug_abbrev  0x00000000000039f3      0x2c3 /opt/riscv32-unknown-elf-rv32im/lib/gcc/riscv32-unknown-elf/6.1.0/../../../../riscv32-unknown-elf/lib/libc.a(lib_a-fclose.o)
 .debug_abbrev  0x0000000000003cb6      0x2c6 /opt/riscv32-unknown-elf-rv32im/lib/gcc/riscv32-unknown-elf/6.1.0/../../../../riscv32-unknown-elf/lib/libc.a(lib_a-fflush.o)
 .debug_abbrev  0x0000000000003f7c      0x278 /opt/riscv32-unknown-elf-rv32im/lib/gcc/riscv32-unknown-elf/6.1.0/../../../../riscv32-unknown-elf/lib/libc.a(lib_a-freer.o)
 .debug_abbrev  0x00000000000041f4      0x1f5 /opt/riscv32-unknown-elf-rv32im/lib/gcc/riscv32-unknown-elf/6.1.0/../../../../riscv32-unknown-elf/lib/libc.a(lib_a-lseekr.o)
 .debug_abbrev  0x00000000000043e9      0x2d7 /opt/riscv32-unknown-elf-rv32im/lib/gcc/riscv32-unknown-elf/6.1.0/../../../../riscv32-unknown-elf/lib/libc.a(lib_a-makebuf.o)
 .debug_abbrev  0x00000000000046c0      0x1e6 /opt/riscv32-unknown-elf-rv32im/lib/gcc/riscv32-unknown-elf/6.1.0/../../../../riscv32-unknown-elf/lib/libc.a(lib_a-readr.o)
 .debug_abbrev  0x00000000000048a6      0x26b /opt/riscv32-unknown-elf-rv32im/lib/gcc/riscv32-unknown-elf/6.1.0/../../../../riscv32-unknown-elf/lib/libc.a(lib_a-reent.o)
 .debug_abbrev  0x0000000000004b11      0x1f5 /opt/riscv32-unknown-elf-rv32im/lib/gcc/riscv32-unknown-elf/6.1.0/../../../../riscv32-unknown-elf/lib/libc.a(lib_a-fstatr.o)
 .debug_abbrev  0x0000000000004d06      0x1e6 /opt/riscv32-unknown-elf-rv32im/lib/gcc/riscv32-unknown-elf/6.1.0/../../../../riscv32-unknown-elf/lib/libc.a(lib_a-isattyr.o)
 .debug_abbrev  0x0000000000004eec      0x1c1 /opt/riscv32-unknown-elf-rv32im/lib/gcc/riscv32-unknown-elf/6.1.0/../../../../riscv32-unknown-elf/lib/libnosys.a(close.o)
 .debug_abbrev  0x00000000000050ad      0x1d2 /opt/riscv32-unknown-elf-rv32im/lib/gcc/riscv32-unknown-elf/6.1.0/../../../../riscv32-unknown-elf/lib/libnosys.a(fstat.o)
 .debug_abbrev  0x000000000000527f      0x1c1 /opt/riscv32-unknown-elf-rv32im/lib/gcc/riscv32-unknown-elf/6.1.0/../../../../riscv32-unknown-elf/lib/libnosys.a(isatty.o)
 .debug_abbrev  0x0000000000005440      0x1d0 /opt/riscv32-unknown-elf-rv32im/lib/gcc/riscv32-unknown-elf/6.1.0/../../../../riscv32-unknown-elf/lib/libnosys.a(lseek.o)
 .debug_abbrev  0x0000000000005610       0x90 /opt/riscv32-unknown-elf-rv32im/lib/gcc/riscv32-unknown-elf/6.1.0/../../../../riscv32-unknown-elf/lib/libnosys.a(sbrk.o)
 .debug_abbrev  0x00000000000056a0       0x56 /opt/riscv32-unknown-elf-rv32im/lib/gcc/riscv32-unknown-elf/6.1.0/../../../../riscv32-unknown-elf/lib/libnosys.a(_exit.o)

.debug_line     0x0000000000000000     0x6589
 *(.debug_line .debug_line.* .debug_line_end)
 .debug_line    0x0000000000000000       0x8c /opt/riscv32-unknown-elf-rv32im/lib/gcc/riscv32-unknown-elf/6.1.0/../../../../riscv32-unknown-elf/lib/crt0.o
 .debug_line    0x000000000000008c       0x44 ./lib/startup.o
 .debug_line    0x00000000000000d0      0x208 ./lib/syscalls.o
 .debug_line    0x00000000000002d8      0x179 ./lib/riscv_counters.o
 .debug_line    0x0000000000000451      0x129 ./lib/ns16550.o
 .debug_line    0x000000000000057a      0x147 /tmp/cc6eR0Ww.o
 .debug_line    0x00000000000006c1      0x204 /opt/riscv32-unknown-elf-rv32im/lib/gcc/riscv32-unknown-elf/6.1.0/libgcc.a(_divdi3.o)
 .debug_line    0x00000000000008c5      0x1f1 /opt/riscv32-unknown-elf-rv32im/lib/gcc/riscv32-unknown-elf/6.1.0/libgcc.a(_moddi3.o)
 .debug_line    0x0000000000000ab6      0x156 /opt/riscv32-unknown-elf-rv32im/lib/gcc/riscv32-unknown-elf/6.1.0/libgcc.a(_clz.o)
 .debug_line    0x0000000000000c0c      0x227 /opt/riscv32-unknown-elf-rv32im/lib/gcc/riscv32-unknown-elf/6.1.0/../../../../riscv32-unknown-elf/lib/libc.a(lib_a-atexit.o)
 .debug_line    0x0000000000000e33      0x239 /opt/riscv32-unknown-elf-rv32im/lib/gcc/riscv32-unknown-elf/6.1.0/../../../../riscv32-unknown-elf/lib/libc.a(lib_a-exit.o)
 .debug_line    0x000000000000106c       0xe5 /opt/riscv32-unknown-elf-rv32im/lib/gcc/riscv32-unknown-elf/6.1.0/../../../../riscv32-unknown-elf/lib/libc.a(lib_a-fini.o)
 .debug_line    0x0000000000001151      0x1b2 /opt/riscv32-unknown-elf-rv32im/lib/gcc/riscv32-unknown-elf/6.1.0/../../../../riscv32-unknown-elf/lib/libc.a(lib_a-impure.o)
 .debug_line    0x0000000000001303      0x108 /opt/riscv32-unknown-elf-rv32im/lib/gcc/riscv32-unknown-elf/6.1.0/../../../../riscv32-unknown-elf/lib/libc.a(lib_a-init.o)
 .debug_line    0x000000000000140b       0xc0 /opt/riscv32-unknown-elf-rv32im/lib/gcc/riscv32-unknown-elf/6.1.0/../../../../riscv32-unknown-elf/lib/libc.a(lib_a-memset.o)
 .debug_line    0x00000000000014cb      0x289 /opt/riscv32-unknown-elf-rv32im/lib/gcc/riscv32-unknown-elf/6.1.0/../../../../riscv32-unknown-elf/lib/libc.a(lib_a-puts.o)
 .debug_line    0x0000000000001754      0x32c /opt/riscv32-unknown-elf-rv32im/lib/gcc/riscv32-unknown-elf/6.1.0/../../../../riscv32-unknown-elf/lib/libc.a(lib_a-strlen.o)
 .debug_line    0x0000000000001a80      0x24e /opt/riscv32-unknown-elf-rv32im/lib/gcc/riscv32-unknown-elf/6.1.0/../../../../riscv32-unknown-elf/lib/libc.a(lib_a-__atexit.o)
 .debug_line    0x0000000000001cce      0x265 /opt/riscv32-unknown-elf-rv32im/lib/gcc/riscv32-unknown-elf/6.1.0/../../../../riscv32-unknown-elf/lib/libc.a(lib_a-__call_atexit.o)
 .debug_line    0x0000000000001f33      0x35c /opt/riscv32-unknown-elf-rv32im/lib/gcc/riscv32-unknown-elf/6.1.0/../../../../riscv32-unknown-elf/lib/libc.a(lib_a-findfp.o)
 .debug_line    0x000000000000228f      0x3a4 /opt/riscv32-unknown-elf-rv32im/lib/gcc/riscv32-unknown-elf/6.1.0/../../../../riscv32-unknown-elf/lib/libc.a(lib_a-fvwrite.o)
 .debug_line    0x0000000000002633      0x2a7 /opt/riscv32-unknown-elf-rv32im/lib/gcc/riscv32-unknown-elf/6.1.0/../../../../riscv32-unknown-elf/lib/libc.a(lib_a-fwalk.o)
 .debug_line    0x00000000000028da      0x455 /opt/riscv32-unknown-elf-rv32im/lib/gcc/riscv32-unknown-elf/6.1.0/../../../../riscv32-unknown-elf/lib/libc.a(lib_a-mallocr.o)
 .debug_line    0x0000000000002d2f      0x24f /opt/riscv32-unknown-elf-rv32im/lib/gcc/riscv32-unknown-elf/6.1.0/../../../../riscv32-unknown-elf/lib/libc.a(lib_a-memchr.o)
 .debug_line    0x0000000000002f7e      0x2c3 /opt/riscv32-unknown-elf-rv32im/lib/gcc/riscv32-unknown-elf/6.1.0/../../../../riscv32-unknown-elf/lib/libc.a(lib_a-memcpy.o)
 .debug_line    0x0000000000003241      0x256 /opt/riscv32-unknown-elf-rv32im/lib/gcc/riscv32-unknown-elf/6.1.0/../../../../riscv32-unknown-elf/lib/libc.a(lib_a-memmove.o)
 .debug_line    0x0000000000003497      0x1c1 /opt/riscv32-unknown-elf-rv32im/lib/gcc/riscv32-unknown-elf/6.1.0/../../../../riscv32-unknown-elf/lib/libc.a(lib_a-mlock.o)
 .debug_line    0x0000000000003658      0x351 /opt/riscv32-unknown-elf-rv32im/lib/gcc/riscv32-unknown-elf/6.1.0/../../../../riscv32-unknown-elf/lib/libc.a(lib_a-reallocr.o)
 .debug_line    0x00000000000039a9      0x233 /opt/riscv32-unknown-elf-rv32im/lib/gcc/riscv32-unknown-elf/6.1.0/../../../../riscv32-unknown-elf/lib/libc.a(lib_a-sbrkr.o)
 .debug_line    0x0000000000003bdc      0x2a1 /opt/riscv32-unknown-elf-rv32im/lib/gcc/riscv32-unknown-elf/6.1.0/../../../../riscv32-unknown-elf/lib/libc.a(lib_a-stdio.o)
 .debug_line    0x0000000000003e7d      0x234 /opt/riscv32-unknown-elf-rv32im/lib/gcc/riscv32-unknown-elf/6.1.0/../../../../riscv32-unknown-elf/lib/libc.a(lib_a-writer.o)
 .debug_line    0x00000000000040b1      0x2b1 /opt/riscv32-unknown-elf-rv32im/lib/gcc/riscv32-unknown-elf/6.1.0/../../../../riscv32-unknown-elf/lib/libc.a(lib_a-wsetup.o)
 .debug_line    0x0000000000004362      0x234 /opt/riscv32-unknown-elf-rv32im/lib/gcc/riscv32-unknown-elf/6.1.0/../../../../riscv32-unknown-elf/lib/libc.a(lib_a-closer.o)
 .debug_line    0x0000000000004596      0x275 /opt/riscv32-unknown-elf-rv32im/lib/gcc/riscv32-unknown-elf/6.1.0/../../../../riscv32-unknown-elf/lib/libc.a(lib_a-fclose.o)
 .debug_line    0x000000000000480b      0x324 /opt/riscv32-unknown-elf-rv32im/lib/gcc/riscv32-unknown-elf/6.1.0/../../../../riscv32-unknown-elf/lib/libc.a(lib_a-fflush.o)
 .debug_line    0x0000000000004b2f      0x35c /opt/riscv32-unknown-elf-rv32im/lib/gcc/riscv32-unknown-elf/6.1.0/../../../../riscv32-unknown-elf/lib/libc.a(lib_a-freer.o)
 .debug_line    0x0000000000004e8b      0x234 /opt/riscv32-unknown-elf-rv32im/lib/gcc/riscv32-unknown-elf/6.1.0/../../../../riscv32-unknown-elf/lib/libc.a(lib_a-lseekr.o)
 .debug_line    0x00000000000050bf      0x2f1 /opt/riscv32-unknown-elf-rv32im/lib/gcc/riscv32-unknown-elf/6.1.0/../../../../riscv32-unknown-elf/lib/libc.a(lib_a-makebuf.o)
 .debug_line    0x00000000000053b0      0x233 /opt/riscv32-unknown-elf-rv32im/lib/gcc/riscv32-unknown-elf/6.1.0/../../../../riscv32-unknown-elf/lib/libc.a(lib_a-readr.o)
 .debug_line    0x00000000000055e3      0x258 /opt/riscv32-unknown-elf-rv32im/lib/gcc/riscv32-unknown-elf/6.1.0/../../../../riscv32-unknown-elf/lib/libc.a(lib_a-reent.o)
 .debug_line    0x000000000000583b      0x262 /opt/riscv32-unknown-elf-rv32im/lib/gcc/riscv32-unknown-elf/6.1.0/../../../../riscv32-unknown-elf/lib/libc.a(lib_a-fstatr.o)
 .debug_line    0x0000000000005a9d      0x235 /opt/riscv32-unknown-elf-rv32im/lib/gcc/riscv32-unknown-elf/6.1.0/../../../../riscv32-unknown-elf/lib/libc.a(lib_a-isattyr.o)
 .debug_line    0x0000000000005cd2      0x1cd /opt/riscv32-unknown-elf-rv32im/lib/gcc/riscv32-unknown-elf/6.1.0/../../../../riscv32-unknown-elf/lib/libnosys.a(close.o)
 .debug_line    0x0000000000005e9f      0x247 /opt/riscv32-unknown-elf-rv32im/lib/gcc/riscv32-unknown-elf/6.1.0/../../../../riscv32-unknown-elf/lib/libnosys.a(fstat.o)
 .debug_line    0x00000000000060e6      0x1ce /opt/riscv32-unknown-elf-rv32im/lib/gcc/riscv32-unknown-elf/6.1.0/../../../../riscv32-unknown-elf/lib/libnosys.a(isatty.o)
 .debug_line    0x00000000000062b4      0x1cd /opt/riscv32-unknown-elf-rv32im/lib/gcc/riscv32-unknown-elf/6.1.0/../../../../riscv32-unknown-elf/lib/libnosys.a(lseek.o)
 .debug_line    0x0000000000006481       0x85 /opt/riscv32-unknown-elf-rv32im/lib/gcc/riscv32-unknown-elf/6.1.0/../../../../riscv32-unknown-elf/lib/libnosys.a(sbrk.o)
 .debug_line    0x0000000000006506       0x83 /opt/riscv32-unknown-elf-rv32im/lib/gcc/riscv32-unknown-elf/6.1.0/../../../../riscv32-unknown-elf/lib/libnosys.a(_exit.o)

.debug_frame    0x0000000000000000     0x14d4
 *(.debug_frame)
 .debug_frame   0x0000000000000000      0x108 ./lib/syscalls.o
 .debug_frame   0x0000000000000108       0xac ./lib/riscv_counters.o
 .debug_frame   0x00000000000001b4      0x114 ./lib/ns16550.o
 .debug_frame   0x00000000000002c8       0x4c /tmp/cc6eR0Ww.o
 .debug_frame   0x0000000000000314       0x20 /opt/riscv32-unknown-elf-rv32im/lib/gcc/riscv32-unknown-elf/6.1.0/libgcc.a(_divdi3.o)
 .debug_frame   0x0000000000000334       0x20 /opt/riscv32-unknown-elf-rv32im/lib/gcc/riscv32-unknown-elf/6.1.0/libgcc.a(_moddi3.o)
 .debug_frame   0x0000000000000354       0x20 /opt/riscv32-unknown-elf-rv32im/lib/gcc/riscv32-unknown-elf/6.1.0/../../../../riscv32-unknown-elf/lib/libc.a(lib_a-atexit.o)
 .debug_frame   0x0000000000000374       0x30 /opt/riscv32-unknown-elf-rv32im/lib/gcc/riscv32-unknown-elf/6.1.0/../../../../riscv32-unknown-elf/lib/libc.a(lib_a-exit.o)
 .debug_frame   0x00000000000003a4       0x50 /opt/riscv32-unknown-elf-rv32im/lib/gcc/riscv32-unknown-elf/6.1.0/../../../../riscv32-unknown-elf/lib/libc.a(lib_a-fini.o)
 .debug_frame   0x00000000000003f4       0x58 /opt/riscv32-unknown-elf-rv32im/lib/gcc/riscv32-unknown-elf/6.1.0/../../../../riscv32-unknown-elf/lib/libc.a(lib_a-init.o)
 .debug_frame   0x000000000000044c       0x68 /opt/riscv32-unknown-elf-rv32im/lib/gcc/riscv32-unknown-elf/6.1.0/../../../../riscv32-unknown-elf/lib/libc.a(lib_a-puts.o)
 .debug_frame   0x00000000000004b4       0x20 /opt/riscv32-unknown-elf-rv32im/lib/gcc/riscv32-unknown-elf/6.1.0/../../../../riscv32-unknown-elf/lib/libc.a(lib_a-strlen.o)
 .debug_frame   0x00000000000004d4       0x20 /opt/riscv32-unknown-elf-rv32im/lib/gcc/riscv32-unknown-elf/6.1.0/../../../../riscv32-unknown-elf/lib/libc.a(lib_a-__atexit.o)
 .debug_frame   0x00000000000004f4       0x94 /opt/riscv32-unknown-elf-rv32im/lib/gcc/riscv32-unknown-elf/6.1.0/../../../../riscv32-unknown-elf/lib/libc.a(lib_a-__call_atexit.o)
 .debug_frame   0x0000000000000588      0x1d8 /opt/riscv32-unknown-elf-rv32im/lib/gcc/riscv32-unknown-elf/6.1.0/../../../../riscv32-unknown-elf/lib/libc.a(lib_a-findfp.o)
 .debug_frame   0x0000000000000760       0xd8 /opt/riscv32-unknown-elf-rv32im/lib/gcc/riscv32-unknown-elf/6.1.0/../../../../riscv32-unknown-elf/lib/libc.a(lib_a-fvwrite.o)
 .debug_frame   0x0000000000000838       0xf0 /opt/riscv32-unknown-elf-rv32im/lib/gcc/riscv32-unknown-elf/6.1.0/../../../../riscv32-unknown-elf/lib/libc.a(lib_a-fwalk.o)
 .debug_frame   0x0000000000000928       0x94 /opt/riscv32-unknown-elf-rv32im/lib/gcc/riscv32-unknown-elf/6.1.0/../../../../riscv32-unknown-elf/lib/libc.a(lib_a-mallocr.o)
 .debug_frame   0x00000000000009bc       0x20 /opt/riscv32-unknown-elf-rv32im/lib/gcc/riscv32-unknown-elf/6.1.0/../../../../riscv32-unknown-elf/lib/libc.a(lib_a-memchr.o)
 .debug_frame   0x00000000000009dc       0x20 /opt/riscv32-unknown-elf-rv32im/lib/gcc/riscv32-unknown-elf/6.1.0/../../../../riscv32-unknown-elf/lib/libc.a(lib_a-memcpy.o)
 .debug_frame   0x00000000000009fc       0x20 /opt/riscv32-unknown-elf-rv32im/lib/gcc/riscv32-unknown-elf/6.1.0/../../../../riscv32-unknown-elf/lib/libc.a(lib_a-memmove.o)
 .debug_frame   0x0000000000000a1c       0x30 /opt/riscv32-unknown-elf-rv32im/lib/gcc/riscv32-unknown-elf/6.1.0/../../../../riscv32-unknown-elf/lib/libc.a(lib_a-mlock.o)
 .debug_frame   0x0000000000000a4c       0xbc /opt/riscv32-unknown-elf-rv32im/lib/gcc/riscv32-unknown-elf/6.1.0/../../../../riscv32-unknown-elf/lib/libc.a(lib_a-reallocr.o)
 .debug_frame   0x0000000000000b08       0x70 /opt/riscv32-unknown-elf-rv32im/lib/gcc/riscv32-unknown-elf/6.1.0/../../../../riscv32-unknown-elf/lib/libc.a(lib_a-sbrkr.o)
 .debug_frame   0x0000000000000b78      0x124 /opt/riscv32-unknown-elf-rv32im/lib/gcc/riscv32-unknown-elf/6.1.0/../../../../riscv32-unknown-elf/lib/libc.a(lib_a-stdio.o)
 .debug_frame   0x0000000000000c9c       0x70 /opt/riscv32-unknown-elf-rv32im/lib/gcc/riscv32-unknown-elf/6.1.0/../../../../riscv32-unknown-elf/lib/libc.a(lib_a-writer.o)
 .debug_frame   0x0000000000000d0c       0x54 /opt/riscv32-unknown-elf-rv32im/lib/gcc/riscv32-unknown-elf/6.1.0/../../../../riscv32-unknown-elf/lib/libc.a(lib_a-wsetup.o)
 .debug_frame   0x0000000000000d60       0x70 /opt/riscv32-unknown-elf-rv32im/lib/gcc/riscv32-unknown-elf/6.1.0/../../../../riscv32-unknown-elf/lib/libc.a(lib_a-closer.o)
 .debug_frame   0x0000000000000dd0       0x90 /opt/riscv32-unknown-elf-rv32im/lib/gcc/riscv32-unknown-elf/6.1.0/../../../../riscv32-unknown-elf/lib/libc.a(lib_a-fclose.o)
 .debug_frame   0x0000000000000e60       0xf4 /opt/riscv32-unknown-elf-rv32im/lib/gcc/riscv32-unknown-elf/6.1.0/../../../../riscv32-unknown-elf/lib/libc.a(lib_a-fflush.o)
 .debug_frame   0x0000000000000f54      0x114 /opt/riscv32-unknown-elf-rv32im/lib/gcc/riscv32-unknown-elf/6.1.0/../../../../riscv32-unknown-elf/lib/libc.a(lib_a-freer.o)
 .debug_frame   0x0000000000001068       0x70 /opt/riscv32-unknown-elf-rv32im/lib/gcc/riscv32-unknown-elf/6.1.0/../../../../riscv32-unknown-elf/lib/libc.a(lib_a-lseekr.o)
 .debug_frame   0x00000000000010d8      0x118 /opt/riscv32-unknown-elf-rv32im/lib/gcc/riscv32-unknown-elf/6.1.0/../../../../riscv32-unknown-elf/lib/libc.a(lib_a-makebuf.o)
 .debug_frame   0x00000000000011f0       0x70 /opt/riscv32-unknown-elf-rv32im/lib/gcc/riscv32-unknown-elf/6.1.0/../../../../riscv32-unknown-elf/lib/libc.a(lib_a-readr.o)
 .debug_frame   0x0000000000001260       0xd4 /opt/riscv32-unknown-elf-rv32im/lib/gcc/riscv32-unknown-elf/6.1.0/../../../../riscv32-unknown-elf/lib/libc.a(lib_a-reent.o)
 .debug_frame   0x0000000000001334       0x70 /opt/riscv32-unknown-elf-rv32im/lib/gcc/riscv32-unknown-elf/6.1.0/../../../../riscv32-unknown-elf/lib/libc.a(lib_a-fstatr.o)
 .debug_frame   0x00000000000013a4       0x70 /opt/riscv32-unknown-elf-rv32im/lib/gcc/riscv32-unknown-elf/6.1.0/../../../../riscv32-unknown-elf/lib/libc.a(lib_a-isattyr.o)
 .debug_frame   0x0000000000001414       0x20 /opt/riscv32-unknown-elf-rv32im/lib/gcc/riscv32-unknown-elf/6.1.0/../../../../riscv32-unknown-elf/lib/libnosys.a(close.o)
 .debug_frame   0x0000000000001434       0x20 /opt/riscv32-unknown-elf-rv32im/lib/gcc/riscv32-unknown-elf/6.1.0/../../../../riscv32-unknown-elf/lib/libnosys.a(fstat.o)
 .debug_frame   0x0000000000001454       0x20 /opt/riscv32-unknown-elf-rv32im/lib/gcc/riscv32-unknown-elf/6.1.0/../../../../riscv32-unknown-elf/lib/libnosys.a(isatty.o)
 .debug_frame   0x0000000000001474       0x20 /opt/riscv32-unknown-elf-rv32im/lib/gcc/riscv32-unknown-elf/6.1.0/../../../../riscv32-unknown-elf/lib/libnosys.a(lseek.o)
 .debug_frame   0x0000000000001494       0x20 /opt/riscv32-unknown-elf-rv32im/lib/gcc/riscv32-unknown-elf/6.1.0/../../../../riscv32-unknown-elf/lib/libnosys.a(sbrk.o)
 .debug_frame   0x00000000000014b4       0x20 /opt/riscv32-unknown-elf-rv32im/lib/gcc/riscv32-unknown-elf/6.1.0/../../../../riscv32-unknown-elf/lib/libnosys.a(_exit.o)

.debug_str      0x0000000000000000     0x2144
 *(.debug_str)
 .debug_str     0x0000000000000000      0x4ed ./lib/syscalls.o
                                        0x5b2 (size before relaxing)
 .debug_str     0x00000000000004ed       0x42 ./lib/riscv_counters.o
                                        0x547 (size before relaxing)
 .debug_str     0x000000000000052f      0x24b ./lib/ns16550.o
                                        0x359 (size before relaxing)
 .debug_str     0x000000000000077a       0x1d /tmp/cc6eR0Ww.o
                                        0x512 (size before relaxing)
 .debug_str     0x0000000000000797      0x2f2 /opt/riscv32-unknown-elf-rv32im/lib/gcc/riscv32-unknown-elf/6.1.0/libgcc.a(_divdi3.o)
                                        0x390 (size before relaxing)
 .debug_str     0x0000000000000a89        0x9 /opt/riscv32-unknown-elf-rv32im/lib/gcc/riscv32-unknown-elf/6.1.0/libgcc.a(_moddi3.o)
                                        0x390 (size before relaxing)
 .debug_str     0x0000000000000a92       0x78 /opt/riscv32-unknown-elf-rv32im/lib/gcc/riscv32-unknown-elf/6.1.0/libgcc.a(_clz.o)
                                        0x2d8 (size before relaxing)
 .debug_str     0x0000000000000b0a       0xe0 /opt/riscv32-unknown-elf-rv32im/lib/gcc/riscv32-unknown-elf/6.1.0/../../../../riscv32-unknown-elf/lib/libc.a(lib_a-atexit.o)
                                        0x563 (size before relaxing)
 .debug_str     0x0000000000000bea       0x96 /opt/riscv32-unknown-elf-rv32im/lib/gcc/riscv32-unknown-elf/6.1.0/../../../../riscv32-unknown-elf/lib/libc.a(lib_a-exit.o)
                                        0x564 (size before relaxing)
 .debug_str     0x0000000000000c80       0x8e /opt/riscv32-unknown-elf-rv32im/lib/gcc/riscv32-unknown-elf/6.1.0/../../../../riscv32-unknown-elf/lib/libc.a(lib_a-fini.o)
                                        0x175 (size before relaxing)
 .debug_str     0x0000000000000d0e       0x61 /opt/riscv32-unknown-elf-rv32im/lib/gcc/riscv32-unknown-elf/6.1.0/../../../../riscv32-unknown-elf/lib/libc.a(lib_a-impure.o)
                                        0x519 (size before relaxing)
 .debug_str     0x0000000000000d6f       0xb2 /opt/riscv32-unknown-elf-rv32im/lib/gcc/riscv32-unknown-elf/6.1.0/../../../../riscv32-unknown-elf/lib/libc.a(lib_a-init.o)
                                        0x19f (size before relaxing)
 .debug_str     0x0000000000000e21      0x1c2 /opt/riscv32-unknown-elf-rv32im/lib/gcc/riscv32-unknown-elf/6.1.0/../../../../riscv32-unknown-elf/lib/libc.a(lib_a-puts.o)
                                        0x6ce (size before relaxing)
 .debug_str     0x0000000000000fe3       0x81 /opt/riscv32-unknown-elf-rv32im/lib/gcc/riscv32-unknown-elf/6.1.0/../../../../riscv32-unknown-elf/lib/libc.a(lib_a-strlen.o)
                                        0x557 (size before relaxing)
 .debug_str     0x0000000000001064       0x66 /opt/riscv32-unknown-elf-rv32im/lib/gcc/riscv32-unknown-elf/6.1.0/../../../../riscv32-unknown-elf/lib/libc.a(lib_a-__atexit.o)
                                        0x576 (size before relaxing)
 .debug_str     0x00000000000010ca       0x6b /opt/riscv32-unknown-elf-rv32im/lib/gcc/riscv32-unknown-elf/6.1.0/../../../../riscv32-unknown-elf/lib/libc.a(lib_a-__call_atexit.o)
                                        0x556 (size before relaxing)
 .debug_str     0x0000000000001135      0x156 /opt/riscv32-unknown-elf-rv32im/lib/gcc/riscv32-unknown-elf/6.1.0/../../../../riscv32-unknown-elf/lib/libc.a(lib_a-findfp.o)
                                        0x7a7 (size before relaxing)
 .debug_str     0x000000000000128b       0xb3 /opt/riscv32-unknown-elf-rv32im/lib/gcc/riscv32-unknown-elf/6.1.0/../../../../riscv32-unknown-elf/lib/libc.a(lib_a-fvwrite.o)
                                        0x71c (size before relaxing)
 .debug_str     0x000000000000133e       0x63 /opt/riscv32-unknown-elf-rv32im/lib/gcc/riscv32-unknown-elf/6.1.0/../../../../riscv32-unknown-elf/lib/libc.a(lib_a-fwalk.o)
                                        0x68f (size before relaxing)
 .debug_str     0x00000000000013a1      0x245 /opt/riscv32-unknown-elf-rv32im/lib/gcc/riscv32-unknown-elf/6.1.0/../../../../riscv32-unknown-elf/lib/libc.a(lib_a-mallocr.o)
                                        0x780 (size before relaxing)
 .debug_str     0x00000000000015e6       0x6b /opt/riscv32-unknown-elf-rv32im/lib/gcc/riscv32-unknown-elf/6.1.0/../../../../riscv32-unknown-elf/lib/libc.a(lib_a-memchr.o)
                                        0x536 (size before relaxing)
 .debug_str     0x0000000000001651       0x68 /opt/riscv32-unknown-elf-rv32im/lib/gcc/riscv32-unknown-elf/6.1.0/../../../../riscv32-unknown-elf/lib/libc.a(lib_a-memcpy.o)
                                        0x544 (size before relaxing)
 .debug_str     0x00000000000016b9       0x78 /opt/riscv32-unknown-elf-rv32im/lib/gcc/riscv32-unknown-elf/6.1.0/../../../../riscv32-unknown-elf/lib/libc.a(lib_a-memmove.o)
                                        0x54f (size before relaxing)
 .debug_str     0x0000000000001731       0x6a /opt/riscv32-unknown-elf-rv32im/lib/gcc/riscv32-unknown-elf/6.1.0/../../../../riscv32-unknown-elf/lib/libc.a(lib_a-mlock.o)
                                        0x540 (size before relaxing)
 .debug_str     0x000000000000179b       0x4e /opt/riscv32-unknown-elf-rv32im/lib/gcc/riscv32-unknown-elf/6.1.0/../../../../riscv32-unknown-elf/lib/libc.a(lib_a-reallocr.o)
                                        0x737 (size before relaxing)
 .debug_str     0x00000000000017e9       0x68 /opt/riscv32-unknown-elf-rv32im/lib/gcc/riscv32-unknown-elf/6.1.0/../../../../riscv32-unknown-elf/lib/libc.a(lib_a-sbrkr.o)
                                        0x55b (size before relaxing)
 .debug_str     0x0000000000001851       0xab /opt/riscv32-unknown-elf-rv32im/lib/gcc/riscv32-unknown-elf/6.1.0/../../../../riscv32-unknown-elf/lib/libc.a(lib_a-stdio.o)
                                        0x6da (size before relaxing)
 .debug_str     0x00000000000018fc       0x55 /opt/riscv32-unknown-elf-rv32im/lib/gcc/riscv32-unknown-elf/6.1.0/../../../../riscv32-unknown-elf/lib/libc.a(lib_a-writer.o)
                                        0x556 (size before relaxing)
 .debug_str     0x0000000000001951       0x62 /opt/riscv32-unknown-elf-rv32im/lib/gcc/riscv32-unknown-elf/6.1.0/../../../../riscv32-unknown-elf/lib/libc.a(lib_a-wsetup.o)
                                        0x69d (size before relaxing)
 .debug_str     0x00000000000019b3       0x55 /opt/riscv32-unknown-elf-rv32im/lib/gcc/riscv32-unknown-elf/6.1.0/../../../../riscv32-unknown-elf/lib/libc.a(lib_a-closer.o)
                                        0x54f (size before relaxing)
 .debug_str     0x0000000000001a08       0x76 /opt/riscv32-unknown-elf-rv32im/lib/gcc/riscv32-unknown-elf/6.1.0/../../../../riscv32-unknown-elf/lib/libc.a(lib_a-fclose.o)
                                        0x6b4 (size before relaxing)
 .debug_str     0x0000000000001a7e       0x6d /opt/riscv32-unknown-elf-rv32im/lib/gcc/riscv32-unknown-elf/6.1.0/../../../../riscv32-unknown-elf/lib/libc.a(lib_a-fflush.o)
                                        0x6cb (size before relaxing)
 .debug_str     0x0000000000001aeb       0x34 /opt/riscv32-unknown-elf-rv32im/lib/gcc/riscv32-unknown-elf/6.1.0/../../../../riscv32-unknown-elf/lib/libc.a(lib_a-freer.o)
                                        0x6f9 (size before relaxing)
 .debug_str     0x0000000000001b1f       0x55 /opt/riscv32-unknown-elf-rv32im/lib/gcc/riscv32-unknown-elf/6.1.0/../../../../riscv32-unknown-elf/lib/libc.a(lib_a-lseekr.o)
                                        0x556 (size before relaxing)
 .debug_str     0x0000000000001b74      0x197 /opt/riscv32-unknown-elf-rv32im/lib/gcc/riscv32-unknown-elf/6.1.0/../../../../riscv32-unknown-elf/lib/libc.a(lib_a-makebuf.o)
                                        0x80d (size before relaxing)
 .debug_str     0x0000000000001d0b       0x54 /opt/riscv32-unknown-elf-rv32im/lib/gcc/riscv32-unknown-elf/6.1.0/../../../../riscv32-unknown-elf/lib/libc.a(lib_a-readr.o)
                                        0x553 (size before relaxing)
 .debug_str     0x0000000000001d5f       0x80 /opt/riscv32-unknown-elf-rv32im/lib/gcc/riscv32-unknown-elf/6.1.0/../../../../riscv32-unknown-elf/lib/libc.a(lib_a-reent.o)
                                        0x555 (size before relaxing)
 .debug_str     0x0000000000001ddf       0x5b /opt/riscv32-unknown-elf-rv32im/lib/gcc/riscv32-unknown-elf/6.1.0/../../../../riscv32-unknown-elf/lib/libc.a(lib_a-fstatr.o)
                                        0x6b3 (size before relaxing)
 .debug_str     0x0000000000001e3a       0x56 /opt/riscv32-unknown-elf-rv32im/lib/gcc/riscv32-unknown-elf/6.1.0/../../../../riscv32-unknown-elf/lib/libc.a(lib_a-isattyr.o)
                                        0x552 (size before relaxing)
 .debug_str     0x0000000000001e90       0xb0 /opt/riscv32-unknown-elf-rv32im/lib/gcc/riscv32-unknown-elf/6.1.0/../../../../riscv32-unknown-elf/lib/libnosys.a(close.o)
                                        0x546 (size before relaxing)
 .debug_str     0x0000000000001f40       0x6f /opt/riscv32-unknown-elf-rv32im/lib/gcc/riscv32-unknown-elf/6.1.0/../../../../riscv32-unknown-elf/lib/libnosys.a(fstat.o)
                                        0x6aa (size before relaxing)
 .debug_str     0x0000000000001faf       0x71 /opt/riscv32-unknown-elf-rv32im/lib/gcc/riscv32-unknown-elf/6.1.0/../../../../riscv32-unknown-elf/lib/libnosys.a(isatty.o)
                                        0x54d (size before relaxing)
 .debug_str     0x0000000000002020       0x6f /opt/riscv32-unknown-elf-rv32im/lib/gcc/riscv32-unknown-elf/6.1.0/../../../../riscv32-unknown-elf/lib/libnosys.a(lseek.o)
                                        0x54a (size before relaxing)