Archive member included to satisfy reference by file (symbol)

/opt/riscv32-unknown-elf-rv32im/lib/gcc/riscv32-unknown-elf/6.1.0/libgcc.a(_divdi3.o)
                              ./lib/syscalls.o (__divdi3)
/opt/riscv32-unknown-elf-rv32im/lib/gcc/riscv32-unknown-elf/6.1.0/libgcc.a(_moddi3.o)
                              ./lib/syscalls.o (__moddi3)
/opt/riscv32-unknown-elf-rv32im/lib/gcc/riscv32-unknown-elf/6.1.0/libgcc.a(_clz.o)
                              /opt/riscv32-unknown-elf-rv32im/lib/gcc/riscv32-unknown-elf/6.1.0/libgcc.a(_divdi3.o) (__clz_tab)
/opt/riscv32-unknown-elf-rv32im/lib/gcc/riscv32-unknown-elf/6.1.0/../../../../riscv32-unknown-elf/lib/libc.a(lib_a-atexit.o)
                              /opt/riscv32-unknown-elf-rv32im/lib/gcc/riscv32-unknown-elf/6.1.0/../../../../riscv32-unknown-elf/lib/crt0.o (atexit)
/opt/riscv32-unknown-elf-rv32im/lib/gcc/riscv32-unknown-elf/6.1.0/../../../../riscv32-unknown-elf/lib/libc.a(lib_a-exit.o)
                              /opt/riscv32-unknown-elf-rv32im/lib/gcc/riscv32-unknown-elf/6.1.0/../../../../riscv32-unknown-elf/lib/crt0.o (exit)
/opt/riscv32-unknown-elf-rv32im/lib/gcc/riscv32-unknown-elf/6.1.0/../../../../riscv32-unknown-elf/lib/libc.a(lib_a-fini.o)
                              /opt/riscv32-unknown-elf-rv32im/lib/gcc/riscv32-unknown-elf/6.1.0/../../../../riscv32-unknown-elf/lib/crt0.o (__libc_fini_array)
/opt/riscv32-unknown-elf-rv32im/lib/gcc/riscv32-unknown-elf/6.1.0/../../../../riscv32-unknown-elf/lib/libc.a(lib_a-impure.o)
                              /opt/riscv32-unknown-elf-rv32im/lib/gcc/riscv32-unknown-elf/6.1.0/../../../../riscv32-unknown-elf/lib/libc.a(lib_a-exit.o) (_global_impure_ptr)
/opt/riscv32-unknown-elf-rv32im/lib/gcc/riscv32-unknown-elf/6.1.0/../../../../riscv32-unknown-elf/lib/libc.a(lib_a-init.o)
                              /opt/riscv32-unknown-elf-rv32im/lib/gcc/riscv32-unknown-elf/6.1.0/../../../../riscv32-unknown-elf/lib/crt0.o (__libc_init_array)
/opt/riscv32-unknown-elf-rv32im/lib/gcc/riscv32-unknown-elf/6.1.0/../../../../riscv32-unknown-elf/lib/libc.a(lib_a-memset.o)
                              /opt/riscv32-unknown-elf-rv32im/lib/gcc/riscv32-unknown-elf/6.1.0/../../../../riscv32-unknown-elf/lib/crt0.o (memset)
/opt/riscv32-unknown-elf-rv32im/lib/gcc/riscv32-unknown-elf/6.1.0/../../../../riscv32-unknown-elf/lib/libc.a(lib_a-puts.o)
                              /tmp/cc6Riety.o (puts)
/opt/riscv32-unknown-elf-rv32im/lib/gcc/riscv32-unknown-elf/6.1.0/../../../../riscv32-unknown-elf/lib/libc.a(lib_a-strlen.o)
                              /opt/riscv32-unknown-elf-rv32im/lib/gcc/riscv32-unknown-elf/6.1.0/../../../../riscv32-unknown-elf/lib/libc.a(lib_a-puts.o) (strlen)
/opt/riscv32-unknown-elf-rv32im/lib/gcc/riscv32-unknown-elf/6.1.0/../../../../riscv32-unknown-elf/lib/libc.a(lib_a-__atexit.o)
                              /opt/riscv32-unknown-elf-rv32im/lib/gcc/riscv32-unknown-elf/6.1.0/../../../../riscv32-unknown-elf/lib/libc.a(lib_a-atexit.o) (__register_exitproc)
/opt/riscv32-unknown-elf-rv32im/lib/gcc/riscv32-unknown-elf/6.1.0/../../../../riscv32-unknown-elf/lib/libc.a(lib_a-__call_atexit.o)
                              /opt/riscv32-unknown-elf-rv32im/lib/gcc/riscv32-unknown-elf/6.1.0/../../../../riscv32-unknown-elf/lib/libc.a(lib_a-exit.o) (__call_exitprocs)
/opt/riscv32-unknown-elf-rv32im/lib/gcc/riscv32-unknown-elf/6.1.0/../../../../riscv32-unknown-elf/lib/libc.a(lib_a-findfp.o)
                              /opt/riscv32-unknown-elf-rv32im/lib/gcc/riscv32-unknown-elf/6.1.0/../../../../riscv32-unknown-elf/lib/libc.a(lib_a-puts.o) (__sinit)
/opt/riscv32-unknown-elf-rv32im/lib/gcc/riscv32-unknown-elf/6.1.0/../../../../riscv32-unknown-elf/lib/libc.a(lib_a-fvwrite.o)
                              /opt/riscv32-unknown-elf-rv32im/lib/gcc/riscv32-unknown-elf/6.1.0/../../../../riscv32-unknown-elf/lib/libc.a(lib_a-puts.o) (__sfvwrite_r)
/opt/riscv32-unknown-elf-rv32im/lib/gcc/riscv32-unknown-elf/6.1.0/../../../../riscv32-unknown-elf/lib/libc.a(lib_a-fwalk.o)
                              /opt/riscv32-unknown-elf-rv32im/lib/gcc/riscv32-unknown-elf/6.1.0/../../../../riscv32-unknown-elf/lib/libc.a(lib_a-findfp.o) (_fwalk)
/opt/riscv32-unknown-elf-rv32im/lib/gcc/riscv32-unknown-elf/6.1.0/../../../../riscv32-unknown-elf/lib/libc.a(lib_a-mallocr.o)
                              /opt/riscv32-unknown-elf-rv32im/lib/gcc/riscv32-unknown-elf/6.1.0/../../../../riscv32-unknown-elf/lib/libc.a(lib_a-findfp.o) (_malloc_r)
/opt/riscv32-unknown-elf-rv32im/lib/gcc/riscv32-unknown-elf/6.1.0/../../../../riscv32-unknown-elf/lib/libc.a(lib_a-memchr.o)
                              /opt/riscv32-unknown-elf-rv32im/lib/gcc/riscv32-unknown-elf/6.1.0/../../../../riscv32-unknown-elf/lib/libc.a(lib_a-fvwrite.o) (memchr)
/opt/riscv32-unknown-elf-rv32im/lib/gcc/riscv32-unknown-elf/6.1.0/../../../../riscv32-unknown-elf/lib/libc.a(lib_a-memcpy.o)
[...]
Memory Configuration

Name             Origin             Length             Attributes
*default*        0x0000000000000000 0xffffffffffffffff

Linker script and memory map

LOAD ./lib/syscalls.o
LOAD ./lib/riscv_counters.o
LOAD ./lib/ns16550.o
LOAD /tmp/cc6Riety.o
LOAD /opt/riscv32-unknown-elf-rv32im/lib/gcc/riscv32-unknown-elf/6.1.0/../../../../riscv32-unknown-elf/lib/libm.a
LOAD /opt/riscv32-unknown-elf-rv32im/lib/gcc/riscv32-unknown-elf/6.1.0/libgcc.a
LOAD /opt/riscv32-unknown-elf-rv32im/lib/gcc/riscv32-unknown-elf/6.1.0/../../../../riscv32-unknown-elf/lib/libnosys.a
LOAD /opt/riscv32-unknown-elf-rv32im/lib/gcc/riscv32-unknown-elf/6.1.0/libgcc.a
START GROUP
LOAD /opt/riscv32-unknown-elf-rv32im/lib/gcc/riscv32-unknown-elf/6.1.0/libgcc.a
LOAD /opt/riscv32-unknown-elf-rv32im/lib/gcc/riscv32-unknown-elf/6.1.0/../../../../riscv32-unknown-elf/lib/libc.a
LOAD /opt/riscv32-unknown-elf-rv32im/lib/gcc/riscv32-unknown-elf/6.1.0/../../../../riscv32-unknown-elf/lib/libnosys.a
END GROUP
LOAD /opt/riscv32-unknown-elf-rv32im/lib/gcc/riscv32-unknown-elf/6.1.0/crtend.o
                [!provide]                        PROVIDE (__executable_start, SEGMENT_START ("text-segment", 0x10000))
                0x0000000000010094                . = (SEGMENT_START ("text-segment", 0x10000) + SIZEOF_HEADERS)

.interp
 *(.interp)

.note.gnu.build-id
 *(.note.gnu.build-id)

.hash
 *(.hash)

.gnu.hash
 *(.gnu.hash)

.dynsym
 *(.dynsym)

.dynstr
 *(.dynstr)

.gnu.version
 *(.gnu.version)

.gnu.version_d
 *(.gnu.version_d)

.gnu.version_r
 *(.gnu.version_r)

.rela.dyn       0x0000000000010094        0x0
 *(.rela.init)
 *(.rela.text .rela.text.* .rela.gnu.linkonce.t.*)
 .rela.text     0x0000000000010094        0x0 /opt/riscv32-unknown-elf-rv32im/lib/gcc/riscv32-unknown-elf/6.1.0/../../../../riscv32-unknown-elf/lib/crt0.o
 *(.rela.fini)
 *(.rela.rodata .rela.rodata.* .rela.gnu.linkonce.r.*)
 *(.rela.data .rela.data.* .rela.gnu.linkonce.d.*)
 *(.rela.tdata .rela.tdata.* .rela.gnu.linkonce.td.*)
 *(.rela.tbss .rela.tbss.* .rela.gnu.linkonce.tb.*)
 *(.rela.ctors)
 *(.rela.dtors)
 *(.rela.got)
 *(.rela.sdata .rela.sdata.* .rela.gnu.linkonce.s.*)
 *(.rela.sbss .rela.sbss.* .rela.gnu.linkonce.sb.*)
 *(.rela.sdata2 .rela.sdata2.* .rela.gnu.linkonce.s2.*)
 *(.rela.sbss2 .rela.sbss2.* .rela.gnu.linkonce.sb2.*)
 *(.rela.bss .rela.bss.* .rela.gnu.linkonce.b.*)
                [!provide]                        PROVIDE (__rela_iplt_start, .)
 *(.rela.iplt)
                [!provide]                        PROVIDE (__rela_iplt_end, .)

.rela.plt
 *(.rela.plt)

.init
 *(SORT(.init))

.plt
 *(.plt)

.iplt
 *(.iplt)

.text           0x0000000000010094     0x45e0
 *(.text.unlikely .text.*_unlikely .text.unlikely.*)
 *(.text.exit .text.exit.*)
 *(.text.startup .text.startup.*)
 *(.text.hot .text.hot.*)
 *(.text .stub .text.* .gnu.linkonce.t.*)
 .text          0x0000000000010094       0x4c /opt/riscv32-unknown-elf-rv32im/lib/gcc/riscv32-unknown-elf/6.1.0/../../../../riscv32-unknown-elf/lib/crt0.o
                0x0000000000010094                _start
                0x00000000000100dc                _init
                0x00000000000100dc                _fini
 .text          0x00000000000100e0      0x118 /opt/riscv32-unknown-elf-rv32im/lib/gcc/riscv32-unknown-elf/6.1.0/crtbegin.o
 .text          0x00000000000101f8      0x290 ./lib/syscalls.o
                0x00000000000101f8                read
                0x00000000000102b4                write
                0x0000000000010320                gettimeofday
                0x0000000000010414                sleep
 .text          0x0000000000010488       0x9c ./lib/riscv_counters.o
                0x0000000000010488                read_cycle
                0x00000000000104bc                read_time
                0x00000000000104f0                read_instret
 .text          0x0000000000010524      0x1e4 ./lib/ns16550.o
                0x00000000000105fc                ns16550_rxready
                0x0000000000010634                ns16550_rxchar
                0x000000000001067c                ns16550_txchar
                0x00000000000106d0                ns16550_flush
 .text          0x0000000000010708      0x680 /tmp/cc6Riety.o
                0x0000000000010708                list_getSize
                0x0000000000010730                list_init
                0x0000000000010760                list_push
                0x00000000000107e4                list_pop
                0x0000000000010868                list_clear
                0x00000000000108ac                towers_init
                0x000000000001095c                towers_clear
                0x00000000000109c8                towers_solve_h
                0x0000000000010a94                towers_solve
                0x0000000000010ae8                towers_verify
                0x0000000000010bf0                main
 .text          0x0000000000010d88      0x4c0 /opt/riscv32-unknown-elf-rv32im/lib/gcc/riscv32-unknown-elf/6.1.0/libgcc.a(_divdi3.o)
                0x0000000000010d88                __divdi3
 .text          0x0000000000011248      0x474 /opt/riscv32-unknown-elf-rv32im/lib/gcc/riscv32-unknown-elf/6.1.0/libgcc.a(_moddi3.o)
                0x0000000000011248                __moddi3
 .text          0x00000000000116bc        0x0 /opt/riscv32-unknown-elf-rv32im/lib/gcc/riscv32-unknown-elf/6.1.0/libgcc.a(_clz.o)
 .text          0x00000000000116bc       0x14 /opt/riscv32-unknown-elf-rv32im/lib/gcc/riscv32-unknown-elf/6.1.0/../../../../riscv32-unknown-elf/lib/libc.a(lib_a-atexit.o)
                0x00000000000116bc                atexit
 .text          0x00000000000116d0       0x34 /opt/riscv32-unknown-elf-rv32im/lib/gcc/riscv32-unknown-elf/6.1.0/../../../../riscv32-unknown-elf/lib/libc.a(lib_a-exit.o)
                0x00000000000116d0                exit
 .text          0x0000000000011704       0x60 /opt/riscv32-unknown-elf-rv32im/lib/gcc/riscv32-unknown-elf/6.1.0/../../../../riscv32-unknown-elf/lib/libc.a(lib_a-fini.o)
                0x0000000000011704                __libc_fini_array
 .text          0x0000000000011764        0x0 /opt/riscv32-unknown-elf-rv32im/lib/gcc/riscv32-unknown-elf/6.1.0/../../../../riscv32-unknown-elf/lib/libc.a(lib_a-impure.o)
 .text          0x0000000000011764       0xa0 /opt/riscv32-unknown-elf-rv32im/lib/gcc/riscv32-unknown-elf/6.1.0/../../../../riscv32-unknown-elf/lib/libc.a(lib_a-init.o)
                0x0000000000011764                __libc_init_array
 .text          0x0000000000011804       0xdc /opt/riscv32-unknown-elf-rv32im/lib/gcc/riscv32-unknown-elf/6.1.0/../../../../riscv32-unknown-elf/lib/libc.a(lib_a-memset.o)
                0x0000000000011804                memset
 .text          0x00000000000118e0       0xd4 /opt/riscv32-unknown-elf-rv32im/lib/gcc/riscv32-unknown-elf/6.1.0/../../../../riscv32-unknown-elf/lib/libc.a(lib_a-puts.o)
                0x00000000000118e0                _puts_r
                0x00000000000119a8                puts
 .text          0x00000000000119b4       0x98 /opt/riscv32-unknown-elf-rv32im/lib/gcc/riscv32-unknown-elf/6.1.0/../../../../riscv32-unknown-elf/lib/libc.a(lib_a-strlen.o)
                0x00000000000119b4                strlen
 .text          0x0000000000011a4c       0x9c /opt/riscv32-unknown-elf-rv32im/lib/gcc/riscv32-unknown-elf/6.1.0/../../../../riscv32-unknown-elf/lib/libc.a(lib_a-__atexit.o)
                0x0000000000011a4c                __register_exitproc
 .text          0x0000000000011ae8      0x12c /opt/riscv32-unknown-elf-rv32im/lib/gcc/riscv32-unknown-elf/6.1.0/../../../../riscv32-unknown-elf/lib/libc.a(lib_a-__call_atexit.o)
                0x0000000000011ae8                __call_exitprocs
 .text          0x0000000000011c14      0x380 /opt/riscv32-unknown-elf-rv32im/lib/gcc/riscv32-unknown-elf/6.1.0/../../../../riscv32-unknown-elf/lib/libc.a(lib_a-findfp.o)
                0x0000000000011c1c                _cleanup_r
                0x0000000000011dc0                __sfmoreglue
                0x0000000000011e2c                __sfp
                0x0000000000011f40                _cleanup
                0x0000000000011f54                __sinit
                0x0000000000011f64                __sfp_lock_acquire
                0x0000000000011f68                __sfp_lock_release
                0x0000000000011f6c                __sinit_lock_acquire
                0x0000000000011f70                __sinit_lock_release
                0x0000000000011f74                __fp_lock_all
                0x0000000000011f84                __fp_unlock_all
 .text          0x0000000000011f94      0x4a4 /opt/riscv32-unknown-elf-rv32im/lib/gcc/riscv32-unknown-elf/6.1.0/../../../../riscv32-unknown-elf/lib/libc.a(lib_a-fvwrite.o)
                0x0000000000011f94                __sfvwrite_r
 .text          0x0000000000012438      0x170 /opt/riscv32-unknown-elf-rv32im/lib/gcc/riscv32-unknown-elf/6.1.0/../../../../riscv32-unknown-elf/lib/libc.a(lib_a-fwalk.o)
                0x0000000000012438                _fwalk
                0x00000000000124e8                _fwalk_reent
 .text          0x00000000000125a8      0x734 /opt/riscv32-unknown-elf-rv32im/lib/gcc/riscv32-unknown-elf/6.1.0/../../../../riscv32-unknown-elf/lib/libc.a(lib_a-mallocr.o)
                0x00000000000125a8                _malloc_r
 .text          0x0000000000012cdc       0xdc /opt/riscv32-unknown-elf-rv32im/lib/gcc/riscv32-unknown-elf/6.1.0/../../../../riscv32-unknown-elf/lib/libc.a(lib_a-memchr.o)
                0x0000000000012cdc                memchr
 .text          0x0000000000012db8      0x11c /opt/riscv32-unknown-elf-rv32im/lib/gcc/riscv32-unknown-elf/6.1.0/../../../../riscv32-unknown-elf/lib/libc.a(lib_a-memcpy.o)
                0x0000000000012db8                memcpy
 .text          0x0000000000012ed4      0x11c /opt/riscv32-unknown-elf-rv32im/lib/gcc/riscv32-unknown-elf/6.1.0/../../../../riscv32-unknown-elf/lib/libc.a(lib_a-memmove.o)
                0x0000000000012ed4                memmove
 .text          0x0000000000012ff0        0x8 /opt/riscv32-unknown-elf-rv32im/lib/gcc/riscv32-unknown-elf/6.1.0/../../../../riscv32-unknown-elf/lib/libc.a(lib_a-mlock.o)
                0x0000000000012ff0                __malloc_lock
                0x0000000000012ff4                __malloc_unlock
 .text          0x0000000000012ff8      0x540 /opt/riscv32-unknown-elf-rv32im/lib/gcc/riscv32-unknown-elf/6.1.0/../../../../riscv32-unknown-elf/lib/libc.a(lib_a-reallocr.o)
                0x0000000000012ff8                _realloc_r
 .text          0x0000000000013538       0x5c /opt/riscv32-unknown-elf-rv32im/lib/gcc/riscv32-unknown-elf/6.1.0/../../../../riscv32-unknown-elf/lib/libc.a(lib_a-sbrkr.o)
                0x0000000000013538                _sbrk_r
 .text          0x0000000000013594      0x164 /opt/riscv32-unknown-elf-rv32im/lib/gcc/riscv32-unknown-elf/6.1.0/../../../../riscv32-unknown-elf/lib/libc.a(lib_a-stdio.o)
                0x0000000000013594                __sread
                0x00000000000135f0                __seofread
                0x00000000000135f8                __swrite
                0x000000000001367c                __sseek
                0x00000000000136f0                __sclose
 .text          0x00000000000136f8       0x68 /opt/riscv32-unknown-elf-rv32im/lib/gcc/riscv32-unknown-elf/6.1.0/../../../../riscv32-unknown-elf/lib/libc.a(lib_a-writer.o)
                0x00000000000136f8                _write_r
 .text          0x0000000000013760      0x154 /opt/riscv32-unknown-elf-rv32im/lib/gcc/riscv32-unknown-elf/6.1.0/../../../../riscv32-unknown-elf/lib/libc.a(lib_a-wsetup.o)
                0x0000000000013760                __swsetup_r
 .text          0x00000000000138b4       0x5c /opt/riscv32-unknown-elf-rv32im/lib/gcc/riscv32-unknown-elf/6.1.0/../../../../riscv32-unknown-elf/lib/libc.a(lib_a-closer.o)
                0x00000000000138b4                _close_r
 .text          0x0000000000013910      0x10c /opt/riscv32-unknown-elf-rv32im/lib/gcc/riscv32-unknown-elf/6.1.0/../../../../riscv32-unknown-elf/lib/libc.a(lib_a-fclose.o)
                0x0000000000013910                _fclose_r
                0x0000000000013a10                fclose
 .text          0x0000000000013a1c      0x314 /opt/riscv32-unknown-elf-rv32im/lib/gcc/riscv32-unknown-elf/6.1.0/../../../../riscv32-unknown-elf/lib/libc.a(lib_a-fflush.o)
                0x0000000000013a1c                __sflush_r
                0x0000000000013cb0                _fflush_r
                0x0000000000013d0c                fflush
 .text          0x0000000000013d30      0x424 /opt/riscv32-unknown-elf-rv32im/lib/gcc/riscv32-unknown-elf/6.1.0/../../../../riscv32-unknown-elf/lib/libc.a(lib_a-freer.o)
                0x0000000000013d30                _malloc_trim_r
                0x0000000000013e60                _free_r
 .text          0x0000000000014154       0x68 /opt/riscv32-unknown-elf-rv32im/lib/gcc/riscv32-unknown-elf/6.1.0/../../../../riscv32-unknown-elf/lib/libc.a(lib_a-lseekr.o)
                0x0000000000014154                _lseek_r
 .text          0x00000000000141bc      0x1d8 /opt/riscv32-unknown-elf-rv32im/lib/gcc/riscv32-unknown-elf/6.1.0/../../../../riscv32-unknown-elf/lib/libc.a(lib_a-makebuf.o)
                0x00000000000141bc                __swhatbuf_r
                0x000000000001428c                __smakebuf_r
 .text          0x0000000000014394       0x68 /opt/riscv32-unknown-elf-rv32im/lib/gcc/riscv32-unknown-elf/6.1.0/../../../../riscv32-unknown-elf/lib/libc.a(lib_a-readr.o)
                0x0000000000014394                _read_r
 .text          0x00000000000143fc      0x148 /opt/riscv32-unknown-elf-rv32im/lib/gcc/riscv32-unknown-elf/6.1.0/../../../../riscv32-unknown-elf/lib/libc.a(lib_a-reent.o)
                0x00000000000143fc                cleanup_glue
                0x000000000001443c                _reclaim_reent
 .text          0x0000000000014544       0x64 /opt/riscv32-unknown-elf-rv32im/lib/gcc/riscv32-unknown-elf/6.1.0/../../../../riscv32-unknown-elf/lib/libc.a(lib_a-fstatr.o)
                0x0000000000014544                _fstat_r
 .text          0x00000000000145a8       0x5c /opt/riscv32-unknown-elf-rv32im/lib/gcc/riscv32-unknown-elf/6.1.0/../../../../riscv32-unknown-elf/lib/libc.a(lib_a-isattyr.o)
                0x00000000000145a8                _isatty_r
 .text          0x0000000000014604       0x10 /opt/riscv32-unknown-elf-rv32im/lib/gcc/riscv32-unknown-elf/6.1.0/../../../../riscv32-unknown-elf/lib/libnosys.a(close.o)
                0x0000000000014604                close
 .text          0x0000000000014614       0x10 /opt/riscv32-unknown-elf-rv32im/lib/gcc/riscv32-unknown-elf/6.1.0/../../../../riscv32-unknown-elf/lib/libnosys.a(fstat.o)
                0x0000000000014614                fstat
 .text          0x0000000000014624       0x10 /opt/riscv32-unknown-elf-rv32im/lib/gcc/riscv32-unknown-elf/6.1.0/../../../../riscv32-unknown-elf/lib/libnosys.a(isatty.o)
                0x0000000000014624                isatty
 .text          0x0000000000014634       0x10 /opt/riscv32-unknown-elf-rv32im/lib/gcc/riscv32-unknown-elf/6.1.0/../../../../riscv32-unknown-elf/lib/libnosys.a(lseek.o)
                0x0000000000014634                lseek
 .text          0x0000000000014644       0x2c /opt/riscv32-unknown-elf-rv32im/lib/gcc/riscv32-unknown-elf/6.1.0/../../../../riscv32-unknown-elf/lib/libnosys.a(sbrk.o)
                0x0000000000014644                sbrk
 .text          0x0000000000014670        0x4 /opt/riscv32-unknown-elf-rv32im/lib/gcc/riscv32-unknown-elf/6.1.0/../../../../riscv32-unknown-elf/lib/libnosys.a(_exit.o)
                0x0000000000014670                _exit
 .text          0x0000000000014674        0x0 /opt/riscv32-unknown-elf-rv32im/lib/gcc/riscv32-unknown-elf/6.1.0/crtend.o
 *(.gnu.warning)

.fini
 *(SORT(.fini))
                [!provide]                        PROVIDE (__etext, .)
                [!provide]                        PROVIDE (_etext, .)
                [!provide]                        PROVIDE (etext, .)

.rodata         0x0000000000014674      0x124
 *(.rodata .rodata.* .gnu.linkonce.r.*)
 .rodata        0x0000000000014674       0x1c /tmp/cc6Riety.o
 .rodata        0x0000000000014690      0x100 /opt/riscv32-unknown-elf-rv32im/lib/gcc/riscv32-unknown-elf/6.1.0/libgcc.a(_clz.o)
                0x0000000000014690                __clz_tab
 .rodata.str1.4
                0x0000000000014790        0x2 /opt/riscv32-unknown-elf-rv32im/lib/gcc/riscv32-unknown-elf/6.1.0/../../../../riscv32-unknown-elf/lib/libc.a(lib_a-impure.o)
 *fill*         0x0000000000014792        0x2 
 .rodata.str1.4
                0x0000000000014794        0x4 /opt/riscv32-unknown-elf-rv32im/lib/gcc/riscv32-unknown-elf/6.1.0/../../../../riscv32-unknown-elf/lib/libc.a(lib_a-puts.o)
                                          0x2 (size before relaxing)

.rodata1
 *(.rodata1)

.sdata2
 *(.sdata2 .sdata2.* .gnu.linkonce.s2.*)

.sbss2
 *(.sbss2 .sbss2.* .gnu.linkonce.sb2.*)

.eh_frame_hdr
 *(.eh_frame_hdr)
 *(.eh_frame_entry .eh_frame_entry.*)

.eh_frame       0x0000000000014798       0x40
 *(.eh_frame)
 .eh_frame      0x0000000000014798        0x0 /opt/riscv32-unknown-elf-rv32im/lib/gcc/riscv32-unknown-elf/6.1.0/crtbegin.o
 .eh_frame      0x0000000000014798       0x28 /opt/riscv32-unknown-elf-rv32im/lib/gcc/riscv32-unknown-elf/6.1.0/libgcc.a(_divdi3.o)
 .eh_frame      0x00000000000147c0       0x14 /opt/riscv32-unknown-elf-rv32im/lib/gcc/riscv32-unknown-elf/6.1.0/libgcc.a(_moddi3.o)
                                         0x28 (size before relaxing)
 .eh_frame      0x00000000000147d4        0x4 /opt/riscv32-unknown-elf-rv32im/lib/gcc/riscv32-unknown-elf/6.1.0/crtend.o
 *(.eh_frame.*)

.gcc_except_table
 *(.gcc_except_table .gcc_except_table.*)

.gnu_extab
 *(.gnu_extab*)

.exception_ranges
 *(.exception_ranges .exception_ranges*)
                0x0000000000015000                . = DATA_SEGMENT_ALIGN (CONSTANT (MAXPAGESIZE), CONSTANT (COMMONPAGESIZE))

.eh_frame
 *(.eh_frame)
 *(.eh_frame.*)

.gnu_extab
 *(.gnu_extab)

.gcc_except_table
 *(.gcc_except_table .gcc_except_table.*)

.exception_ranges
 *(.exception_ranges .exception_ranges*)

.tdata
 *(.tdata .tdata.* .gnu.linkonce.td.*)

.tbss
 *(.tbss .tbss.* .gnu.linkonce.tb.*)
 *(.tcommon)

.preinit_array  0x0000000000015000        0x0
                0x0000000000015000                PROVIDE (__preinit_array_start, .)
 *(.preinit_array)
                0x0000000000015000                PROVIDE (__preinit_array_end, .)

.init_array     0x0000000000015000        0x8
                0x0000000000015000                PROVIDE (__init_array_start, .)
 *(SORT(.init_array.*) SORT(.ctors.*))
 *(.init_array EXCLUDE_FILE(*crtend?.o *crtend.o *crtbegin?.o *crtbegin.o) .ctors)
 .init_array    0x0000000000015000        0x4 /opt/riscv32-unknown-elf-rv32im/lib/gcc/riscv32-unknown-elf/6.1.0/crtbegin.o
 .init_array    0x0000000000015004        0x4 ./lib/ns16550.o
                0x0000000000015008                PROVIDE (__init_array_end, .)

.fini_array     0x0000000000015008        0x4
                0x0000000000015008                PROVIDE (__fini_array_start, .)
 *(SORT(.fini_array.*) SORT(.dtors.*))
 *(.fini_array EXCLUDE_FILE(*crtend?.o *crtend.o *crtbegin?.o *crtbegin.o) .dtors)
 .fini_array    0x0000000000015008        0x4 /opt/riscv32-unknown-elf-rv32im/lib/gcc/riscv32-unknown-elf/6.1.0/crtbegin.o
                0x000000000001500c                PROVIDE (__fini_array_end, .)

.ctors
 *crtbegin.o(.ctors)
 *crtbegin?.o(.ctors)
 *(EXCLUDE_FILE(*crtend?.o *crtend.o) .ctors)
 *(SORT(.ctors.*))
 *(.ctors)

.dtors
 *crtbegin.o(.dtors)
 *crtbegin?.o(.dtors)
 *(EXCLUDE_FILE(*crtend?.o *crtend.o) .dtors)
 *(SORT(.dtors.*))
 *(.dtors)

.jcr            0x000000000001500c        0x4
 *(.jcr)
 .jcr           0x000000000001500c        0x0 /opt/riscv32-unknown-elf-rv32im/lib/gcc/riscv32-unknown-elf/6.1.0/crtbegin.o
 .jcr           0x000000000001500c        0x4 /opt/riscv32-unknown-elf-rv32im/lib/gcc/riscv32-unknown-elf/6.1.0/crtend.o

.data.rel.ro
 *(.data.rel.ro.local* .gnu.linkonce.d.rel.ro.local.*)
 *(.data.rel.ro .data.rel.ro.* .gnu.linkonce.d.rel.ro.*)

.dynamic
 *(.dynamic)
                0x0000000000015010                . = DATA_SEGMENT_RELRO_END (., 0x0)

.data           0x0000000000015010      0x830
 *(.data .data.* .gnu.linkonce.d.*)
 .data          0x0000000000015010        0x0 /opt/riscv32-unknown-elf-rv32im/lib/gcc/riscv32-unknown-elf/6.1.0/../../../../riscv32-unknown-elf/lib/crt0.o
 .data          0x0000000000015010        0x0 /opt/riscv32-unknown-elf-rv32im/lib/gcc/riscv32-unknown-elf/6.1.0/crtbegin.o
 .data          0x0000000000015010        0x0 ./lib/startup.o
 .data          0x0000000000015010        0x0 ./lib/syscalls.o
 .data          0x0000000000015010        0x0 ./lib/riscv_counters.o
 .data          0x0000000000015010        0x0 ./lib/ns16550.o
 .data          0x0000000000015010        0x0 /tmp/cc6Riety.o
 .data          0x0000000000015010        0x0 /opt/riscv32-unknown-elf-rv32im/lib/gcc/riscv32-unknown-elf/6.1.0/libgcc.a(_divdi3.o)
 .data          0x0000000000015010        0x0 /opt/riscv32-unknown-elf-rv32im/lib/gcc/riscv32-unknown-elf/6.1.0/libgcc.a(_moddi3.o)
 .data          0x0000000000015010        0x0 /opt/riscv32-unknown-elf-rv32im/lib/gcc/riscv32-unknown-elf/6.1.0/libgcc.a(_clz.o)
 .data          0x0000000000015010        0x0 /opt/riscv32-unknown-elf-rv32im/lib/gcc/riscv32-unknown-elf/6.1.0/../../../../riscv32-unknown-elf/lib/libc.a(lib_a-atexit.o)
 .data          0x0000000000015010        0x0 /opt/riscv32-unknown-elf-rv32im/lib/gcc/riscv32-unknown-elf/6.1.0/../../../../riscv32-unknown-elf/lib/libc.a(lib_a-exit.o)
 .data          0x0000000000015010        0x0 /opt/riscv32-unknown-elf-rv32im/lib/gcc/riscv32-unknown-elf/6.1.0/../../../../riscv32-unknown-elf/lib/libc.a(lib_a-fini.o)
 .data          0x0000000000015010      0x428 /opt/riscv32-unknown-elf-rv32im/lib/gcc/riscv32-unknown-elf/6.1.0/../../../../riscv32-unknown-elf/lib/libc.a(lib_a-impure.o)
 .data          0x0000000000015438        0x0 /opt/riscv32-unknown-elf-rv32im/lib/gcc/riscv32-unknown-elf/6.1.0/../../../../riscv32-unknown-elf/lib/libc.a(lib_a-init.o)
 .data          0x0000000000015438        0x0 /opt/riscv32-unknown-elf-rv32im/lib/gcc/riscv32-unknown-elf/6.1.0/../../../../riscv32-unknown-elf/lib/libc.a(lib_a-memset.o)
 .data          0x0000000000015438        0x0 /opt/riscv32-unknown-elf-rv32im/lib/gcc/riscv32-unknown-elf/6.1.0/../../../../riscv32-unknown-elf/lib/libc.a(lib_a-puts.o)
 .data          0x0000000000015438        0x0 /opt/riscv32-unknown-elf-rv32im/lib/gcc/riscv32-unknown-elf/6.1.0/../../../../riscv32-unknown-elf/lib/libc.a(lib_a-strlen.o)
 .data          0x0000000000015438        0x0 /opt/riscv32-unknown-elf-rv32im/lib/gcc/riscv32-unknown-elf/6.1.0/../../../../riscv32-unknown-elf/lib/libc.a(lib_a-__atexit.o)
 .data          0x0000000000015438        0x0 /opt/riscv32-unknown-elf-rv32im/lib/gcc/riscv32-unknown-elf/6.1.0/../../../../riscv32-unknown-elf/lib/libc.a(lib_a-__call_atexit.o)
 .data          0x0000000000015438        0x0 /opt/riscv32-unknown-elf-rv32im/lib/gcc/riscv32-unknown-elf/6.1.0/../../../../riscv32-unknown-elf/lib/libc.a(lib_a-findfp.o)
 .data          0x0000000000015438        0x0 /opt/riscv32-unknown-elf-rv32im/lib/gcc/riscv32-unknown-elf/6.1.0/../../../../riscv32-unknown-elf/lib/libc.a(lib_a-fvwrite.o)
 .data          0x0000000000015438        0x0 /opt/riscv32-unknown-elf-rv32im/lib/gcc/riscv32-unknown-elf/6.1.0/../../../../riscv32-unknown-elf/lib/libc.a(lib_a-fwalk.o)
 .data          0x0000000000015438      0x408 /opt/riscv32-unknown-elf-rv32im/lib/gcc/riscv32-unknown-elf/6.1.0/../../../../riscv32-unknown-elf/lib/libc.a(lib_a-mallocr.o)
                0x0000000000015438                __malloc_av_
 .data          0x0000000000015840        0x0 /opt/riscv32-unknown-elf-rv32im/lib/gcc/riscv32-unknown-elf/6.1.0/../../../../riscv32-unknown-elf/lib/libc.a(lib_a-memchr.o)
 .data          0x0000000000015840        0x0 /opt/riscv32-unknown-elf-rv32im/lib/gcc/riscv32-unknown-elf/6.1.0/../../../../riscv32-unknown-elf/lib/libc.a(lib_a-memcpy.o)
 .data          0x0000000000015840        0x0 /opt/riscv32-unknown-elf-rv32im/lib/gcc/riscv32-unknown-elf/6.1.0/../../../../riscv32-unknown-elf/lib/libc.a(lib_a-memmove.o)
 .data          0x0000000000015840        0x0 /opt/riscv32-unknown-elf-rv32im/lib/gcc/riscv32-unknown-elf/6.1.0/../../../../riscv32-unknown-elf/lib/libc.a(lib_a-mlock.o)
 .data          0x0000000000015840        0x0 /opt/riscv32-unknown-elf-rv32im/lib/gcc/riscv32-unknown-elf/6.1.0/../../../../riscv32-unknown-elf/lib/libc.a(lib_a-reallocr.o)
 .data          0x0000000000015840        0x0 /opt/riscv32-unknown-elf-rv32im/lib/gcc/riscv32-unknown-elf/6.1.0/../../../../riscv32-unknown-elf/lib/libc.a(lib_a-sbrkr.o)
 .data          0x0000000000015840        0x0 /opt/riscv32-unknown-elf-rv32im/lib/gcc/riscv32-unknown-elf/6.1.0/../../../../riscv32-unknown-elf/lib/libc.a(lib_a-stdio.o)
 .data          0x0000000000015840        0x0 /opt/riscv32-unknown-elf-rv32im/lib/gcc/riscv32-unknown-elf/6.1.0/../../../../riscv32-unknown-elf/lib/libc.a(lib_a-writer.o)
 .data          0x0000000000015840        0x0 /opt/riscv32-unknown-elf-rv32im/lib/gcc/riscv32-unknown-elf/6.1.0/../../../../riscv32-unknown-elf/lib/libc.a(lib_a-wsetup.o)
 .data          0x0000000000015840        0x0 /opt/riscv32-unknown-elf-rv32im/lib/gcc/riscv32-unknown-elf/6.1.0/../../../../riscv32-unknown-elf/lib/libc.a(lib_a-closer.o)
 .data          0x0000000000015840        0x0 /opt/riscv32-unknown-elf-rv32im/lib/gcc/riscv32-unknown-elf/6.1.0/../../../../riscv32-unknown-elf/lib/libc.a(lib_a-fclose.o)
 .data          0x0000000000015840        0x0 /opt/riscv32-unknown-elf-rv32im/lib/gcc/riscv32-unknown-elf/6.1.0/../../../../riscv32-unknown-elf/lib/libc.a(lib_a-fflush.o)
 .data          0x0000000000015840        0x0 /opt/riscv32-unknown-elf-rv32im/lib/gcc/riscv32-unknown-elf/6.1.0/../../../../riscv32-unknown-elf/lib/libc.a(lib_a-freer.o)
 .data          0x0000000000015840        0x0 /opt/riscv32-unknown-elf-rv32im/lib/gcc/riscv32-unknown-elf/6.1.0/../../../../riscv32-unknown-elf/lib/libc.a(lib_a-lseekr.o)
 .data          0x0000000000015840        0x0 /opt/riscv32-unknown-elf-rv32im/lib/gcc/riscv32-unknown-elf/6.1.0/../../../../riscv32-unknown-elf/lib/libc.a(lib_a-makebuf.o)
 .data          0x0000000000015840        0x0 /opt/riscv32-unknown-elf-rv32im/lib/gcc/riscv32-unknown-elf/6.1.0/../../../../riscv32-unknown-elf/lib/libc.a(lib_a-readr.o)
 .data          0x0000000000015840        0x0 /opt/riscv32-unknown-elf-rv32im/lib/gcc/riscv32-unknown-elf/6.1.0/../../../../riscv32-unknown-elf/lib/libc.a(lib_a-reent.o)
 .data          0x0000000000015840        0x0 /opt/riscv32-unknown-elf-rv32im/lib/gcc/riscv32-unknown-elf/6.1.0/../../../../riscv32-unknown-elf/lib/libc.a(lib_a-fstatr.o)
 .data          0x0000000000015840        0x0 /opt/riscv32-unknown-elf-rv32im/lib/gcc/riscv32-unknown-elf/6.1.0/../../../../riscv32-unknown-elf/lib/libc.a(lib_a-isattyr.o)
 .data          0x0000000000015840        0x0 /opt/riscv32-unknown-elf-rv32im/lib/gcc/riscv32-unknown-elf/6.1.0/../../../../riscv32-unknown-elf/lib/libnosys.a(close.o)
 .data          0x0000000000015840        0x0 /opt/riscv32-unknown-elf-rv32im/lib/gcc/riscv32-unknown-elf/6.1.0/../../../../riscv32-unknown-elf/lib/libnosys.a(fstat.o)
 .data          0x0000000000015840        0x0 /opt/riscv32-unknown-elf-rv32im/lib/gcc/riscv32-unknown-elf/6.1.0/../../../../riscv32-unknown-elf/lib/libnosys.a(isatty.o)
 .data          0x0000000000015840        0x0 /opt/riscv32-unknown-elf-rv32im/lib/gcc/riscv32-unknown-elf/6.1.0/../../../../riscv32-unknown-elf/lib/libnosys.a(lseek.o)
 .data          0x0000000000015840        0x0 /opt/riscv32-unknown-elf-rv32im/lib/gcc/riscv32-unknown-elf/6.1.0/../../../../riscv32-unknown-elf/lib/libnosys.a(sbrk.o)
 .data          0x0000000000015840        0x0 /opt/riscv32-unknown-elf-rv32im/lib/gcc/riscv32-unknown-elf/6.1.0/../../../../riscv32-unknown-elf/lib/libnosys.a(_exit.o)
 .data          0x0000000000015840        0x0 /opt/riscv32-unknown-elf-rv32im/lib/gcc/riscv32-unknown-elf/6.1.0/crtend.o

.tm_clone_table
                0x0000000000015840        0x0
 .tm_clone_table
                0x0000000000015840        0x0 /opt/riscv32-unknown-elf-rv32im/lib/gcc/riscv32-unknown-elf/6.1.0/crtbegin.o
 .tm_clone_table
                0x0000000000015840        0x0 /opt/riscv32-unknown-elf-rv32im/lib/gcc/riscv32-unknown-elf/6.1.0/crtend.o

.data1
 *(.data1)

.got
 *(.got.plt)
 *(.igot.plt)
 *(.got)
 *(.igot)

.sdata          0x0000000000015840       0x18
                0x0000000000016040                _gp = (. + 0x800)
 *(.srodata.cst16)
 *(.srodata.cst8)
 *(.srodata.cst4)
 *(.srodata.cst2)
 *(.srodata .srodata.*)
 *(.sdata .sdata.* .gnu.linkonce.s.*)
 .sdata         0x0000000000015840        0x4 /opt/riscv32-unknown-elf-rv32im/lib/gcc/riscv32-unknown-elf/6.1.0/crtbegin.o
                0x0000000000015840                __dso_handle
 .sdata         0x0000000000015844        0x4 ./lib/ns16550.o
 .sdata         0x0000000000015848        0x8 /opt/riscv32-unknown-elf-rv32im/lib/gcc/riscv32-unknown-elf/6.1.0/../../../../riscv32-unknown-elf/lib/libc.a(lib_a-impure.o)
                0x0000000000015848                _global_impure_ptr
                0x000000000001584c                _impure_ptr
 .sdata         0x0000000000015850        0x8 /opt/riscv32-unknown-elf-rv32im/lib/gcc/riscv32-unknown-elf/6.1.0/../../../../riscv32-unknown-elf/lib/libc.a(lib_a-mallocr.o)
                0x0000000000015850                __malloc_sbrk_base
                0x0000000000015854                __malloc_trim_threshold
                0x0000000000015858                _edata = .
                [!provide]                        PROVIDE (edata, .)
                0x0000000000015858                . = .
                0x0000000000015858                __bss_start = .

.sbss           0x0000000000015858       0x10
 *(.dynsbss)
 *(.sbss .sbss.* .gnu.linkonce.sb.*)
 .sbss          0x0000000000015858        0xc /opt/riscv32-unknown-elf-rv32im/lib/gcc/riscv32-unknown-elf/6.1.0/../../../../riscv32-unknown-elf/lib/libc.a(lib_a-mallocr.o)
                0x0000000000015858                __malloc_max_total_mem
                0x000000000001585c                __malloc_max_sbrked_mem
                0x0000000000015860                __malloc_top_pad
 .sbss          0x0000000000015864        0x4 /opt/riscv32-unknown-elf-rv32im/lib/gcc/riscv32-unknown-elf/6.1.0/../../../../riscv32-unknown-elf/lib/libnosys.a(sbrk.o)
 *(.scommon)

.bss            0x0000000000015868       0x88
 *(.dynbss)
 *(.bss .bss.* .gnu.linkonce.b.*)
 .bss           0x0000000000015868        0x0 /opt/riscv32-unknown-elf-rv32im/lib/gcc/riscv32-unknown-elf/6.1.0/../../../../riscv32-unknown-elf/lib/crt0.o
 .bss           0x0000000000015868       0x1c /opt/riscv32-unknown-elf-rv32im/lib/gcc/riscv32-unknown-elf/6.1.0/crtbegin.o
 .bss           0x0000000000015884        0x0 ./lib/startup.o
 .bss           0x0000000000015884        0x0 ./lib/syscalls.o
 .bss           0x0000000000015884        0x0 ./lib/riscv_counters.o
 .bss           0x0000000000015884        0x0 ./lib/ns16550.o
 .bss           0x0000000000015884        0x0 /tmp/cc6Riety.o
 .bss           0x0000000000015884        0x0 /opt/riscv32-unknown-elf-rv32im/lib/gcc/riscv32-unknown-elf/6.1.0/libgcc.a(_divdi3.o)
 .bss           0x0000000000015884        0x0 /opt/riscv32-unknown-elf-rv32im/lib/gcc/riscv32-unknown-elf/6.1.0/libgcc.a(_moddi3.o)
 .bss           0x0000000000015884        0x0 /opt/riscv32-unknown-elf-rv32im/lib/gcc/riscv32-unknown-elf/6.1.0/libgcc.a(_clz.o)
 .bss           0x0000000000015884        0x0 /opt/riscv32-unknown-elf-rv32im/lib/gcc/riscv32-unknown-elf/6.1.0/../../../../riscv32-unknown-elf/lib/libc.a(lib_a-atexit.o)
 .bss           0x0000000000015884        0x0 /opt/riscv32-unknown-elf-rv32im/lib/gcc/riscv32-unknown-elf/6.1.0/../../../../riscv32-unknown-elf/lib/libc.a(lib_a-exit.o)
 .bss           0x0000000000015884        0x0 /opt/riscv32-unknown-elf-rv32im/lib/gcc/riscv32-unknown-elf/6.1.0/../../../../riscv32-unknown-elf/lib/libc.a(lib_a-fini.o)
 .bss           0x0000000000015884        0x0 /opt/riscv32-unknown-elf-rv32im/lib/gcc/riscv32-unknown-elf/6.1.0/../../../../riscv32-unknown-elf/lib/libc.a(lib_a-impure.o)
 .bss           0x0000000000015884        0x0 /opt/riscv32-unknown-elf-rv32im/lib/gcc/riscv32-unknown-elf/6.1.0/../../../../riscv32-unknown-elf/lib/libc.a(lib_a-init.o)
 .bss           0x0000000000015884        0x0 /opt/riscv32-unknown-elf-rv32im/lib/gcc/riscv32-unknown-elf/6.1.0/../../../../riscv32-unknown-elf/lib/libc.a(lib_a-memset.o)
 .bss           0x0000000000015884        0x0 /opt/riscv32-unknown-elf-rv32im/lib/gcc/riscv32-unknown-elf/6.1.0/../../../../riscv32-unknown-elf/lib/libc.a(lib_a-puts.o)
 .bss           0x0000000000015884        0x0 /opt/riscv32-unknown-elf-rv32im/lib/gcc/riscv32-unknown-elf/6.1.0/../../../../riscv32-unknown-elf/lib/libc.a(lib_a-strlen.o)
 .bss           0x0000000000015884        0x0 /opt/riscv32-unknown-elf-rv32im/lib/gcc/riscv32-unknown-elf/6.1.0/../../../../riscv32-unknown-elf/lib/libc.a(lib_a-__atexit.o)
 .bss           0x0000000000015884        0x0 /opt/riscv32-unknown-elf-rv32im/lib/gcc/riscv32-unknown-elf/6.1.0/../../../../riscv32-unknown-elf/lib/libc.a(lib_a-__call_atexit.o)
 .bss           0x0000000000015884        0x0 /opt/riscv32-unknown-elf-rv32im/lib/gcc/riscv32-unknown-elf/6.1.0/../../../../riscv32-unknown-elf/lib/libc.a(lib_a-findfp.o)
 .bss           0x0000000000015884        0x0 /opt/riscv32-unknown-elf-rv32im/lib/gcc/riscv32-unknown-elf/6.1.0/../../../../riscv32-unknown-elf/lib/libc.a(lib_a-fvwrite.o)
 .bss           0x0000000000015884        0x0 /opt/riscv32-unknown-elf-rv32im/lib/gcc/riscv32-unknown-elf/6.1.0/../../../../riscv32-unknown-elf/lib/libc.a(lib_a-fwalk.o)
 .bss           0x0000000000015884       0x28 /opt/riscv32-unknown-elf-rv32im/lib/gcc/riscv32-unknown-elf/6.1.0/../../../../riscv32-unknown-elf/lib/libc.a(lib_a-mallocr.o)
                0x0000000000015884                __malloc_current_mallinfo
 .bss           0x00000000000158ac        0x0 /opt/riscv32-unknown-elf-rv32im/lib/gcc/riscv32-unknown-elf/6.1.0/../../../../riscv32-unknown-elf/lib/libc.a(lib_a-memchr.o)
 .bss           0x00000000000158ac        0x0 /opt/riscv32-unknown-elf-rv32im/lib/gcc/riscv32-unknown-elf/6.1.0/../../../../riscv32-unknown-elf/lib/libc.a(lib_a-memcpy.o)
 .bss           0x00000000000158ac        0x0 /opt/riscv32-unknown-elf-rv32im/lib/gcc/riscv32-unknown-elf/6.1.0/../../../../riscv32-unknown-elf/lib/libc.a(lib_a-memmove.o)
 .bss           0x00000000000158ac        0x0 /opt/riscv32-unknown-elf-rv32im/lib/gcc/riscv32-unknown-elf/6.1.0/../../../../riscv32-unknown-elf/lib/libc.a(lib_a-mlock.o)
 .bss           0x00000000000158ac        0x0 /opt/riscv32-unknown-elf-rv32im/lib/gcc/riscv32-unknown-elf/6.1.0/../../../../riscv32-unknown-elf/lib/libc.a(lib_a-reallocr.o)
 .bss           0x00000000000158ac        0x0 /opt/riscv32-unknown-elf-rv32im/lib/gcc/riscv32-unknown-elf/6.1.0/../../../../riscv32-unknown-elf/lib/libc.a(lib_a-sbrkr.o)
 .bss           0x00000000000158ac        0x0 /opt/riscv32-unknown-elf-rv32im/lib/gcc/riscv32-unknown-elf/6.1.0/../../../../riscv32-unknown-elf/lib/libc.a(lib_a-stdio.o)
 .bss           0x00000000000158ac        0x0 /opt/riscv32-unknown-elf-rv32im/lib/gcc/riscv32-unknown-elf/6.1.0/../../../../riscv32-unknown-elf/lib/libc.a(lib_a-writer.o)
 .bss           0x00000000000158ac        0x0 /opt/riscv32-unknown-elf-rv32im/lib/gcc/riscv32-unknown-elf/6.1.0/../../../../riscv32-unknown-elf/lib/libc.a(lib_a-wsetup.o)
 .bss           0x00000000000158ac        0x0 /opt/riscv32-unknown-elf-rv32im/lib/gcc/riscv32-unknown-elf/6.1.0/../../../../riscv32-unknown-elf/lib/libc.a(lib_a-closer.o)
 .bss           0x00000000000158ac        0x0 /opt/riscv32-unknown-elf-rv32im/lib/gcc/riscv32-unknown-elf/6.1.0/../../../../riscv32-unknown-elf/lib/libc.a(lib_a-fclose.o)
 .bss           0x00000000000158ac        0x0 /opt/riscv32-unknown-elf-rv32im/lib/gcc/riscv32-unknown-elf/6.1.0/../../../../riscv32-unknown-elf/lib/libc.a(lib_a-fflush.o)
 .bss           0x00000000000158ac        0x0 /opt/riscv32-unknown-elf-rv32im/lib/gcc/riscv32-unknown-elf/6.1.0/../../../../riscv32-unknown-elf/lib/libc.a(lib_a-freer.o)
 .bss           0x00000000000158ac        0x0 /opt/riscv32-unknown-elf-rv32im/lib/gcc/riscv32-unknown-elf/6.1.0/../../../../riscv32-unknown-elf/lib/libc.a(lib_a-lseekr.o)
 .bss           0x00000000000158ac        0x0 /opt/riscv32-unknown-elf-rv32im/lib/gcc/riscv32-unknown-elf/6.1.0/../../../../riscv32-unknown-elf/lib/libc.a(lib_a-makebuf.o)
 .bss           0x00000000000158ac        0x0 /opt/riscv32-unknown-elf-rv32im/lib/gcc/riscv32-unknown-elf/6.1.0/../../../../riscv32-unknown-elf/lib/libc.a(lib_a-readr.o)
 .bss           0x00000000000158ac        0x0 /opt/riscv32-unknown-elf-rv32im/lib/gcc/riscv32-unknown-elf/6.1.0/../../../../riscv32-unknown-elf/lib/libc.a(lib_a-reent.o)
 .bss           0x00000000000158ac        0x0 /opt/riscv32-unknown-elf-rv32im/lib/gcc/riscv32-unknown-elf/6.1.0/../../../../riscv32-unknown-elf/lib/libc.a(lib_a-fstatr.o)
 .bss           0x00000000000158ac        0x0 /opt/riscv32-unknown-elf-rv32im/lib/gcc/riscv32-unknown-elf/6.1.0/../../../../riscv32-unknown-elf/lib/libc.a(lib_a-isattyr.o)
 .bss           0x00000000000158ac        0x0 /opt/riscv32-unknown-elf-rv32im/lib/gcc/riscv32-unknown-elf/6.1.0/../../../../riscv32-unknown-elf/lib/libnosys.a(close.o)
 .bss           0x00000000000158ac        0x0 /opt/riscv32-unknown-elf-rv32im/lib/gcc/riscv32-unknown-elf/6.1.0/../../../../riscv32-unknown-elf/lib/libnosys.a(fstat.o)
 .bss           0x00000000000158ac        0x0 /opt/riscv32-unknown-elf-rv32im/lib/gcc/riscv32-unknown-elf/6.1.0/../../../../riscv32-unknown-elf/lib/libnosys.a(isatty.o)
 .bss           0x00000000000158ac        0x0 /opt/riscv32-unknown-elf-rv32im/lib/gcc/riscv32-unknown-elf/6.1.0/../../../../riscv32-unknown-elf/lib/libnosys.a(lseek.o)
 .bss           0x00000000000158ac        0x0 /opt/riscv32-unknown-elf-rv32im/lib/gcc/riscv32-unknown-elf/6.1.0/../../../../riscv32-unknown-elf/lib/libnosys.a(sbrk.o)
 .bss           0x00000000000158ac        0x0 /opt/riscv32-unknown-elf-rv32im/lib/gcc/riscv32-unknown-elf/6.1.0/../../../../riscv32-unknown-elf/lib/libnosys.a(_exit.o)
 .bss           0x00000000000158ac        0x0 /opt/riscv32-unknown-elf-rv32im/lib/gcc/riscv32-unknown-elf/6.1.0/crtend.o
 *(COMMON)
 COMMON         0x00000000000158ac       0x40 /tmp/cc6Riety.o
                0x00000000000158ac                g_nodeFreeList
                0x00000000000158b4                g_nodePool
 COMMON         0x00000000000158ec        0x4 /opt/riscv32-unknown-elf-rv32im/lib/gcc/riscv32-unknown-elf/6.1.0/../../../../riscv32-unknown-elf/lib/libc.a(lib_a-reent.o)
                0x00000000000158ec                errno
                0x00000000000158f0                . = ALIGN ((. != 0x0)?0x4:0x1)
LOAD /opt/riscv32-unknown-elf-rv32im/lib/gcc/riscv32-unknown-elf/6.1.0/../../../../riscv32-unknown-elf/lib/crt0.o
LOAD /opt/riscv32-unknown-elf-rv32im/lib/gcc/riscv32-unknown-elf/6.1.0/crtbegin.o

.startup        0x0000000000000000      0x22c
 startup.o(.text)
 .text          0x0000000000000000      0x22c ./lib/startup.o
                0x0000000000000200                _reset
                0x000000000000022c                . = ALIGN (0x4)
                0x000000000000022c                . = SEGMENT_START ("ldata-segment", .)
                0x000000000000022c                . = ALIGN (0x4)
                0x000000000000022c                _end = .
                0x000000000000022c                PROVIDE (end, .)
                0x000000000000022c                . = DATA_SEGMENT_END (.)

.stab
 *(.stab)

.stabstr
 *(.stabstr)

.stab.excl
 *(.stab.excl)

.stab.exclstr
 *(.stab.exclstr)

.stab.index
 *(.stab.index)

.stab.indexstr
 *(.stab.indexstr)

.comment        0x0000000000000000       0x11
 *(.comment)
 .comment       0x0000000000000000       0x11 /opt/riscv32-unknown-elf-rv32im/lib/gcc/riscv32-unknown-elf/6.1.0/crtbegin.o
                                         0x12 (size before relaxing)
 .comment       0x0000000000000011       0x12 ./lib/syscalls.o
 .comment       0x0000000000000011       0x12 ./lib/riscv_counters.o
 .comment       0x0000000000000011       0x12 ./lib/ns16550.o
 .comment       0x0000000000000011       0x12 /tmp/cc6Riety.o
 .comment       0x0000000000000011       0x12 /opt/riscv32-unknown-elf-rv32im/lib/gcc/riscv32-unknown-elf/6.1.0/libgcc.a(_divdi3.o)
 .comment       0x0000000000000011       0x12 /opt/riscv32-unknown-elf-rv32im/lib/gcc/riscv32-unknown-elf/6.1.0/libgcc.a(_moddi3.o)
 .comment       0x0000000000000011       0x12 /opt/riscv32-unknown-elf-rv32im/lib/gcc/riscv32-unknown-elf/6.1.0/libgcc.a(_clz.o)
 .comment       0x0000000000000011       0x12 /opt/riscv32-unknown-elf-rv32im/lib/gcc/riscv32-unknown-elf/6.1.0/../../../../riscv32-unknown-elf/lib/libc.a(lib_a-atexit.o)
 .comment       0x0000000000000011       0x12 /opt/riscv32-unknown-elf-rv32im/lib/gcc/riscv32-unknown-elf/6.1.0/../../../../riscv32-unknown-elf/lib/libc.a(lib_a-exit.o)
 .comment       0x0000000000000011       0x12 /opt/riscv32-unknown-elf-rv32im/lib/gcc/riscv32-unknown-elf/6.1.0/../../../../riscv32-unknown-elf/lib/libc.a(lib_a-fini.o)
 .comment       0x0000000000000011       0x12 /opt/riscv32-unknown-elf-rv32im/lib/gcc/riscv32-unknown-elf/6.1.0/../../../../riscv32-unknown-elf/lib/libc.a(lib_a-impure.o)
 .comment       0x0000000000000011       0x12 /opt/riscv32-unknown-elf-rv32im/lib/gcc/riscv32-unknown-elf/6.1.0/../../../../riscv32-unknown-elf/lib/libc.a(lib_a-init.o)
 .comment       0x0000000000000011       0x12 /opt/riscv32-unknown-elf-rv32im/lib/gcc/riscv32-unknown-elf/6.1.0/../../../../riscv32-unknown-elf/lib/libc.a(lib_a-puts.o)
 .comment       0x0000000000000011       0x12 /opt/riscv32-unknown-elf-rv32im/lib/gcc/riscv32-unknown-elf/6.1.0/../../../../riscv32-unknown-elf/lib/libc.a(lib_a-strlen.o)
 .comment       0x0000000000000011       0x12 /opt/riscv32-unknown-elf-rv32im/lib/gcc/riscv32-unknown-elf/6.1.0/../../../../riscv32-unknown-elf/lib/libc.a(lib_a-__atexit.o)
 .comment       0x0000000000000011       0x12 /opt/riscv32-unknown-elf-rv32im/lib/gcc/riscv32-unknown-elf/6.1.0/../../../../riscv32-unknown-elf/lib/libc.a(lib_a-__call_atexit.o)
 .comment       0x0000000000000011       0x12 /opt/riscv32-unknown-elf-rv32im/lib/gcc/riscv32-unknown-elf/6.1.0/../../../../riscv32-unknown-elf/lib/libc.a(lib_a-findfp.o)
 .comment       0x0000000000000011       0x12 /opt/riscv32-unknown-elf-rv32im/lib/gcc/riscv32-unknown-elf/6.1.0/../../../../riscv32-unknown-elf/lib/libc.a(lib_a-fvwrite.o)
 .comment       0x0000000000000011       0x12 /opt/riscv32-unknown-elf-rv32im/lib/gcc/riscv32-unknown-elf/6.1.0/../../../../riscv32-unknown-elf/lib/libc.a(lib_a-fwalk.o)
 .comment       0x0000000000000011       0x12 /opt/riscv32-unknown-elf-rv32im/lib/gcc/riscv32-unknown-elf/6.1.0/../../../../riscv32-unknown-elf/lib/libc.a(lib_a-mallocr.o)
 .comment       0x0000000000000011       0x12 /opt/riscv32-unknown-elf-rv32im/lib/gcc/riscv32-unknown-elf/6.1.0/../../../../riscv32-unknown-elf/lib/libc.a(lib_a-memchr.o)
 .comment       0x0000000000000011       0x12 /opt/riscv32-unknown-elf-rv32im/lib/gcc/riscv32-unknown-elf/6.1.0/../../../../riscv32-unknown-elf/lib/libc.a(lib_a-memcpy.o)
 .comment       0x0000000000000011       0x12 /opt/riscv32-unknown-elf-rv32im/lib/gcc/riscv32-unknown-elf/6.1.0/../../../../riscv32-unknown-elf/lib/libc.a(lib_a-memmove.o)
 .comment       0x0000000000000011       0x12 /opt/riscv32-unknown-elf-rv32im/lib/gcc/riscv32-unknown-elf/6.1.0/../../../../riscv32-unknown-elf/lib/libc.a(lib_a-mlock.o)
 .comment       0x0000000000000011       0x12 /opt/riscv32-unknown-elf-rv32im/lib/gcc/riscv32-unknown-elf/6.1.0/../../../../riscv32-unknown-elf/lib/libc.a(lib_a-reallocr.o)
 .comment       0x0000000000000011       0x12 /opt/riscv32-unknown-elf-rv32im/lib/gcc/riscv32-unknown-elf/6.1.0/../../../../riscv32-unknown-elf/lib/libc.a(lib_a-sbrkr.o)
 .comment       0x0000000000000011       0x12 /opt/riscv32-unknown-elf-rv32im/lib/gcc/riscv32-unknown-elf/6.1.0/../../../../riscv32-unknown-elf/lib/libc.a(lib_a-stdio.o)
 .comment       0x0000000000000011       0x12 /opt/riscv32-unknown-elf-rv32im/lib/gcc/riscv32-unknown-elf/6.1.0/../../../../riscv32-unknown-elf/lib/libc.a(lib_a-writer.o)
 .comment       0x0000000000000011       0x12 /opt/riscv32-unknown-elf-rv32im/lib/gcc/riscv32-unknown-elf/6.1.0/../../../../riscv32-unknown-elf/lib/libc.a(lib_a-wsetup.o)
 .comment       0x0000000000000011       0x12 /opt/riscv32-unknown-elf-rv32im/lib/gcc/riscv32-unknown-elf/6.1.0/../../../../riscv32-unknown-elf/lib/libc.a(lib_a-closer.o)
 .comment       0x0000000000000011       0x12 /opt/riscv32-unknown-elf-rv32im/lib/gcc/riscv32-unknown-elf/6.1.0/../../../../riscv32-unknown-elf/lib/libc.a(lib_a-fclose.o)
 .comment       0x0000000000000011       0x12 /opt/riscv32-unknown-elf-rv32im/lib/gcc/riscv32-unknown-elf/6.1.0/../../../../riscv32-unknown-elf/lib/libc.a(lib_a-fflush.o)
 .comment       0x0000000000000011       0x12 /opt/riscv32-unknown-elf-rv32im/lib/gcc/riscv32-unknown-elf/6.1.0/../../../../riscv32-unknown-elf/lib/libc.a(lib_a-freer.o)
 .comment       0x0000000000000011       0x12 /opt/riscv32-unknown-elf-rv32im/lib/gcc/riscv32-unknown-elf/6.1.0/../../../../riscv32-unknown-elf/lib/libc.a(lib_a-lseekr.o)
 .comment       0x0000000000000011       0x12 /opt/riscv32-unknown-elf-rv32im/lib/gcc/riscv32-unknown-elf/6.1.0/../../../../riscv32-unknown-elf/lib/libc.a(lib_a-makebuf.o)
 .comment       0x0000000000000011       0x12 /opt/riscv32-unknown-elf-rv32im/lib/gcc/riscv32-unknown-elf/6.1.0/../../../../riscv32-unknown-elf/lib/libc.a(lib_a-readr.o)
 .comment       0x0000000000000011       0x12 /opt/riscv32-unknown-elf-rv32im/lib/gcc/riscv32-unknown-elf/6.1.0/../../../../riscv32-unknown-elf/lib/libc.a(lib_a-reent.o)
 .comment       0x0000000000000011       0x12 /opt/riscv32-unknown-elf-rv32im/lib/gcc/riscv32-unknown-elf/6.1.0/../../../../riscv32-unknown-elf/lib/libc.a(lib_a-fstatr.o)
 .comment       0x0000000000000011       0x12 /opt/riscv32-unknown-elf-rv32im/lib/gcc/riscv32-unknown-elf/6.1.0/../../../../riscv32-unknown-elf/lib/libc.a(lib_a-isattyr.o)
 .comment       0x0000000000000011       0x12 /opt/riscv32-unknown-elf-rv32im/lib/gcc/riscv32-unknown-elf/6.1.0/../../../../riscv32-unknown-elf/lib/libnosys.a(close.o)
 .comment       0x0000000000000011       0x12 /opt/riscv32-unknown-elf-rv32im/lib/gcc/riscv32-unknown-elf/6.1.0/../../../../riscv32-unknown-elf/lib/libnosys.a(fstat.o)
 .comment       0x0000000000000011       0x12 /opt/riscv32-unknown-elf-rv32im/lib/gcc/riscv32-unknown-elf/6.1.0/../../../../riscv32-unknown-elf/lib/libnosys.a(isatty.o)
 .comment       0x0000000000000011       0x12 /opt/riscv32-unknown-elf-rv32im/lib/gcc/riscv32-unknown-elf/6.1.0/../../../../riscv32-unknown-elf/lib/libnosys.a(lseek.o)
 .comment       0x0000000000000011       0x12 /opt/riscv32-unknown-elf-rv32im/lib/gcc/riscv32-unknown-elf/6.1.0/../../../../riscv32-unknown-elf/lib/libnosys.a(sbrk.o)
 .comment       0x0000000000000011       0x12 /opt/riscv32-unknown-elf-rv32im/lib/gcc/riscv32-unknown-elf/6.1.0/../../../../riscv32-unknown-elf/lib/libnosys.a(_exit.o)
 .comment       0x0000000000000011       0x12 /opt/riscv32-unknown-elf-rv32im/lib/gcc/riscv32-unknown-elf/6.1.0/crtend.o

.debug
 *(.debug)

.line
 *(.line)

.debug_srcinfo
 *(.debug_srcinfo)

.debug_sfnames
 *(.debug_sfnames)

.debug_aranges  0x0000000000000000      0x5f0
 *(.debug_aranges)
 .debug_aranges
                0x0000000000000000       0x20 /opt/riscv32-unknown-elf-rv32im/lib/gcc/riscv32-unknown-elf/6.1.0/../../../../riscv32-unknown-elf/lib/crt0.o
 .debug_aranges
                0x0000000000000020       0x20 ./lib/startup.o
 .debug_aranges
                0x0000000000000040       0x20 ./lib/syscalls.o
 .debug_aranges
                0x0000000000000060       0x20 ./lib/riscv_counters.o
 .debug_aranges
                0x0000000000000080       0x20 ./lib/ns16550.o
 .debug_aranges
                0x00000000000000a0       0x20 /tmp/cc6Riety.o
 .debug_aranges
                0x00000000000000c0       0x20 /opt/riscv32-unknown-elf-rv32im/lib/gcc/riscv32-unknown-elf/6.1.0/libgcc.a(_divdi3.o)
 .debug_aranges
                0x00000000000000e0       0x20 /opt/riscv32-unknown-elf-rv32im/lib/gcc/riscv32-unknown-elf/6.1.0/libgcc.a(_moddi3.o)
 .debug_aranges
                0x0000000000000100       0x18 /opt/riscv32-unknown-elf-rv32im/lib/gcc/riscv32-unknown-elf/6.1.0/libgcc.a(_clz.o)
 .debug_aranges
                0x0000000000000118       0x20 /opt/riscv32-unknown-elf-rv32im/lib/gcc/riscv32-unknown-elf/6.1.0/../../../../riscv32-unknown-elf/lib/libc.a(lib_a-atexit.o)
 .debug_aranges
                0x0000000000000138       0x20 /opt/riscv32-unknown-elf-rv32im/lib/gcc/riscv32-unknown-elf/6.1.0/../../../../riscv32-unknown-elf/lib/libc.a(lib_a-exit.o)
 .debug_aranges
                0x0000000000000158       0x20 /opt/riscv32-unknown-elf-rv32im/lib/gcc/riscv32-unknown-elf/6.1.0/../../../../riscv32-unknown-elf/lib/libc.a(lib_a-fini.o)
 .debug_aranges
                0x0000000000000178       0x18 /opt/riscv32-unknown-elf-rv32im/lib/gcc/riscv32-unknown-elf/6.1.0/../../../../riscv32-unknown-elf/lib/libc.a(lib_a-impure.o)
 .debug_aranges
                0x0000000000000190       0x20 /opt/riscv32-unknown-elf-rv32im/lib/gcc/riscv32-unknown-elf/6.1.0/../../../../riscv32-unknown-elf/lib/libc.a(lib_a-init.o)
 .debug_aranges
                0x00000000000001b0       0x20 /opt/riscv32-unknown-elf-rv32im/lib/gcc/riscv32-unknown-elf/6.1.0/../../../../riscv32-unknown-elf/lib/libc.a(lib_a-memset.o)
 .debug_aranges
                0x00000000000001d0       0x20 /opt/riscv32-unknown-elf-rv32im/lib/gcc/riscv32-unknown-elf/6.1.0/../../../../riscv32-unknown-elf/lib/libc.a(lib_a-puts.o)
 .debug_aranges
                0x00000000000001f0       0x20 /opt/riscv32-unknown-elf-rv32im/lib/gcc/riscv32-unknown-elf/6.1.0/../../../../riscv32-unknown-elf/lib/libc.a(lib_a-strlen.o)
 .debug_aranges
                0x0000000000000210       0x20 /opt/riscv32-unknown-elf-rv32im/lib/gcc/riscv32-unknown-elf/6.1.0/../../../../riscv32-unknown-elf/lib/libc.a(lib_a-__atexit.o)
 .debug_aranges
                0x0000000000000230       0x20 /opt/riscv32-unknown-elf-rv32im/lib/gcc/riscv32-unknown-elf/6.1.0/../../../../riscv32-unknown-elf/lib/libc.a(lib_a-__call_atexit.o)
 .debug_aranges
                0x0000000000000250       0x20 /opt/riscv32-unknown-elf-rv32im/lib/gcc/riscv32-unknown-elf/6.1.0/../../../../riscv32-unknown-elf/lib/libc.a(lib_a-findfp.o)
 .debug_aranges
                0x0000000000000270       0x20 /opt/riscv32-unknown-elf-rv32im/lib/gcc/riscv32-unknown-elf/6.1.0/../../../../riscv32-unknown-elf/lib/libc.a(lib_a-fvwrite.o)
 .debug_aranges
                0x0000000000000290       0x20 /opt/riscv32-unknown-elf-rv32im/lib/gcc/riscv32-unknown-elf/6.1.0/../../../../riscv32-unknown-elf/lib/libc.a(lib_a-fwalk.o)
 .debug_aranges
                0x00000000000002b0       0x20 /opt/riscv32-unknown-elf-rv32im/lib/gcc/riscv32-unknown-elf/6.1.0/../../../../riscv32-unknown-elf/lib/libc.a(lib_a-mallocr.o)
 .debug_aranges
                0x00000000000002d0       0x20 /opt/riscv32-unknown-elf-rv32im/lib/gcc/riscv32-unknown-elf/6.1.0/../../../../riscv32-unknown-elf/lib/libc.a(lib_a-memchr.o)
 .debug_aranges
                0x00000000000002f0       0x20 /opt/riscv32-unknown-elf-rv32im/lib/gcc/riscv32-unknown-elf/6.1.0/../../../../riscv32-unknown-elf/lib/libc.a(lib_a-memcpy.o)
 .debug_aranges
                0x0000000000000310       0x20 /opt/riscv32-unknown-elf-rv32im/lib/gcc/riscv32-unknown-elf/6.1.0/../../../../riscv32-unknown-elf/lib/libc.a(lib_a-memmove.o)
 .debug_aranges
                0x0000000000000330       0x20 /opt/riscv32-unknown-elf-rv32im/lib/gcc/riscv32-unknown-elf/6.1.0/../../../../riscv32-unknown-elf/lib/libc.a(lib_a-mlock.o)
 .debug_aranges
                0x0000000000000350       0x20 /opt/riscv32-unknown-elf-rv32im/lib/gcc/riscv32-unknown-elf/6.1.0/../../../../riscv32-unknown-elf/lib/libc.a(lib_a-reallocr.o)
 .debug_aranges
                0x0000000000000370       0x20 /opt/riscv32-unknown-elf-rv32im/lib/gcc/riscv32-unknown-elf/6.1.0/../../../../riscv32-unknown-elf/lib/libc.a(lib_a-sbrkr.o)
 .debug_aranges
                0x0000000000000390       0x20 /opt/riscv32-unknown-elf-rv32im/lib/gcc/riscv32-unknown-elf/6.1.0/../../../../riscv32-unknown-elf/lib/libc.a(lib_a-stdio.o)
 .debug_aranges
                0x00000000000003b0       0x20 /opt/riscv32-unknown-elf-rv32im/lib/gcc/riscv32-unknown-elf/6.1.0/../../../../riscv32-unknown-elf/lib/libc.a(lib_a-writer.o)
 .debug_aranges
                0x00000000000003d0       0x20 /opt/riscv32-unknown-elf-rv32im/lib/gcc/riscv32-unknown-elf/6.1.0/../../../../riscv32-unknown-elf/lib/libc.a(lib_a-wsetup.o)
 .debug_aranges
                0x00000000000003f0       0x20 /opt/riscv32-unknown-elf-rv32im/lib/gcc/riscv32-unknown-elf/6.1.0/../../../../riscv32-unknown-elf/lib/libc.a(lib_a-closer.o)
 .debug_aranges
                0x0000000000000410       0x20 /opt/riscv32-unknown-elf-rv32im/lib/gcc/riscv32-unknown-elf/6.1.0/../../../../riscv32-unknown-elf/lib/libc.a(lib_a-fclose.o)
 .debug_aranges
                0x0000000000000430       0x20 /opt/riscv32-unknown-elf-rv32im/lib/gcc/riscv32-unknown-elf/6.1.0/../../../../riscv32-unknown-elf/lib/libc.a(lib_a-fflush.o)
 .debug_aranges
                0x0000000000000450       0x20 /opt/riscv32-unknown-elf-rv32im/lib/gcc/riscv32-unknown-elf/6.1.0/../../../../riscv32-unknown-elf/lib/libc.a(lib_a-freer.o)
 .debug_aranges
                0x0000000000000470       0x20 /opt/riscv32-unknown-elf-rv32im/lib/gcc/riscv32-unknown-elf/6.1.0/../../../../riscv32-unknown-elf/lib/libc.a(lib_a-lseekr.o)
 .debug_aranges
                0x0000000000000490       0x20 /opt/riscv32-unknown-elf-rv32im/lib/gcc/riscv32-unknown-elf/6.1.0/../../../../riscv32-unknown-elf/lib/libc.a(lib_a-makebuf.o)
 .debug_aranges
                0x00000000000004b0       0x20 /opt/riscv32-unknown-elf-rv32im/lib/gcc/riscv32-unknown-elf/6.1.0/../../../../riscv32-unknown-elf/lib/libc.a(lib_a-readr.o)
 .debug_aranges
                0x00000000000004d0       0x20 /opt/riscv32-unknown-elf-rv32im/lib/gcc/riscv32-unknown-elf/6.1.0/../../../../riscv32-unknown-elf/lib/libc.a(lib_a-reent.o)
 .debug_aranges
                0x00000000000004f0       0x20 /opt/riscv32-unknown-elf-rv32im/lib/gcc/riscv32-unknown-elf/6.1.0/../../../../riscv32-unknown-elf/lib/libc.a(lib_a-fstatr.o)
 .debug_aranges
                0x0000000000000510       0x20 /opt/riscv32-unknown-elf-rv32im/lib/gcc/riscv32-unknown-elf/6.1.0/../../../../riscv32-unknown-elf/lib/libc.a(lib_a-isattyr.o)
 .debug_aranges
                0x0000000000000530       0x20 /opt/riscv32-unknown-elf-rv32im/lib/gcc/riscv32-unknown-elf/6.1.0/../../../../riscv32-unknown-elf/lib/libnosys.a(close.o)
 .debug_aranges
                0x0000000000000550       0x20 /opt/riscv32-unknown-elf-rv32im/lib/gcc/riscv32-unknown-elf/6.1.0/../../../../riscv32-unknown-elf/lib/libnosys.a(fstat.o)
 .debug_aranges
                0x0000000000000570       0x20 /opt/riscv32-unknown-elf-rv32im/lib/gcc/riscv32-unknown-elf/6.1.0/../../../../riscv32-unknown-elf/lib/libnosys.a(isatty.o)
 .debug_aranges
                0x0000000000000590       0x20 /opt/riscv32-unknown-elf-rv32im/lib/gcc/riscv32-unknown-elf/6.1.0/../../../../riscv32-unknown-elf/lib/libnosys.a(lseek.o)
 .debug_aranges
                0x00000000000005b0       0x20 /opt/riscv32-unknown-elf-rv32im/lib/gcc/riscv32-unknown-elf/6.1.0/../../../../riscv32-unknown-elf/lib/libnosys.a(sbrk.o)
 .debug_aranges
                0x00000000000005d0       0x20 /opt/riscv32-unknown-elf-rv32im/lib/gcc/riscv32-unknown-elf/6.1.0/../../../../riscv32-unknown-elf/lib/libnosys.a(_exit.o)

.debug_pubnames
 *(.debug_pubnames)

.debug_info     0x0000000000000000    0x1a9b4
 *(.debug_info .gnu.linkonce.wi.*)
 .debug_info    0x0000000000000000       0xd8 /opt/riscv32-unknown-elf-rv32im/lib/gcc/riscv32-unknown-elf/6.1.0/../../../../riscv32-unknown-elf/lib/crt0.o
 .debug_info    0x00000000000000d8       0x85 ./lib/startup.o
 .debug_info    0x000000000000015d      0xa78 ./lib/syscalls.o
 .debug_info    0x0000000000000bd5      0x91b ./lib/riscv_counters.o
 .debug_info    0x00000000000014f0      0x3b6 ./lib/ns16550.o
 .debug_info    0x00000000000018a6      0xc2b /tmp/cc6Riety.o
 .debug_info    0x00000000000024d1      0x86a /opt/riscv32-unknown-elf-rv32im/lib/gcc/riscv32-unknown-elf/6.1.0/libgcc.a(_divdi3.o)
 .debug_info    0x0000000000002d3b      0x899 /opt/riscv32-unknown-elf-rv32im/lib/gcc/riscv32-unknown-elf/6.1.0/libgcc.a(_moddi3.o)
 .debug_info    0x00000000000035d4      0x1df /opt/riscv32-unknown-elf-rv32im/lib/gcc/riscv32-unknown-elf/6.1.0/libgcc.a(_clz.o)
 .debug_info    0x00000000000037b3      0x90e /opt/riscv32-unknown-elf-rv32im/lib/gcc/riscv32-unknown-elf/6.1.0/../../../../riscv32-unknown-elf/lib/libc.a(lib_a-atexit.o)
 .debug_info    0x00000000000040c1      0x944 /opt/riscv32-unknown-elf-rv32im/lib/gcc/riscv32-unknown-elf/6.1.0/../../../../riscv32-unknown-elf/lib/libc.a(lib_a-exit.o)
 .debug_info    0x0000000000004a05       0xf6 /opt/riscv32-unknown-elf-rv32im/lib/gcc/riscv32-unknown-elf/6.1.0/../../../../riscv32-unknown-elf/lib/libc.a(lib_a-fini.o)
 .debug_info    0x0000000000004afb      0x8ac /opt/riscv32-unknown-elf-rv32im/lib/gcc/riscv32-unknown-elf/6.1.0/../../../../riscv32-unknown-elf/lib/libc.a(lib_a-impure.o)
 .debug_info    0x00000000000053a7      0x10c /opt/riscv32-unknown-elf-rv32im/lib/gcc/riscv32-unknown-elf/6.1.0/../../../../riscv32-unknown-elf/lib/libc.a(lib_a-init.o)
 .debug_info    0x00000000000054b3       0xf0 /opt/riscv32-unknown-elf-rv32im/lib/gcc/riscv32-unknown-elf/6.1.0/../../../../riscv32-unknown-elf/lib/libc.a(lib_a-memset.o)
 .debug_info    0x00000000000055a3      0xc26 /opt/riscv32-unknown-elf-rv32im/lib/gcc/riscv32-unknown-elf/6.1.0/../../../../riscv32-unknown-elf/lib/libc.a(lib_a-puts.o)
 .debug_info    0x00000000000061c9      0x9a8 /opt/riscv32-unknown-elf-rv32im/lib/gcc/riscv32-unknown-elf/6.1.0/../../../../riscv32-unknown-elf/lib/libc.a(lib_a-strlen.o)
 .debug_info    0x0000000000006b71      0x939 /opt/riscv32-unknown-elf-rv32im/lib/gcc/riscv32-unknown-elf/6.1.0/../../../../riscv32-unknown-elf/lib/libc.a(lib_a-__atexit.o)
 .debug_info    0x00000000000074aa      0x951 /opt/riscv32-unknown-elf-rv32im/lib/gcc/riscv32-unknown-elf/6.1.0/../../../../riscv32-unknown-elf/lib/libc.a(lib_a-__call_atexit.o)
 .debug_info    0x0000000000007dfb      0xf99 /opt/riscv32-unknown-elf-rv32im/lib/gcc/riscv32-unknown-elf/6.1.0/../../../../riscv32-unknown-elf/lib/libc.a(lib_a-findfp.o)
 .debug_info    0x0000000000008d94      0xde2 /opt/riscv32-unknown-elf-rv32im/lib/gcc/riscv32-unknown-elf/6.1.0/../../../../riscv32-unknown-elf/lib/libc.a(lib_a-fvwrite.o)
 .debug_info    0x0000000000009b76      0xbd3 /opt/riscv32-unknown-elf-rv32im/lib/gcc/riscv32-unknown-elf/6.1.0/../../../../riscv32-unknown-elf/lib/libc.a(lib_a-fwalk.o)
 .debug_info    0x000000000000a749      0xdcf /opt/riscv32-unknown-elf-rv32im/lib/gcc/riscv32-unknown-elf/6.1.0/../../../../riscv32-unknown-elf/lib/libc.a(lib_a-mallocr.o)
 .debug_info    0x000000000000b518      0x93a /opt/riscv32-unknown-elf-rv32im/lib/gcc/riscv32-unknown-elf/6.1.0/../../../../riscv32-unknown-elf/lib/libc.a(lib_a-memchr.o)
 .debug_info    0x000000000000be52      0xa46 /opt/riscv32-unknown-elf-rv32im/lib/gcc/riscv32-unknown-elf/6.1.0/../../../../riscv32-unknown-elf/lib/libc.a(lib_a-memcpy.o)
 .debug_info    0x000000000000c898      0x931 /opt/riscv32-unknown-elf-rv32im/lib/gcc/riscv32-unknown-elf/6.1.0/../../../../riscv32-unknown-elf/lib/libc.a(lib_a-memmove.o)
 .debug_info    0x000000000000d1c9      0x8df /opt/riscv32-unknown-elf-rv32im/lib/gcc/riscv32-unknown-elf/6.1.0/../../../../riscv32-unknown-elf/lib/libc.a(lib_a-mlock.o)
 .debug_info    0x000000000000daa8      0xdcb /opt/riscv32-unknown-elf-rv32im/lib/gcc/riscv32-unknown-elf/6.1.0/../../../../riscv32-unknown-elf/lib/libc.a(lib_a-reallocr.o)
 .debug_info    0x000000000000e873      0x961 /opt/riscv32-unknown-elf-rv32im/lib/gcc/riscv32-unknown-elf/6.1.0/../../../../riscv32-unknown-elf/lib/libc.a(lib_a-sbrkr.o)
 .debug_info    0x000000000000f1d4      0xd4b /opt/riscv32-unknown-elf-rv32im/lib/gcc/riscv32-unknown-elf/6.1.0/../../../../riscv32-unknown-elf/lib/libc.a(lib_a-stdio.o)
 .debug_info    0x000000000000ff1f      0x97e /opt/riscv32-unknown-elf-rv32im/lib/gcc/riscv32-unknown-elf/6.1.0/../../../../riscv32-unknown-elf/lib/libc.a(lib_a-writer.o)
 .debug_info    0x000000000001089d      0xb4d /opt/riscv32-unknown-elf-rv32im/lib/gcc/riscv32-unknown-elf/6.1.0/../../../../riscv32-unknown-elf/lib/libc.a(lib_a-wsetup.o)
 .debug_info    0x00000000000113ea      0x940 /opt/riscv32-unknown-elf-rv32im/lib/gcc/riscv32-unknown-elf/6.1.0/../../../../riscv32-unknown-elf/lib/libc.a(lib_a-closer.o)
 .debug_info    0x0000000000011d2a      0xc0f /opt/riscv32-unknown-elf-rv32im/lib/gcc/riscv32-unknown-elf/6.1.0/../../../../riscv32-unknown-elf/lib/libc.a(lib_a-fclose.o)
 .debug_info    0x0000000000012939      0xc97 /opt/riscv32-unknown-elf-rv32im/lib/gcc/riscv32-unknown-elf/6.1.0/../../../../riscv32-unknown-elf/lib/libc.a(lib_a-fflush.o)
 .debug_info    0x00000000000135d0      0xcb0 /opt/riscv32-unknown-elf-rv32im/lib/gcc/riscv32-unknown-elf/6.1.0/../../../../riscv32-unknown-elf/lib/libc.a(lib_a-freer.o)
 .debug_info    0x0000000000014280      0x96c /opt/riscv32-unknown-elf-rv32im/lib/gcc/riscv32-unknown-elf/6.1.0/../../../../riscv32-unknown-elf/lib/libc.a(lib_a-lseekr.o)
 .debug_info    0x0000000000014bec      0xe56 /opt/riscv32-unknown-elf-rv32im/lib/gcc/riscv32-unknown-elf/6.1.0/../../../../riscv32-unknown-elf/lib/libc.a(lib_a-makebuf.o)
 .debug_info    0x0000000000015a42      0x977 /opt/riscv32-unknown-elf-rv32im/lib/gcc/riscv32-unknown-elf/6.1.0/../../../../riscv32-unknown-elf/lib/libc.a(lib_a-readr.o)
 .debug_info    0x00000000000163b9      0xa1f /opt/riscv32-unknown-elf-rv32im/lib/gcc/riscv32-unknown-elf/6.1.0/../../../../riscv32-unknown-elf/lib/libc.a(lib_a-reent.o)
 .debug_info    0x0000000000016dd8      0xb58 /opt/riscv32-unknown-elf-rv32im/lib/gcc/riscv32-unknown-elf/6.1.0/../../../../riscv32-unknown-elf/lib/libc.a(lib_a-fstatr.o)
 .debug_info    0x0000000000017930      0x940 /opt/riscv32-unknown-elf-rv32im/lib/gcc/riscv32-unknown-elf/6.1.0/../../../../riscv32-unknown-elf/lib/libc.a(lib_a-isattyr.o)
 .debug_info    0x0000000000018270      0x90e /opt/riscv32-unknown-elf-rv32im/lib/gcc/riscv32-unknown-elf/6.1.0/../../../../riscv32-unknown-elf/lib/libnosys.a(close.o)
 .debug_info    0x0000000000018b7e      0xb20 /opt/riscv32-unknown-elf-rv32im/lib/gcc/riscv32-unknown-elf/6.1.0/../../../../riscv32-unknown-elf/lib/libnosys.a(fstat.o)
 .debug_info    0x000000000001969e      0x90e /opt/riscv32-unknown-elf-rv32im/lib/gcc/riscv32-unknown-elf/6.1.0/../../../../riscv32-unknown-elf/lib/libnosys.a(isatty.o)
 .debug_info    0x0000000000019fac      0x928 /opt/riscv32-unknown-elf-rv32im/lib/gcc/riscv32-unknown-elf/6.1.0/../../../../riscv32-unknown-elf/lib/libnosys.a(lseek.o)
 .debug_info    0x000000000001a8d4       0x8c /opt/riscv32-unknown-elf-rv32im/lib/gcc/riscv32-unknown-elf/6.1.0/../../../../riscv32-unknown-elf/lib/libnosys.a(sbrk.o)
 .debug_info    0x000000000001a960       0x54 /opt/riscv32-unknown-elf-rv32im/lib/gcc/riscv32-unknown-elf/6.1.0/../../../../riscv32-unknown-elf/lib/libnosys.a(_exit.o)

.debug_abbrev   0x0000000000000000     0x579e
 *(.debug_abbrev)
 .debug_abbrev  0x0000000000000000       0x14 /opt/riscv32-unknown-elf-rv32im/lib/gcc/riscv32-unknown-elf/6.1.0/../../../../riscv32-unknown-elf/lib/crt0.o
 .debug_abbrev  0x0000000000000014       0x14 ./lib/startup.o
 .debug_abbrev  0x0000000000000028      0x222 ./lib/syscalls.o
 .debug_abbrev  0x000000000000024a      0x1ba ./lib/riscv_counters.o
 .debug_abbrev  0x0000000000000404      0x13c ./lib/ns16550.o
 .debug_abbrev  0x0000000000000540      0x248 /tmp/cc6Riety.o
 .debug_abbrev  0x0000000000000788      0x1c4 /opt/riscv32-unknown-elf-rv32im/lib/gcc/riscv32-unknown-elf/6.1.0/libgcc.a(_divdi3.o)
 .debug_abbrev  0x000000000000094c      0x1e1 /opt/riscv32-unknown-elf-rv32im/lib/gcc/riscv32-unknown-elf/6.1.0/libgcc.a(_moddi3.o)
 .debug_abbrev  0x0000000000000b2d       0xba /opt/riscv32-unknown-elf-rv32im/lib/gcc/riscv32-unknown-elf/6.1.0/libgcc.a(_clz.o)
 .debug_abbrev  0x0000000000000be7      0x1f4 /opt/riscv32-unknown-elf-rv32im/lib/gcc/riscv32-unknown-elf/6.1.0/../../../../riscv32-unknown-elf/lib/libc.a(lib_a-atexit.o)
 .debug_abbrev  0x0000000000000ddb      0x1e5 /opt/riscv32-unknown-elf-rv32im/lib/gcc/riscv32-unknown-elf/6.1.0/../../../../riscv32-unknown-elf/lib/libc.a(lib_a-exit.o)
 .debug_abbrev  0x0000000000000fc0       0xbb /opt/riscv32-unknown-elf-rv32im/lib/gcc/riscv32-unknown-elf/6.1.0/../../../../riscv32-unknown-elf/lib/libc.a(lib_a-fini.o)
 .debug_abbrev  0x000000000000107b      0x187 /opt/riscv32-unknown-elf-rv32im/lib/gcc/riscv32-unknown-elf/6.1.0/../../../../riscv32-unknown-elf/lib/libc.a(lib_a-impure.o)
 .debug_abbrev  0x0000000000001202       0xb8 /opt/riscv32-unknown-elf-rv32im/lib/gcc/riscv32-unknown-elf/6.1.0/../../../../riscv32-unknown-elf/lib/libc.a(lib_a-init.o)
 .debug_abbrev  0x00000000000012ba       0x14 /opt/riscv32-unknown-elf-rv32im/lib/gcc/riscv32-unknown-elf/6.1.0/../../../../riscv32-unknown-elf/lib/libc.a(lib_a-memset.o)
 .debug_abbrev  0x00000000000012ce      0x277 /opt/riscv32-unknown-elf-rv32im/lib/gcc/riscv32-unknown-elf/6.1.0/../../../../riscv32-unknown-elf/lib/libc.a(lib_a-puts.o)
 .debug_abbrev  0x0000000000001545      0x207 /opt/riscv32-unknown-elf-rv32im/lib/gcc/riscv32-unknown-elf/6.1.0/../../../../riscv32-unknown-elf/lib/libc.a(lib_a-strlen.o)
 .debug_abbrev  0x000000000000174c      0x205 /opt/riscv32-unknown-elf-rv32im/lib/gcc/riscv32-unknown-elf/6.1.0/../../../../riscv32-unknown-elf/lib/libc.a(lib_a-__atexit.o)
 .debug_abbrev  0x0000000000001951      0x21b /opt/riscv32-unknown-elf-rv32im/lib/gcc/riscv32-unknown-elf/6.1.0/../../../../riscv32-unknown-elf/lib/libc.a(lib_a-__call_atexit.o)
 .debug_abbrev  0x0000000000001b6c      0x3a5 /opt/riscv32-unknown-elf-rv32im/lib/gcc/riscv32-unknown-elf/6.1.0/../../../../riscv32-unknown-elf/lib/libc.a(lib_a-findfp.o)
 .debug_abbrev  0x0000000000001f11      0x25f /opt/riscv32-unknown-elf-rv32im/lib/gcc/riscv32-unknown-elf/6.1.0/../../../../riscv32-unknown-elf/lib/libc.a(lib_a-fvwrite.o)
 .debug_abbrev  0x0000000000002170      0x208 /opt/riscv32-unknown-elf-rv32im/lib/gcc/riscv32-unknown-elf/6.1.0/../../../../riscv32-unknown-elf/lib/libc.a(lib_a-fwalk.o)
 .debug_abbrev  0x0000000000002378      0x2c2 /opt/riscv32-unknown-elf-rv32im/lib/gcc/riscv32-unknown-elf/6.1.0/../../../../riscv32-unknown-elf/lib/libc.a(lib_a-mallocr.o)
 .debug_abbrev  0x000000000000263a      0x1df /opt/riscv32-unknown-elf-rv32im/lib/gcc/riscv32-unknown-elf/6.1.0/../../../../riscv32-unknown-elf/lib/libc.a(lib_a-memchr.o)
 .debug_abbrev  0x0000000000002819      0x218 /opt/riscv32-unknown-elf-rv32im/lib/gcc/riscv32-unknown-elf/6.1.0/../../../../riscv32-unknown-elf/lib/libc.a(lib_a-memcpy.o)
 .debug_abbrev  0x0000000000002a31      0x1d0 /opt/riscv32-unknown-elf-rv32im/lib/gcc/riscv32-unknown-elf/6.1.0/../../../../riscv32-unknown-elf/lib/libc.a(lib_a-memmove.o)
 .debug_abbrev  0x0000000000002c01      0x1c8 /opt/riscv32-unknown-elf-rv32im/lib/gcc/riscv32-unknown-elf/6.1.0/../../../../riscv32-unknown-elf/lib/libc.a(lib_a-mlock.o)
 .debug_abbrev  0x0000000000002dc9      0x24e /opt/riscv32-unknown-elf-rv32im/lib/gcc/riscv32-unknown-elf/6.1.0/../../../../riscv32-unknown-elf/lib/libc.a(lib_a-reallocr.o)
 .debug_abbrev  0x0000000000003017      0x20a /opt/riscv32-unknown-elf-rv32im/lib/gcc/riscv32-unknown-elf/6.1.0/../../../../riscv32-unknown-elf/lib/libc.a(lib_a-sbrkr.o)
 .debug_abbrev  0x0000000000003221      0x26b /opt/riscv32-unknown-elf-rv32im/lib/gcc/riscv32-unknown-elf/6.1.0/../../../../riscv32-unknown-elf/lib/libc.a(lib_a-stdio.o)
 .debug_abbrev  0x000000000000348c      0x1eb /opt/riscv32-unknown-elf-rv32im/lib/gcc/riscv32-unknown-elf/6.1.0/../../../../riscv32-unknown-elf/lib/libc.a(lib_a-writer.o)
 .debug_abbrev  0x0000000000003677      0x23e /opt/riscv32-unknown-elf-rv32im/lib/gcc/riscv32-unknown-elf/6.1.0/../../../../riscv32-unknown-elf/lib/libc.a(lib_a-wsetup.o)
 .debug_abbrev  0x00000000000038b5      0x1e6 /opt/riscv32-unknown-elf-rv32im/lib/gcc/riscv32-unknown-elf/6.1.0/../../../../riscv32-unknown-elf/lib/libc.a(lib_a-closer.o)
 .debug_abbrev  0x0000000000003a9b      0x2c3 /opt/riscv32-unknown-elf-rv32im/lib/gcc/riscv32-unknown-elf/6.1.0/../../../../riscv32-unknown-elf/lib/libc.a(lib_a-fclose.o)
 .debug_abbrev  0x0000000000003d5e      0x2c6 /opt/riscv32-unknown-elf-rv32im/lib/gcc/riscv32-unknown-elf/6.1.0/../../../../riscv32-unknown-elf/lib/libc.a(lib_a-fflush.o)
 .debug_abbrev  0x0000000000004024      0x278 /opt/riscv32-unknown-elf-rv32im/lib/gcc/riscv32-unknown-elf/6.1.0/../../../../riscv32-unknown-elf/lib/libc.a(lib_a-freer.o)
 .debug_abbrev  0x000000000000429c      0x1f5 /opt/riscv32-unknown-elf-rv32im/lib/gcc/riscv32-unknown-elf/6.1.0/../../../../riscv32-unknown-elf/lib/libc.a(lib_a-lseekr.o)
 .debug_abbrev  0x0000000000004491      0x2d7 /opt/riscv32-unknown-elf-rv32im/lib/gcc/riscv32-unknown-elf/6.1.0/../../../../riscv32-unknown-elf/lib/libc.a(lib_a-makebuf.o)
 .debug_abbrev  0x0000000000004768      0x1e6 /opt/riscv32-unknown-elf-rv32im/lib/gcc/riscv32-unknown-elf/6.1.0/../../../../riscv32-unknown-elf/lib/libc.a(lib_a-readr.o)
 .debug_abbrev  0x000000000000494e      0x26b /opt/riscv32-unknown-elf-rv32im/lib/gcc/riscv32-unknown-elf/6.1.0/../../../../riscv32-unknown-elf/lib/libc.a(lib_a-reent.o)
 .debug_abbrev  0x0000000000004bb9      0x1f5 /opt/riscv32-unknown-elf-rv32im/lib/gcc/riscv32-unknown-elf/6.1.0/../../../../riscv32-unknown-elf/lib/libc.a(lib_a-fstatr.o)
 .debug_abbrev  0x0000000000004dae      0x1e6 /opt/riscv32-unknown-elf-rv32im/lib/gcc/riscv32-unknown-elf/6.1.0/../../../../riscv32-unknown-elf/lib/libc.a(lib_a-isattyr.o)
 .debug_abbrev  0x0000000000004f94      0x1c1 /opt/riscv32-unknown-elf-rv32im/lib/gcc/riscv32-unknown-elf/6.1.0/../../../../riscv32-unknown-elf/lib/libnosys.a(close.o)
 .debug_abbrev  0x0000000000005155      0x1d2 /opt/riscv32-unknown-elf-rv32im/lib/gcc/riscv32-unknown-elf/6.1.0/../../../../riscv32-unknown-elf/lib/libnosys.a(fstat.o)
 .debug_abbrev  0x0000000000005327      0x1c1 /opt/riscv32-unknown-elf-rv32im/lib/gcc/riscv32-unknown-elf/6.1.0/../../../../riscv32-unknown-elf/lib/libnosys.a(isatty.o)
 .debug_abbrev  0x00000000000054e8      0x1d0 /opt/riscv32-unknown-elf-rv32im/lib/gcc/riscv32-unknown-elf/6.1.0/../../../../riscv32-unknown-elf/lib/libnosys.a(lseek.o)
 .debug_abbrev  0x00000000000056b8       0x90 /opt/riscv32-unknown-elf-rv32im/lib/gcc/riscv32-unknown-elf/6.1.0/../../../../riscv32-unknown-elf/lib/libnosys.a(sbrk.o)
 .debug_abbrev  0x0000000000005748       0x56 /opt/riscv32-unknown-elf-rv32im/lib/gcc/riscv32-unknown-elf/6.1.0/../../../../riscv32-unknown-elf/lib/libnosys.a(_exit.o)

.debug_line     0x0000000000000000     0x666f
 *(.debug_line .debug_line.* .debug_line_end)
 .debug_line    0x0000000000000000       0x8c /opt/riscv32-unknown-elf-rv32im/lib/gcc/riscv32-unknown-elf/6.1.0/../../../../riscv32-unknown-elf/lib/crt0.o
 .debug_line    0x000000000000008c       0x44 ./lib/startup.o
 .debug_line    0x00000000000000d0      0x208 ./lib/syscalls.o
 .debug_line    0x00000000000002d8      0x179 ./lib/riscv_counters.o
 .debug_line    0x0000000000000451      0x129 ./lib/ns16550.o
 .debug_line    0x000000000000057a      0x22d /tmp/cc6Riety.o
 .debug_line    0x00000000000007a7      0x204 /opt/riscv32-unknown-elf-rv32im/lib/gcc/riscv32-unknown-elf/6.1.0/libgcc.a(_divdi3.o)
 .debug_line    0x00000000000009ab      0x1f1 /opt/riscv32-unknown-elf-rv32im/lib/gcc/riscv32-unknown-elf/6.1.0/libgcc.a(_moddi3.o)
 .debug_line    0x0000000000000b9c      0x156 /opt/riscv32-unknown-elf-rv32im/lib/gcc/riscv32-unknown-elf/6.1.0/libgcc.a(_clz.o)
 .debug_line    0x0000000000000cf2      0x227 /opt/riscv32-unknown-elf-rv32im/lib/gcc/riscv32-unknown-elf/6.1.0/../../../../riscv32-unknown-elf/lib/libc.a(lib_a-atexit.o)
 .debug_line    0x0000000000000f19      0x239 /opt/riscv32-unknown-elf-rv32im/lib/gcc/riscv32-unknown-elf/6.1.0/../../../../riscv32-unknown-elf/lib/libc.a(lib_a-exit.o)
 .debug_line    0x0000000000001152       0xe5 /opt/riscv32-unknown-elf-rv32im/lib/gcc/riscv32-unknown-elf/6.1.0/../../../../riscv32-unknown-elf/lib/libc.a(lib_a-fini.o)
 .debug_line    0x0000000000001237      0x1b2 /opt/riscv32-unknown-elf-rv32im/lib/gcc/riscv32-unknown-elf/6.1.0/../../../../riscv32-unknown-elf/lib/libc.a(lib_a-impure.o)
 .debug_line    0x00000000000013e9      0x108 /opt/riscv32-unknown-elf-rv32im/lib/gcc/riscv32-unknown-elf/6.1.0/../../../../riscv32-unknown-elf/lib/libc.a(lib_a-init.o)
 .debug_line    0x00000000000014f1       0xc0 /opt/riscv32-unknown-elf-rv32im/lib/gcc/riscv32-unknown-elf/6.1.0/../../../../riscv32-unknown-elf/lib/libc.a(lib_a-memset.o)
 .debug_line    0x00000000000015b1      0x289 /opt/riscv32-unknown-elf-rv32im/lib/gcc/riscv32-unknown-elf/6.1.0/../../../../riscv32-unknown-elf/lib/libc.a(lib_a-puts.o)
 .debug_line    0x000000000000183a      0x32c /opt/riscv32-unknown-elf-rv32im/lib/gcc/riscv32-unknown-elf/6.1.0/../../../../riscv32-unknown-elf/lib/libc.a(lib_a-strlen.o)
 .debug_line    0x0000000000001b66      0x24e /opt/riscv32-unknown-elf-rv32im/lib/gcc/riscv32-unknown-elf/6.1.0/../../../../riscv32-unknown-elf/lib/libc.a(lib_a-__atexit.o)
 .debug_line    0x0000000000001db4      0x265 /opt/riscv32-unknown-elf-rv32im/lib/gcc/riscv32-unknown-elf/6.1.0/../../../../riscv32-unknown-elf/lib/libc.a(lib_a-__call_atexit.o)
 .debug_line    0x0000000000002019      0x35c /opt/riscv32-unknown-elf-rv32im/lib/gcc/riscv32-unknown-elf/6.1.0/../../../../riscv32-unknown-elf/lib/libc.a(lib_a-findfp.o)
 .debug_line    0x0000000000002375      0x3a4 /opt/riscv32-unknown-elf-rv32im/lib/gcc/riscv32-unknown-elf/6.1.0/../../../../riscv32-unknown-elf/lib/libc.a(lib_a-fvwrite.o)
 .debug_line    0x0000000000002719      0x2a7 /opt/riscv32-unknown-elf-rv32im/lib/gcc/riscv32-unknown-elf/6.1.0/../../../../riscv32-unknown-elf/lib/libc.a(lib_a-fwalk.o)
 .debug_line    0x00000000000029c0      0x455 /opt/riscv32-unknown-elf-rv32im/lib/gcc/riscv32-unknown-elf/6.1.0/../../../../riscv32-unknown-elf/lib/libc.a(lib_a-mallocr.o)
 .debug_line    0x0000000000002e15      0x24f /opt/riscv32-unknown-elf-rv32im/lib/gcc/riscv32-unknown-elf/6.1.0/../../../../riscv32-unknown-elf/lib/libc.a(lib_a-memchr.o)
 .debug_line    0x0000000000003064      0x2c3 /opt/riscv32-unknown-elf-rv32im/lib/gcc/riscv32-unknown-elf/6.1.0/../../../../riscv32-unknown-elf/lib/libc.a(lib_a-memcpy.o)
 .debug_line    0x0000000000003327      0x256 /opt/riscv32-unknown-elf-rv32im/lib/gcc/riscv32-unknown-elf/6.1.0/../../../../riscv32-unknown-elf/lib/libc.a(lib_a-memmove.o)
 .debug_line    0x000000000000357d      0x1c1 /opt/riscv32-unknown-elf-rv32im/lib/gcc/riscv32-unknown-elf/6.1.0/../../../../riscv32-unknown-elf/lib/libc.a(lib_a-mlock.o)
 .debug_line    0x000000000000373e      0x351 /opt/riscv32-unknown-elf-rv32im/lib/gcc/riscv32-unknown-elf/6.1.0/../../../../riscv32-unknown-elf/lib/libc.a(lib_a-reallocr.o)
 .debug_line    0x0000000000003a8f      0x233 /opt/riscv32-unknown-elf-rv32im/lib/gcc/riscv32-unknown-elf/6.1.0/../../../../riscv32-unknown-elf/lib/libc.a(lib_a-sbrkr.o)
 .debug_line    0x0000000000003cc2      0x2a1 /opt/riscv32-unknown-elf-rv32im/lib/gcc/riscv32-unknown-elf/6.1.0/../../../../riscv32-unknown-elf/lib/libc.a(lib_a-stdio.o)
 .debug_line    0x0000000000003f63      0x234 /opt/riscv32-unknown-elf-rv32im/lib/gcc/riscv32-unknown-elf/6.1.0/../../../../riscv32-unknown-elf/lib/libc.a(lib_a-writer.o)
 .debug_line    0x0000000000004197      0x2b1 /opt/riscv32-unknown-elf-rv32im/lib/gcc/riscv32-unknown-elf/6.1.0/../../../../riscv32-unknown-elf/lib/libc.a(lib_a-wsetup.o)
 .debug_line    0x0000000000004448      0x234 /opt/riscv32-unknown-elf-rv32im/lib/gcc/riscv32-unknown-elf/6.1.0/../../../../riscv32-unknown-elf/lib/libc.a(lib_a-closer.o)
 .debug_line    0x000000000000467c      0x275 /opt/riscv32-unknown-elf-rv32im/lib/gcc/riscv32-unknown-elf/6.1.0/../../../../riscv32-unknown-elf/lib/libc.a(lib_a-fclose.o)
 .debug_line    0x00000000000048f1      0x324 /opt/riscv32-unknown-elf-rv32im/lib/gcc/riscv32-unknown-elf/6.1.0/../../../../riscv32-unknown-elf/lib/libc.a(lib_a-fflush.o)
 .debug_line    0x0000000000004c15      0x35c /opt/riscv32-unknown-elf-rv32im/lib/gcc/riscv32-unknown-elf/6.1.0/../../../../riscv32-unknown-elf/lib/libc.a(lib_a-freer.o)
 .debug_line    0x0000000000004f71      0x234 /opt/riscv32-unknown-elf-rv32im/lib/gcc/riscv32-unknown-elf/6.1.0/../../../../riscv32-unknown-elf/lib/libc.a(lib_a-lseekr.o)
 .debug_line    0x00000000000051a5      0x2f1 /opt/riscv32-unknown-elf-rv32im/lib/gcc/riscv32-unknown-elf/6.1.0/../../../../riscv32-unknown-elf/lib/libc.a(lib_a-makebuf.o)
 .debug_line    0x0000000000005496      0x233 /opt/riscv32-unknown-elf-rv32im/lib/gcc/riscv32-unknown-elf/6.1.0/../../../../riscv32-unknown-elf/lib/libc.a(lib_a-readr.o)
 .debug_line    0x00000000000056c9      0x258 /opt/riscv32-unknown-elf-rv32im/lib/gcc/riscv32-unknown-elf/6.1.0/../../../../riscv32-unknown-elf/lib/libc.a(lib_a-reent.o)
 .debug_line    0x0000000000005921      0x262 /opt/riscv32-unknown-elf-rv32im/lib/gcc/riscv32-unknown-elf/6.1.0/../../../../riscv32-unknown-elf/lib/libc.a(lib_a-fstatr.o)
 .debug_line    0x0000000000005b83      0x235 /opt/riscv32-unknown-elf-rv32im/lib/gcc/riscv32-unknown-elf/6.1.0/../../../../riscv32-unknown-elf/lib/libc.a(lib_a-isattyr.o)
 .debug_line    0x0000000000005db8      0x1cd /opt/riscv32-unknown-elf-rv32im/lib/gcc/riscv32-unknown-elf/6.1.0/../../../../riscv32-unknown-elf/lib/libnosys.a(close.o)
 .debug_line    0x0000000000005f85      0x247 /opt/riscv32-unknown-elf-rv32im/lib/gcc/riscv32-unknown-elf/6.1.0/../../../../riscv32-unknown-elf/lib/libnosys.a(fstat.o)
 .debug_line    0x00000000000061cc      0x1ce /opt/riscv32-unknown-elf-rv32im/lib/gcc/riscv32-unknown-elf/6.1.0/../../../../riscv32-unknown-elf/lib/libnosys.a(isatty.o)
 .debug_line    0x000000000000639a      0x1cd /opt/riscv32-unknown-elf-rv32im/lib/gcc/riscv32-unknown-elf/6.1.0/../../../../riscv32-unknown-elf/lib/libnosys.a(lseek.o)
 .debug_line    0x0000000000006567       0x85 /opt/riscv32-unknown-elf-rv32im/lib/gcc/riscv32-unknown-elf/6.1.0/../../../../riscv32-unknown-elf/lib/libnosys.a(sbrk.o)
 .debug_line    0x00000000000065ec       0x83 /opt/riscv32-unknown-elf-rv32im/lib/gcc/riscv32-unknown-elf/6.1.0/../../../../riscv32-unknown-elf/lib/libnosys.a(_exit.o)

.debug_frame    0x0000000000000000     0x170c
 *(.debug_frame)
 .debug_frame   0x0000000000000000      0x108 ./lib/syscalls.o
 .debug_frame   0x0000000000000108       0xac ./lib/riscv_counters.o
 .debug_frame   0x00000000000001b4      0x114 ./lib/ns16550.o
 .debug_frame   0x00000000000002c8      0x284 /tmp/cc6Riety.o
 .debug_frame   0x000000000000054c       0x20 /opt/riscv32-unknown-elf-rv32im/lib/gcc/riscv32-unknown-elf/6.1.0/libgcc.a(_divdi3.o)
 .debug_frame   0x000000000000056c       0x20 /opt/riscv32-unknown-elf-rv32im/lib/gcc/riscv32-unknown-elf/6.1.0/libgcc.a(_moddi3.o)
 .debug_frame   0x000000000000058c       0x20 /opt/riscv32-unknown-elf-rv32im/lib/gcc/riscv32-unknown-elf/6.1.0/../../../../riscv32-unknown-elf/lib/libc.a(lib_a-atexit.o)
 .debug_frame   0x00000000000005ac       0x30 /opt/riscv32-unknown-elf-rv32im/lib/gcc/riscv32-unknown-elf/6.1.0/../../../../riscv32-unknown-elf/lib/libc.a(lib_a-exit.o)
 .debug_frame   0x00000000000005dc       0x50 /opt/riscv32-unknown-elf-rv32im/lib/gcc/riscv32-unknown-elf/6.1.0/../../../../riscv32-unknown-elf/lib/libc.a(lib_a-fini.o)
 .debug_frame   0x000000000000062c       0x58 /opt/riscv32-unknown-elf-rv32im/lib/gcc/riscv32-unknown-elf/6.1.0/../../../../riscv32-unknown-elf/lib/libc.a(lib_a-init.o)
 .debug_frame   0x0000000000000684       0x68 /opt/riscv32-unknown-elf-rv32im/lib/gcc/riscv32-unknown-elf/6.1.0/../../../../riscv32-unknown-elf/lib/libc.a(lib_a-puts.o)
 .debug_frame   0x00000000000006ec       0x20 /opt/riscv32-unknown-elf-rv32im/lib/gcc/riscv32-unknown-elf/6.1.0/../../../../riscv32-unknown-elf/lib/libc.a(lib_a-strlen.o)
 .debug_frame   0x000000000000070c       0x20 /opt/riscv32-unknown-elf-rv32im/lib/gcc/riscv32-unknown-elf/6.1.0/../../../../riscv32-unknown-elf/lib/libc.a(lib_a-__atexit.o)
 .debug_frame   0x000000000000072c       0x94 /opt/riscv32-unknown-elf-rv32im/lib/gcc/riscv32-unknown-elf/6.1.0/../../../../riscv32-unknown-elf/lib/libc.a(lib_a-__call_atexit.o)
 .debug_frame   0x00000000000007c0      0x1d8 /opt/riscv32-unknown-elf-rv32im/lib/gcc/riscv32-unknown-elf/6.1.0/../../../../riscv32-unknown-elf/lib/libc.a(lib_a-findfp.o)
 .debug_frame   0x0000000000000998       0xd8 /opt/riscv32-unknown-elf-rv32im/lib/gcc/riscv32-unknown-elf/6.1.0/../../../../riscv32-unknown-elf/lib/libc.a(lib_a-fvwrite.o)
 .debug_frame   0x0000000000000a70       0xf0 /opt/riscv32-unknown-elf-rv32im/lib/gcc/riscv32-unknown-elf/6.1.0/../../../../riscv32-unknown-elf/lib/libc.a(lib_a-fwalk.o)
 .debug_frame   0x0000000000000b60       0x94 /opt/riscv32-unknown-elf-rv32im/lib/gcc/riscv32-unknown-elf/6.1.0/../../../../riscv32-unknown-elf/lib/libc.a(lib_a-mallocr.o)
 .debug_frame   0x0000000000000bf4       0x20 /opt/riscv32-unknown-elf-rv32im/lib/gcc/riscv32-unknown-elf/6.1.0/../../../../riscv32-unknown-elf/lib/libc.a(lib_a-memchr.o)
 .debug_frame   0x0000000000000c14       0x20 /opt/riscv32-unknown-elf-rv32im/lib/gcc/riscv32-unknown-elf/6.1.0/../../../../riscv32-unknown-elf/lib/libc.a(lib_a-memcpy.o)
 .debug_frame   0x0000000000000c34       0x20 /opt/riscv32-unknown-elf-rv32im/lib/gcc/riscv32-unknown-elf/6.1.0/../../../../riscv32-unknown-elf/lib/libc.a(lib_a-memmove.o)
 .debug_frame   0x0000000000000c54       0x30 /opt/riscv32-unknown-elf-rv32im/lib/gcc/riscv32-unknown-elf/6.1.0/../../../../riscv32-unknown-elf/lib/libc.a(lib_a-mlock.o)
 .debug_frame   0x0000000000000c84       0xbc /opt/riscv32-unknown-elf-rv32im/lib/gcc/riscv32-unknown-elf/6.1.0/../../../../riscv32-unknown-elf/lib/libc.a(lib_a-reallocr.o)
 .debug_frame   0x0000000000000d40       0x70 /opt/riscv32-unknown-elf-rv32im/lib/gcc/riscv32-unknown-elf/6.1.0/../../../../riscv32-unknown-elf/lib/libc.a(lib_a-sbrkr.o)
 .debug_frame   0x0000000000000db0      0x124 /opt/riscv32-unknown-elf-rv32im/lib/gcc/riscv32-unknown-elf/6.1.0/../../../../riscv32-unknown-elf/lib/libc.a(lib_a-stdio.o)
 .debug_frame   0x0000000000000ed4       0x70 /opt/riscv32-unknown-elf-rv32im/lib/gcc/riscv32-unknown-elf/6.1.0/../../../../riscv32-unknown-elf/lib/libc.a(lib_a-writer.o)
 .debug_frame   0x0000000000000f44       0x54 /opt/riscv32-unknown-elf-rv32im/lib/gcc/riscv32-unknown-elf/6.1.0/../../../../riscv32-unknown-elf/lib/libc.a(lib_a-wsetup.o)
 .debug_frame   0x0000000000000f98       0x70 /opt/riscv32-unknown-elf-rv32im/lib/gcc/riscv32-unknown-elf/6.1.0/../../../../riscv32-unknown-elf/lib/libc.a(lib_a-closer.o)
 .debug_frame   0x0000000000001008       0x90 /opt/riscv32-unknown-elf-rv32im/lib/gcc/riscv32-unknown-elf/6.1.0/../../../../riscv32-unknown-elf/lib/libc.a(lib_a-fclose.o)
 .debug_frame   0x0000000000001098       0xf4 /opt/riscv32-unknown-elf-rv32im/lib/gcc/riscv32-unknown-elf/6.1.0/../../../../riscv32-unknown-elf/lib/libc.a(lib_a-fflush.o)
 .debug_frame   0x000000000000118c      0x114 /opt/riscv32-unknown-elf-rv32im/lib/gcc/riscv32-unknown-elf/6.1.0/../../../../riscv32-unknown-elf/lib/libc.a(lib_a-freer.o)
 .debug_frame   0x00000000000012a0       0x70 /opt/riscv32-unknown-elf-rv32im/lib/gcc/riscv32-unknown-elf/6.1.0/../../../../riscv32-unknown-elf/lib/libc.a(lib_a-lseekr.o)
 .debug_frame   0x0000000000001310      0x118 /opt/riscv32-unknown-elf-rv32im/lib/gcc/riscv32-unknown-elf/6.1.0/../../../../riscv32-unknown-elf/lib/libc.a(lib_a-makebuf.o)
 .debug_frame   0x0000000000001428       0x70 /opt/riscv32-unknown-elf-rv32im/lib/gcc/riscv32-unknown-elf/6.1.0/../../../../riscv32-unknown-elf/lib/libc.a(lib_a-readr.o)
 .debug_frame   0x0000000000001498       0xd4 /opt/riscv32-unknown-elf-rv32im/lib/gcc/riscv32-unknown-elf/6.1.0/../../../../riscv32-unknown-elf/lib/libc.a(lib_a-reent.o)
 .debug_frame   0x000000000000156c       0x70 /opt/riscv32-unknown-elf-rv32im/lib/gcc/riscv32-unknown-elf/6.1.0/../../../../riscv32-unknown-elf/lib/libc.a(lib_a-fstatr.o)
 .debug_frame   0x00000000000015dc       0x70 /opt/riscv32-unknown-elf-rv32im/lib/gcc/riscv32-unknown-elf/6.1.0/../../../../riscv32-unknown-elf/lib/libc.a(lib_a-isattyr.o)
 .debug_frame   0x000000000000164c       0x20 /opt/riscv32-unknown-elf-rv32im/lib/gcc/riscv32-unknown-elf/6.1.0/../../../../riscv32-unknown-elf/lib/libnosys.a(close.o)
 .debug_frame   0x000000000000166c       0x20 /opt/riscv32-unknown-elf-rv32im/lib/gcc/riscv32-unknown-elf/6.1.0/../../../../riscv32-unknown-elf/lib/libnosys.a(fstat.o)
 .debug_frame   0x000000000000168c       0x20 /opt/riscv32-unknown-elf-rv32im/lib/gcc/riscv32-unknown-elf/6.1.0/../../../../riscv32-unknown-elf/lib/libnosys.a(isatty.o)
 .debug_frame   0x00000000000016ac       0x20 /opt/riscv32-unknown-elf-rv32im/lib/gcc/riscv32-unknown-elf/6.1.0/../../../../riscv32-unknown-elf/lib/libnosys.a(lseek.o)
 .debug_frame   0x00000000000016cc       0x20 /opt/riscv32-unknown-elf-rv32im/lib/gcc/riscv32-unknown-elf/6.1.0/../../../../riscv32-unknown-elf/lib/libnosys.a(sbrk.o)
 .debug_frame   0x00000000000016ec       0x20 /opt/riscv32-unknown-elf-rv32im/lib/gcc/riscv32-unknown-elf/6.1.0/../../../../riscv32-unknown-elf/lib/libnosys.a(_exit.o)

.debug_str      0x0000000000000000     0x223c
 *(.debug_str)
 .debug_str     0x0000000000000000      0x4ed ./lib/syscalls.o
                                        0x5b2 (size before relaxing)
 .debug_str     0x00000000000004ed       0x42 ./lib/riscv_counters.o
                                        0x547 (size before relaxing)
 .debug_str     0x000000000000052f      0x24b ./lib/ns16550.o
                                        0x359 (size before relaxing)
 .debug_str     0x000000000000077a      0x115 /tmp/cc6Riety.o
                                        0x637 (size before relaxing)
 .debug_str     0x000000000000088f      0x2f2 /opt/riscv32-unknown-elf-rv32im/lib/gcc/riscv32-unknown-elf/6.1.0/libgcc.a(_divdi3.o)
                                        0x390 (size before relaxing)
 .debug_str     0x0000000000000b81        0x9 /opt/riscv32-unknown-elf-rv32im/lib/gcc/riscv32-unknown-elf/6.1.0/libgcc.a(_moddi3.o)
                                        0x390 (size before relaxing)
 .debug_str     0x0000000000000b8a       0x78 /opt/riscv32-unknown-elf-rv32im/lib/gcc/riscv32-unknown-elf/6.1.0/libgcc.a(_clz.o)
                                        0x2d8 (size before relaxing)
 .debug_str     0x0000000000000c02       0xe0 /opt/riscv32-unknown-elf-rv32im/lib/gcc/riscv32-unknown-elf/6.1.0/../../../../riscv32-unknown-elf/lib/libc.a(lib_a-atexit.o)
                                        0x563 (size before relaxing)
 .debug_str     0x0000000000000ce2       0x96 /opt/riscv32-unknown-elf-rv32im/lib/gcc/riscv32-unknown-elf/6.1.0/../../../../riscv32-unknown-elf/lib/libc.a(lib_a-exit.o)
                                        0x564 (size before relaxing)
 .debug_str     0x0000000000000d78       0x8e /opt/riscv32-unknown-elf-rv32im/lib/gcc/riscv32-unknown-elf/6.1.0/../../../../riscv32-unknown-elf/lib/libc.a(lib_a-fini.o)
                                        0x175 (size before relaxing)
 .debug_str     0x0000000000000e06       0x61 /opt/riscv32-unknown-elf-rv32im/lib/gcc/riscv32-unknown-elf/6.1.0/../../../../riscv32-unknown-elf/lib/libc.a(lib_a-impure.o)
                                        0x519 (size before relaxing)
 .debug_str     0x0000000000000e67       0xb2 /opt/riscv32-unknown-elf-rv32im/lib/gcc/riscv32-unknown-elf/6.1.0/../../../../riscv32-unknown-elf/lib/libc.a(lib_a-init.o)
                                        0x19f (size before relaxing)
 .debug_str     0x0000000000000f19      0x1c2 /opt/riscv32-unknown-elf-rv32im/lib/gcc/riscv32-unknown-elf/6.1.0/../../../../riscv32-unknown-elf/lib/libc.a(lib_a-puts.o)
                                        0x6ce (size before relaxing)
 .debug_str     0x00000000000010db       0x81 /opt/riscv32-unknown-elf-rv32im/lib/gcc/riscv32-unknown-elf/6.1.0/../../../../riscv32-unknown-elf/lib/libc.a(lib_a-strlen.o)
                                        0x557 (size before relaxing)
 .debug_str     0x000000000000115c       0x66 /opt/riscv32-unknown-elf-rv32im/lib/gcc/riscv32-unknown-elf/6.1.0/../../../../riscv32-unknown-elf/lib/libc.a(lib_a-__atexit.o)
                                        0x576 (size before relaxing)
 .debug_str     0x00000000000011c2       0x6b /opt/riscv32-unknown-elf-rv32im/lib/gcc/riscv32-unknown-elf/6.1.0/../../../../riscv32-unknown-elf/lib/libc.a(lib_a-__call_atexit.o)
                                        0x556 (size before relaxing)
 .debug_str     0x000000000000122d      0x156 /opt/riscv32-unknown-elf-rv32im/lib/gcc/riscv32-unknown-elf/6.1.0/../../../../riscv32-unknown-elf/lib/libc.a(lib_a-findfp.o)
                                        0x7a7 (size before relaxing)
 .debug_str     0x0000000000001383       0xb3 /opt/riscv32-unknown-elf-rv32im/lib/gcc/riscv32-unknown-elf/6.1.0/../../../../riscv32-unknown-elf/lib/libc.a(lib_a-fvwrite.o)
                                        0x71c (size before relaxing)
 .debug_str     0x0000000000001436       0x63 /opt/riscv32-unknown-elf-rv32im/lib/gcc/riscv32-unknown-elf/6.1.0/../../../../riscv32-unknown-elf/lib/libc.a(lib_a-fwalk.o)
                                        0x68f (size before relaxing)
 .debug_str     0x0000000000001499      0x245 /opt/riscv32-unknown-elf-rv32im/lib/gcc/riscv32-unknown-elf/6.1.0/../../../../riscv32-unknown-elf/lib/libc.a(lib_a-mallocr.o)
                                        0x780 (size before relaxing)
 .debug_str     0x00000000000016de       0x6b /opt/riscv32-unknown-elf-rv32im/lib/gcc/riscv32-unknown-elf/6.1.0/../../../../riscv32-unknown-elf/lib/libc.a(lib_a-memchr.o)
                                        0x536 (size before relaxing)
 .debug_str     0x0000000000001749       0x68 /opt/riscv32-unknown-elf-rv32im/lib/gcc/riscv32-unknown-elf/6.1.0/../../../../riscv32-unknown-elf/lib/libc.a(lib_a-memcpy.o)
                                        0x544 (size before relaxing)
 .debug_str     0x00000000000017b1       0x78 /opt/riscv32-unknown-elf-rv32im/lib/gcc/riscv32-unknown-elf/6.1.0/../../../../riscv32-unknown-elf/lib/libc.a(lib_a-memmove.o)
                                        0x54f (size before relaxing)
 .debug_str     0x0000000000001829       0x6a /opt/riscv32-unknown-elf-rv32im/lib/gcc/riscv32-unknown-elf/6.1.0/../../../../riscv32-unknown-elf/lib/libc.a(lib_a-mlock.o)
                                        0x540 (size before relaxing)
 .debug_str     0x0000000000001893       0x4e /opt/riscv32-unknown-elf-rv32im/lib/gcc/riscv32-unknown-elf/6.1.0/../../../../riscv32-unknown-elf/lib/libc.a(lib_a-reallocr.o)
                                        0x737 (size before relaxing)
 .debug_str     0x00000000000018e1       0x68 /opt/riscv32-unknown-elf-rv32im/lib/gcc/riscv32-unknown-elf/6.1.0/../../../../riscv32-unknown-elf/lib/libc.a(lib_a-sbrkr.o)
                                        0x55b (size before relaxing)
 .debug_str     0x0000000000001949       0xab /opt/riscv32-unknown-elf-rv32im/lib/gcc/riscv32-unknown-elf/6.1.0/../../../../riscv32-unknown-elf/lib/libc.a(lib_a-stdio.o)
                                        0x6da (size before relaxing)
 .debug_str     0x00000000000019f4       0x55 /opt/riscv32-unknown-elf-rv32im/lib/gcc/riscv32-unknown-elf/6.1.0/../../../../riscv32-unknown-elf/lib/libc.a(lib_a-writer.o)
                                        0x556 (size before relaxing)
 .debug_str     0x0000000000001a49       0x62 /opt/riscv32-unknown-elf-rv32im/lib/gcc/riscv32-unknown-elf/6.1.0/../../../../riscv32-unknown-elf/lib/libc.a(lib_a-wsetup.o)
                                        0x69d (size before relaxing)
 .debug_str     0x0000000000001aab       0x55 /opt/riscv32-unknown-elf-rv32im/lib/gcc/riscv32-unknown-elf/6.1.0/../../../../riscv32-unknown-elf/lib/libc.a(lib_a-closer.o)
                                        0x54f (size before relaxing)
 .debug_str     0x0000000000001b00       0x76 /opt/riscv32-unknown-elf-rv32im/lib/gcc/riscv32-unknown-elf/6.1.0/../../../../riscv32-unknown-elf/lib/libc.a(lib_a-fclose.o)
                                        0x6b4 (size before relaxing)
 .debug_str     0x0000000000001b76       0x6d /opt/riscv32-unknown-elf-rv32im/lib/gcc/riscv32-unknown-elf/6.1.0/../../../../riscv32-unknown-elf/lib/libc.a(lib_a-fflush.o)
                                        0x6cb (size before relaxing)
 .debug_str     0x0000000000001be3       0x34 /opt/riscv32-unknown-elf-rv32im/lib/gcc/riscv32-unknown-elf/6.1.0/../../../../riscv32-unknown-elf/lib/libc.a(lib_a-freer.o)
                                        0x6f9 (size before relaxing)
 .debug_str     0x0000000000001c17       0x55 /opt/riscv32-unknown-elf-rv32im/lib/gcc/riscv32-unknown-elf/6.1.0/../../../../riscv32-unknown-elf/lib/libc.a(lib_a-lseekr.o)
                                        0x556 (size before relaxing)
 .debug_str     0x0000000000001c6c      0x197 /opt/riscv32-unknown-elf-rv32im/lib/gcc/riscv32-unknown-elf/6.1.0/../../../../riscv32-unknown-elf/lib/libc.a(lib_a-makebuf.o)
                                        0x80d (size before relaxing)
 .debug_str     0x0000000000001e03       0x54 /opt/riscv32-unknown-elf-rv32im/lib/gcc/riscv32-unknown-elf/6.1.0/../../../../riscv32-unknown-elf/lib/libc.a(lib_a-readr.o)
                                        0x553 (size before relaxing)
 .debug_str     0x0000000000001e57       0x80 /opt/riscv32-unknown-elf-rv32im/lib/gcc/riscv32-unknown-elf/6.1.0/../../../../riscv32-unknown-elf/lib/libc.a(lib_a-reent.o)
                                        0x555 (size before relaxing)
 .debug_str     0x0000000000001ed7       0x5b /opt/riscv32-unknown-elf-rv32im/lib/gcc/riscv32-unknown-elf/6.1.0/../../../../riscv32-unknown-elf/lib/libc.a(lib_a-fstatr.o)
                                        0x6b3 (size before relaxing)
 .debug_str     0x0000000000001f32       0x56 /opt/riscv32-unknown-elf-rv32im/lib/gcc/riscv32-unknown-elf/6.1.0/../../../../riscv32-unknown-elf/lib/libc.a(lib_a-isattyr.o)
                                        0x552 (size before relaxing)
 .debug_str     0x0000000000001f88       0xb0 /opt/riscv32-unknown-elf-rv32im/lib/gcc/riscv32-unknown-elf/6.1.0/../../../../riscv32-unknown-elf/lib/libnosys.a(close.o)
                                        0x546 (size before relaxing)